Component: Arm Compiler for Embedded 6.19 Tool: armlink [5e73cb00]

==============================================================================

Section Cross References

    startup_stm32f103xb.o(RESET) refers to startup_stm32f103xb.o(STACK) for __initial_sp
    startup_stm32f103xb.o(RESET) refers to startup_stm32f103xb.o(.text) for Reset_Handler
    startup_stm32f103xb.o(RESET) refers to stm32f1xx_it.o(.text.NMI_Handler) for NMI_Handler
    startup_stm32f103xb.o(RESET) refers to stm32f1xx_it.o(.text.HardFault_Handler) for HardFault_Handler
    startup_stm32f103xb.o(RESET) refers to stm32f1xx_it.o(.text.MemManage_Handler) for MemManage_Handler
    startup_stm32f103xb.o(RESET) refers to stm32f1xx_it.o(.text.BusFault_Handler) for BusFault_Handler
    startup_stm32f103xb.o(RESET) refers to stm32f1xx_it.o(.text.UsageFault_Handler) for UsageFault_Handler
    startup_stm32f103xb.o(RESET) refers to stm32f1xx_it.o(.text.SVC_Handler) for SVC_Handler
    startup_stm32f103xb.o(RESET) refers to stm32f1xx_it.o(.text.DebugMon_Handler) for DebugMon_Handler
    startup_stm32f103xb.o(RESET) refers to stm32f1xx_it.o(.text.PendSV_Handler) for PendSV_Handler
    startup_stm32f103xb.o(RESET) refers to stm32f1xx_it.o(.text.SysTick_Handler) for SysTick_Handler
    startup_stm32f103xb.o(RESET) refers to stm32f1xx_it.o(.text.EXTI0_IRQHandler) for EXTI0_IRQHandler
    startup_stm32f103xb.o(RESET) refers to stm32f1xx_it.o(.text.TIM2_IRQHandler) for TIM2_IRQHandler
    startup_stm32f103xb.o(RESET) refers to stm32f1xx_it.o(.text.TIM3_IRQHandler) for TIM3_IRQHandler
    startup_stm32f103xb.o(RESET) refers to stm32f1xx_it.o(.text.TIM4_IRQHandler) for TIM4_IRQHandler
    startup_stm32f103xb.o(RESET) refers to stm32f1xx_it.o(.text.USART1_IRQHandler) for USART1_IRQHandler
    startup_stm32f103xb.o(.text) refers to system_stm32f1xx.o(.text.SystemInit) for SystemInit
    startup_stm32f103xb.o(.text) refers to entry.o(.ARM.Collect$$$$00000000) for __main
    main.o(.text.main) refers to stm32f1xx_hal.o(.text.HAL_Init) for HAL_Init
    main.o(.text.main) refers to main.o(.text.SystemClock_Config) for SystemClock_Config
    main.o(.text.main) refers to gpio.o(.text.MX_GPIO_Init) for MX_GPIO_Init
    main.o(.text.main) refers to i2c.o(.text.MX_I2C1_Init) for MX_I2C1_Init
    main.o(.text.main) refers to tim.o(.text.MX_TIM1_Init) for MX_TIM1_Init
    main.o(.text.main) refers to tim.o(.text.MX_TIM3_Init) for MX_TIM3_Init
    main.o(.text.main) refers to usart.o(.text.MX_USART1_UART_Init) for MX_USART1_UART_Init
    main.o(.text.main) refers to tim.o(.text.MX_TIM4_Init) for MX_TIM4_Init
    main.o(.text.main) refers to tim.o(.text.MX_TIM2_Init) for MX_TIM2_Init
    main.o(.text.main) refers to usart.o(.text.MX_USART2_UART_Init) for MX_USART2_UART_Init
    main.o(.text.main) refers to bsp_oled.o(.text.OLED_Init) for OLED_Init
    main.o(.text.main) refers to stm32f1xx_hal_gpio.o(.text.HAL_GPIO_WritePin) for HAL_GPIO_WritePin
    main.o(.text.main) refers to mpu6050.o(.text.MPU_Init) for MPU_Init
    main.o(.text.main) refers to usart.o(.bss.huart2) for huart2
    main.o(.text.main) refers to main.o(.rodata.str1.1) for .L.str
    main.o(.text.main) refers to pid.o(.text.print) for print
    main.o(.text.main) refers to inv_mpu.o(.text.mpu_dmp_init) for mpu_dmp_init
    main.o(.text.main) refers to main.o(.bss.OLED_Disp_Str) for OLED_Disp_Str
    main.o(.text.main) refers to printfa.o(i.__0sprintf) for sprintf
    main.o(.text.main) refers to bsp_oled.o(.text.OLED_ShowStr) for OLED_ShowStr
    main.o(.text.main) refers to pid.o(.text.PID_Init) for PID_Init
    main.o(.text.main) refers to bsp_motor.o(.text.Motor_Init) for Motor_Init
    main.o(.text.main) refers to main.o(.text.OLED_Proc) for OLED_Proc
    main.o(.text.main) refers to pid.o(.text.Key_Proc) for Key_Proc
    main.o(.ARM.exidx.text.main) refers to main.o(.text.main) for [Anonymous Symbol]
    main.o(.text.SystemClock_Config) refers to memseta.o(.text) for __aeabi_memclr4
    main.o(.text.SystemClock_Config) refers to stm32f1xx_hal_rcc.o(.text.HAL_RCC_OscConfig) for HAL_RCC_OscConfig
    main.o(.text.SystemClock_Config) refers to main.o(.text.Error_Handler) for Error_Handler
    main.o(.text.SystemClock_Config) refers to stm32f1xx_hal_rcc.o(.text.HAL_RCC_ClockConfig) for HAL_RCC_ClockConfig
    main.o(.ARM.exidx.text.SystemClock_Config) refers to main.o(.text.SystemClock_Config) for [Anonymous Symbol]
    main.o(.text.OLED_Proc) refers to stm32f1xx_hal.o(.bss.uwTick) for uwTick
    main.o(.text.OLED_Proc) refers to main.o(.bss.OLED_Proc.uwTick_OLED_Speed) for OLED_Proc.uwTick_OLED_Speed
    main.o(.text.OLED_Proc) refers to mpu6050.o(.bss.pitch) for pitch
    main.o(.text.OLED_Proc) refers to f2d.o(.text) for __aeabi_f2d
    main.o(.text.OLED_Proc) refers to main.o(.bss.OLED_Disp_Str) for OLED_Disp_Str
    main.o(.text.OLED_Proc) refers to main.o(.rodata.str1.1) for .L.str.3
    main.o(.text.OLED_Proc) refers to printfa.o(i.__0sprintf) for sprintf
[...]
    i.asin                                   0x0800a154   Section        0  asin.o(i.asin)
    i.atan                                   0x0800a3c4   Section        0  atan.o(i.atan)
    i.atan2                                  0x0800a5e4   Section        0  atan2.o(i.atan2)
    i.fputc                                  0x0800a780   Section        0  fputc.o(i.fputc)
    i.sqrt                                   0x0800a792   Section        0  sqrt.o(i.sqrt)
    pS                                       0x0800a7e0   Data          48  asin.o(.constdata)
    .constdata                               0x0800a7e0   Section       80  asin.o(.constdata)
    qS                                       0x0800a810   Data          32  asin.o(.constdata)
    atanhi                                   0x0800a830   Data          32  atan.o(.constdata)
    .constdata                               0x0800a830   Section      152  atan.o(.constdata)
    atanlo                                   0x0800a850   Data          32  atan.o(.constdata)
    aTodd                                    0x0800a870   Data          40  atan.o(.constdata)
    aTeven                                   0x0800a898   Data          48  atan.o(.constdata)
    .constdata                               0x0800a8c8   Section        8  qnan.o(.constdata)
    dmp_memory                               0x0800b100   Data        3062  inv_mpu_dmp_motion_driver.o(.rodata.dmp_memory)
    [Anonymous Symbol]                       0x0800b100   Section        0  inv_mpu_dmp_motion_driver.o(.rodata.dmp_memory)
    .L.str                                   0x0800bd1d   Data           5  main.o(.rodata.str1.1)
    [Anonymous Symbol]                       0x0800bd1d   Section        0  main.o(.rodata.str1.1)
    .L.str.7                                 0x0800bd22   Data          21  main.o(.rodata.str1.1)
    .L.str.6                                 0x0800bd37   Data          21  main.o(.rodata.str1.1)
    .L.str.2                                 0x0800bd4c   Data          15  main.o(.rodata.str1.1)
    .L.str.5                                 0x0800bd5b   Data          10  main.o(.rodata.str1.1)
    .L.str.3                                 0x0800bd65   Data          19  main.o(.rodata.str1.1)
    .L.str.4                                 0x0800bd78   Data          23  main.o(.rodata.str1.1)
    .L.str.1                                 0x0800bd8f   Data          17  main.o(.rodata.str1.1)
    .L.str                                   0x0800bda0   Data          13  inv_mpu.o(.rodata.str1.1)
    .L.str.2                                 0x0800bda0   Data          77  inv_mpu.o(.rodata.str1.1)
    .L.str.8                                 0x0800bda0   Data          10  main.o(.rodata.str1.1)
    [Anonymous Symbol]                       0x0800bda0   Section        0  inv_mpu.o(.rodata.str1.1)
    .L.str.1                                 0x0800bded   Data          38  inv_mpu.o(.rodata.str1.1)
    .L.str.3                                 0x0800be13   Data          30  inv_mpu.o(.rodata.str1.1)
    .data                                    0x20000000   Section        4  stdout.o(.data)
    _errno                                   0x20000004   Data           4  errno.o(.data)
    .data                                    0x20000004   Section        4  errno.o(.data)
    gyro_orientation                         0x20000010   Data           9  inv_mpu.o(.data.gyro_orientation)
    [Anonymous Symbol]                       0x20000010   Section        0  inv_mpu.o(.data.gyro_orientation)
    st                                       0x2000001c   Data          44  inv_mpu.o(.data.st)
    [Anonymous Symbol]                       0x2000001c   Section        0  inv_mpu.o(.data.st)
    Key_Proc.ucKey_Old                       0x20000050   Data           1  pid.o(.bss.Key_Proc.ucKey_Old)
    [Anonymous Symbol]                       0x20000050   Section        0  pid.o(.bss.Key_Proc.ucKey_Old)
    Key_Proc.uwTick_KEY_Speed                0x20000054   Data           4  pid.o(.bss.Key_Proc.uwTick_KEY_Speed)
    [Anonymous Symbol]                       0x20000054   Section        0  pid.o(.bss.Key_Proc.uwTick_KEY_Speed)
    Key_Scan.ucKey_value                     0x20000058   Data           1  pid.o(.bss.Key_Scan.ucKey_value)
    [Anonymous Symbol]                       0x20000058   Section        0  pid.o(.bss.Key_Scan.ucKey_value)
    OLED_Proc.uwTick_OLED_Speed              0x20000070   Data           4  main.o(.bss.OLED_Proc.uwTick_OLED_Speed)
    [Anonymous Symbol]                       0x20000070   Section        0  main.o(.bss.OLED_Proc.uwTick_OLED_Speed)
    Velocity.ENco_Err_LowOut                 0x2000008c   Data           4  pid.o(.bss.Velocity.ENco_Err_LowOut)
    [Anonymous Symbol]                       0x2000008c   Section        0  pid.o(.bss.Velocity.ENco_Err_LowOut)
    Velocity.ENco_Err_LowOut_Last            0x20000090   Data           4  pid.o(.bss.Velocity.ENco_Err_LowOut_Last)
    [Anonymous Symbol]                       0x20000090   Section        0  pid.o(.bss.Velocity.ENco_Err_LowOut_Last)
    Velocity.Error                           0x20000094   Data           4  pid.o(.bss.Velocity.Error)
    [Anonymous Symbol]                       0x20000094   Section        0  pid.o(.bss.Velocity.Error)
    Velocity.Integral                        0x20000098   Data           4  pid.o(.bss.Velocity.Integral)
    [Anonymous Symbol]                       0x20000098   Section        0  pid.o(.bss.Velocity.Integral)
    Velocity.PWM_out                         0x2000009c   Data           4  pid.o(.bss.Velocity.PWM_out)
    [Anonymous Symbol]                       0x2000009c   Section        0  pid.o(.bss.Velocity.PWM_out)
    dmp                                      0x200000b8   Data          16  inv_mpu_dmp_motion_driver.o(.bss.dmp)
    [Anonymous Symbol]                       0x200000b8   Section        0  inv_mpu_dmp_motion_driver.o(.bss.dmp)
    STACK                                    0x20000318   Section     1024  startup_stm32f103xb.o(STACK)

    Global Symbols

    Symbol Name                              Value     Ov Type        Size  Object(Section)

    BuildAttributes$$THM_ISAv4$P$D$K$B$S$PE$A:L22UL41UL21$X:L11$S22US41US21$IEEE1$IW$~IW$USESV6$~STKCKD$USESV7$~SHL$OTIME$ROPI$IEEEX$EBA8$MICROLIB$REQ8$PRES8$EABIv2 0x00000000   Number         0  anon$$obj.o ABSOLUTE
    __cpp_initialize__aeabi_                  - Undefined Weak Reference
    __cxa_finalize                            - Undefined Weak Reference
    __decompress                              - Undefined Weak Reference
    _clock_init                               - Undefined Weak Reference
    _microlib_exit                            - Undefined Weak Reference
    __Vectors_Size                           0x000000ec   Number         0  startup_stm32f103xb.o ABSOLUTE
    __Vectors                                0x08000000   Data           4  startup_stm32f103xb.o(RESET)
    __Vectors_End                            0x080000ec   Data           0  startup_stm32f103xb.o(RESET)
    __main                                   0x080000ed   Thumb Code     0  entry.o(.ARM.Collect$$$$00000000)
    _main_stk                                0x080000ed   Thumb Code     0  entry2.o(.ARM.Collect$$$$00000001)
    _main_scatterload                        0x080000f1   Thumb Code     0  entry5.o(.ARM.Collect$$$$00000004)
    __main_after_scatterload                 0x080000f5   Thumb Code     0  entry5.o(.ARM.Collect$$$$00000004)
    _main_clock                              0x080000f5   Thumb Code     0  entry7b.o(.ARM.Collect$$$$00000008)
    _main_cpp_init                           0x080000f5   Thumb Code     0  entry8b.o(.ARM.Collect$$$$0000000A)
    _main_init                               0x080000f5   Thumb Code     0  entry9a.o(.ARM.Collect$$$$0000000B)
    __rt_final_cpp                           0x080000fd   Thumb Code     0  entry10a.o(.ARM.Collect$$$$0000000D)
    __rt_final_exit                          0x080000fd   Thumb Code     0  entry11a.o(.ARM.Collect$$$$0000000F)
    Reset_Handler                            0x08000101   Thumb Code     8  startup_stm32f103xb.o(.text)
    ADC1_2_IRQHandler                        0x0800011b   Thumb Code     0  startup_stm32f103xb.o(.text)
    CAN1_RX1_IRQHandler                      0x0800011b   Thumb Code     0  startup_stm32f103xb.o(.text)
    CAN1_SCE_IRQHandler                      0x0800011b   Thumb Code     0  startup_stm32f103xb.o(.text)
    DMA1_Channel1_IRQHandler                 0x0800011b   Thumb Code     0  startup_stm32f103xb.o(.text)
    DMA1_Channel2_IRQHandler                 0x0800011b   Thumb Code     0  startup_stm32f103xb.o(.text)
    DMA1_Channel3_IRQHandler                 0x0800011b   Thumb Code     0  startup_stm32f103xb.o(.text)
    DMA1_Channel4_IRQHandler                 0x0800011b   Thumb Code     0  startup_stm32f103xb.o(.text)
    DMA1_Channel5_IRQHandler                 0x0800011b   Thumb Code     0  startup_stm32f103xb.o(.text)
    DMA1_Channel6_IRQHandler                 0x0800011b   Thumb Code     0  startup_stm32f103xb.o(.text)
    DMA1_Channel7_IRQHandler                 0x0800011b   Thumb Code     0  startup_stm32f103xb.o(.text)
    EXTI15_10_IRQHandler                     0x0800011b   Thumb Code     0  startup_stm32f103xb.o(.text)
    EXTI1_IRQHandler                         0x0800011b   Thumb Code     0  startup_stm32f103xb.o(.text)
    EXTI2_IRQHandler                         0x0800011b   Thumb Code     0  startup_stm32f103xb.o(.text)
    EXTI3_IRQHandler                         0x0800011b   Thumb Code     0  startup_stm32f103xb.o(.text)
    EXTI4_IRQHandler                         0x0800011b   Thumb Code     0  startup_stm32f103xb.o(.text)
    EXTI9_5_IRQHandler                       0x0800011b   Thumb Code     0  startup_stm32f103xb.o(.text)
    FLASH_IRQHandler                         0x0800011b   Thumb Code     0  startup_stm32f103xb.o(.text)
    I2C1_ER_IRQHandler                       0x0800011b   Thumb Code     0  startup_stm32f103xb.o(.text)
    I2C1_EV_IRQHandler                       0x0800011b   Thumb Code     0  startup_stm32f103xb.o(.text)
    I2C2_ER_IRQHandler                       0x0800011b   Thumb Code     0  startup_stm32f103xb.o(.text)
    I2C2_EV_IRQHandler                       0x0800011b   Thumb Code     0  startup_stm32f103xb.o(.text)
    PVD_IRQHandler                           0x0800011b   Thumb Code     0  startup_stm32f103xb.o(.text)
    RCC_IRQHandler                           0x0800011b   Thumb Code     0  startup_stm32f103xb.o(.text)
    RTC_Alarm_IRQHandler                     0x0800011b   Thumb Code     0  startup_stm32f103xb.o(.text)
    RTC_IRQHandler                           0x0800011b   Thumb Code     0  startup_stm32f103xb.o(.text)
    SPI1_IRQHandler                          0x0800011b   Thumb Code     0  startup_stm32f103xb.o(.text)
    SPI2_IRQHandler                          0x0800011b   Thumb Code     0  startup_stm32f103xb.o(.text)
    TAMPER_IRQHandler                        0x0800011b   Thumb Code     0  startup_stm32f103xb.o(.text)
    TIM1_BRK_IRQHandler                      0x0800011b   Thumb Code     0  startup_stm32f103xb.o(.text)
    TIM1_CC_IRQHandler                       0x0800011b   Thumb Code     0  startup_stm32f103xb.o(.text)
    TIM1_TRG_COM_IRQHandler                  0x0800011b   Thumb Code     0  startup_stm32f103xb.o(.text)
    TIM1_UP_IRQHandler                       0x0800011b   Thumb Code     0  startup_stm32f103xb.o(.text)
    USART2_IRQHandler                        0x0800011b   Thumb Code     0  startup_stm32f103xb.o(.text)
    USART3_IRQHandler                        0x0800011b   Thumb Code     0  startup_stm32f103xb.o(.text)
    USBWakeUp_IRQHandler                     0x0800011b   Thumb Code     0  startup_stm32f103xb.o(.text)
    USB_HP_CAN1_TX_IRQHandler                0x0800011b   Thumb Code     0  startup_stm32f103xb.o(.text)
    USB_LP_CAN1_RX0_IRQHandler               0x0800011b   Thumb Code     0  startup_stm32f103xb.o(.text)
    WWDG_IRQHandler                          0x0800011b   Thumb Code     0  startup_stm32f103xb.o(.text)
    __aeabi_ldivmod                          0x08000125   Thumb Code    98  ldiv.o(.text)
    labs                                     0x08000187   Thumb Code     8  slabs.o(.text)
    __aeabi_memset                           0x0800018f   Thumb Code    14  memseta.o(.text)
    __aeabi_memset4                          0x0800018f   Thumb Code     0  memseta.o(.text)
    __aeabi_memset8                          0x0800018f   Thumb Code     0  memseta.o(.text)
    __aeabi_memclr                           0x0800019d   Thumb Code     4  memseta.o(.text)
    __aeabi_memclr4                          0x0800019d   Thumb Code     0  memseta.o(.text)
    __aeabi_memclr8                          0x0800019d   Thumb Code     0  memseta.o(.text)
    _memset$wrapper                          0x080001a1   Thumb Code    18  memseta.o(.text)
    strlen                                   0x080001b3   Thumb Code    14  strlen.o(.text)
    memcmp                                   0x080001c1   Thumb Code    26  memcmp.o(.text)
    __aeabi_fadd                             0x080001db   Thumb Code   164  fadd.o(.text)
    __aeabi_fsub                             0x0800027f   Thumb Code     6  fadd.o(.text)
    __aeabi_frsub                            0x08000285   Thumb Code     6  fadd.o(.text)
    __aeabi_fmul                             0x0800028b   Thumb Code   100  fmul.o(.text)
    __aeabi_fdiv                             0x080002ef   Thumb Code   124  fdiv.o(.text)
    __aeabi_dadd                             0x0800036b   Thumb Code   322  dadd.o(.text)
    __aeabi_dsub                             0x080004ad   Thumb Code     6  dadd.o(.text)
    __aeabi_drsub                            0x080004b3   Thumb Code     6  dadd.o(.text)
    __aeabi_dmul                             0x080004b9   Thumb Code   228  dmul.o(.text)
    __aeabi_ddiv                             0x0800059d   Thumb Code   222  ddiv.o(.text)
    __aeabi_fcmple                           0x0800067b   Thumb Code    28  fcmple.o(.text)
    __aeabi_fcmplt                           0x08000697   Thumb Code    28  fcmplt.o(.text)
    __aeabi_fcmpeq                           0x080006b3   Thumb Code    28  fcmpeq.o(.text)
    __aeabi_i2f                              0x080006cf   Thumb Code    18  fflti.o(.text)
    __aeabi_ui2f                             0x080006e1   Thumb Code    10  ffltui.o(.text)
    __aeabi_i2d                              0x080006eb   Thumb Code    34  dflti.o(.text)
    __aeabi_f2iz                             0x0800070d   Thumb Code    50  ffixi.o(.text)
    __aeabi_d2iz                             0x0800073f   Thumb Code    62  dfixi.o(.text)
    __aeabi_f2d                              0x0800077d   Thumb Code    38  f2d.o(.text)
    __aeabi_d2f                              0x080007a3   Thumb Code    56  d2f.o(.text)
    __aeabi_uidiv                            0x080007db   Thumb Code     0  uidiv.o(.text)
    __aeabi_uidivmod                         0x080007db   Thumb Code    44  uidiv.o(.text)
    __aeabi_uldivmod                         0x08000807   Thumb Code    98  uldiv.o(.text)
    __aeabi_llsl                             0x08000869   Thumb Code    30  llshl.o(.text)
    _ll_shift_l                              0x08000869   Thumb Code     0  llshl.o(.text)
    __aeabi_llsr                             0x08000887   Thumb Code    32  llushr.o(.text)
    _ll_ushift_r                             0x08000887   Thumb Code     0  llushr.o(.text)
    __aeabi_lasr                             0x080008a7   Thumb Code    36  llsshr.o(.text)
    _ll_sshift_r                             0x080008a7   Thumb Code     0  llsshr.o(.text)
    __I$use$fp                               0x080008cb   Thumb Code     0  iusefp.o(.text)
    _float_round                             0x080008cb   Thumb Code    18  fepilogue.o(.text)
    _float_epilogue                          0x080008dd   Thumb Code    92  fepilogue.o(.text)
    _double_round                            0x08000939   Thumb Code    30  depilogue.o(.text)
    _double_epilogue                         0x08000957   Thumb Code   156  depilogue.o(.text)
    __ARM_scalbn                             0x080009f3   Thumb Code    46  dscalb.o(.text)
    scalbn                                   0x080009f3   Thumb Code     0  dscalb.o(.text)
    __aeabi_d2ulz                            0x08000a21   Thumb Code    48  dfixul.o(.text)
    __aeabi_cdcmpeq                          0x08000a51   Thumb Code     0  cdcmple.o(.text)
    __aeabi_cdcmple                          0x08000a51   Thumb Code    48  cdcmple.o(.text)
    __aeabi_cdrcmple                         0x08000a81   Thumb Code    48  cdrcmple.o(.text)
    __scatterload                            0x08000ab1   Thumb Code    28  init.o(.text)
    __scatterload_rt2                        0x08000ab1   Thumb Code     0  init.o(.text)
    __I$use$semihosting$fputc                0x08000ad5   Thumb Code     0  iusesemip.o(.text)
    __semihosting_library_function           0x08000ad5   Thumb Code     0  semi.o(.text)
    _dsqrt                                   0x08000ad5   Thumb Code   162  dsqrt.o(.text)
    BusFault_Handler                         0x08000b79   Thumb Code     4  stm32f1xx_it.o(.text.BusFault_Handler)
    DebugMon_Handler                         0x08000b7d   Thumb Code     2  stm32f1xx_it.o(.text.DebugMon_Handler)
    EXTI0_IRQHandler                         0x08000b81   Thumb Code    10  stm32f1xx_it.o(.text.EXTI0_IRQHandler)
    Error_Handler                            0x08000b8d   Thumb Code    14  main.o(.text.Error_Handler)
    HAL_DMA_Abort                            0x08000b9d   Thumb Code   124  stm32f1xx_hal_dma.o(.text.HAL_DMA_Abort)
    HAL_DMA_Abort_IT                         0x08000c19   Thumb Code   284  stm32f1xx_hal_dma.o(.text.HAL_DMA_Abort_IT)
    HAL_Delay                                0x08000d35   Thumb Code    66  stm32f1xx_hal.o(.text.HAL_Delay)
    HAL_GPIO_EXTI_Callback                   0x08000d79   Thumb Code    10  stm32f1xx_hal_gpio.o(.text.HAL_GPIO_EXTI_Callback)
    HAL_GPIO_EXTI_IRQHandler                 0x08000d85   Thumb Code    56  stm32f1xx_hal_gpio.o(.text.HAL_GPIO_EXTI_IRQHandler)
    HAL_GPIO_Init                            0x08000dbd   Thumb Code   798  stm32f1xx_hal_gpio.o(.text.HAL_GPIO_Init)
    HAL_GPIO_ReadPin                         0x080010dd   Thumb Code    46  stm32f1xx_hal_gpio.o(.text.HAL_GPIO_ReadPin)
    HAL_GPIO_WritePin                        0x0800110d   Thumb Code    46  stm32f1xx_hal_gpio.o(.text.HAL_GPIO_WritePin)
    HAL_GetTick                              0x0800113d   Thumb Code    12  stm32f1xx_hal.o(.text.HAL_GetTick)
    HAL_I2C_Init                             0x08001149   Thumb Code   676  stm32f1xx_hal_i2c.o(.text.HAL_I2C_Init)
    HAL_I2C_Mem_Write                        0x080013ed   Thumb Code   528  stm32f1xx_hal_i2c.o(.text.HAL_I2C_Mem_Write)
    HAL_I2C_MspInit                          0x080015fd   Thumb Code   162  i2c.o(.text.HAL_I2C_MspInit)
    HAL_IncTick                              0x080016a1   Thumb Code    26  stm32f1xx_hal.o(.text.HAL_IncTick)
    HAL_Init                                 0x080016bd   Thumb Code    38  stm32f1xx_hal.o(.text.HAL_Init)
    HAL_InitTick                             0x080016e5   Thumb Code   112  stm32f1xx_hal.o(.text.HAL_InitTick)
    HAL_MspInit                              0x08001755   Thumb Code   100  stm32f1xx_hal_msp.o(.text.HAL_MspInit)
    HAL_NVIC_EnableIRQ                       0x080017b9   Thumb Code    20  stm32f1xx_hal_cortex.o(.text.HAL_NVIC_EnableIRQ)
    HAL_NVIC_SetPriority                     0x080017cd   Thumb Code    50  stm32f1xx_hal_cortex.o(.text.HAL_NVIC_SetPriority)
    HAL_NVIC_SetPriorityGrouping             0x08001801   Thumb Code    16  stm32f1xx_hal_cortex.o(.text.HAL_NVIC_SetPriorityGrouping)
    HAL_RCC_ClockConfig                      0x08001811   Thumb Code   598  stm32f1xx_hal_rcc.o(.text.HAL_RCC_ClockConfig)
    HAL_RCC_GetHCLKFreq                      0x08001a69   Thumb Code    12  stm32f1xx_hal_rcc.o(.text.HAL_RCC_GetHCLKFreq)
    HAL_RCC_GetPCLK1Freq                     0x08001a75   Thumb Code    34  stm32f1xx_hal_rcc.o(.text.HAL_RCC_GetPCLK1Freq)
    HAL_RCC_GetPCLK2Freq                     0x08001a99   Thumb Code    34  stm32f1xx_hal_rcc.o(.text.HAL_RCC_GetPCLK2Freq)
    HAL_RCC_GetSysClockFreq                  0x08001abd   Thumb Code   228  stm32f1xx_hal_rcc.o(.text.HAL_RCC_GetSysClockFreq)
    HAL_RCC_OscConfig                        0x08001ba1   Thumb Code  1658  stm32f1xx_hal_rcc.o(.text.HAL_RCC_OscConfig)
    HAL_SYSTICK_Config                       0x0800221d   Thumb Code    16  stm32f1xx_hal_cortex.o(.text.HAL_SYSTICK_Config)
    HAL_TIMEx_BreakCallback                  0x0800222d   Thumb Code     8  stm32f1xx_hal_tim_ex.o(.text.HAL_TIMEx_BreakCallback)
    HAL_TIMEx_CommutCallback                 0x08002235   Thumb Code     8  stm32f1xx_hal_tim_ex.o(.text.HAL_TIMEx_CommutCallback)
    HAL_TIMEx_ConfigBreakDeadTime            0x0800223d   Thumb Code   178  stm32f1xx_hal_tim_ex.o(.text.HAL_TIMEx_ConfigBreakDeadTime)
    HAL_TIMEx_MasterConfigSynchronization    0x080022f1   Thumb Code   220  stm32f1xx_hal_tim_ex.o(.text.HAL_TIMEx_MasterConfigSynchronization)
    HAL_TIM_Base_Init                        0x080023cd   Thumb Code   156  stm32f1xx_hal_tim.o(.text.HAL_TIM_Base_Init)
    HAL_TIM_Base_MspInit                     0x08002469   Thumb Code   230  tim.o(.text.HAL_TIM_Base_MspInit)
    HAL_TIM_Base_Start_IT                    0x08002551   Thumb Code   176  stm32f1xx_hal_tim.o(.text.HAL_TIM_Base_Start_IT)
    HAL_TIM_ConfigClockSource                0x08002601   Thumb Code   374  stm32f1xx_hal_tim.o(.text.HAL_TIM_ConfigClockSource)
    HAL_TIM_Encoder_Init                     0x08002779   Thumb Code   296  stm32f1xx_hal_tim.o(.text.HAL_TIM_Encoder_Init)
    HAL_TIM_Encoder_MspInit                  0x080028a1   Thumb Code   312  tim.o(.text.HAL_TIM_Encoder_MspInit)
    HAL_TIM_Encoder_Start                    0x080029d9   Thumb Code   334  stm32f1xx_hal_tim.o(.text.HAL_TIM_Encoder_Start)
    HAL_TIM_IC_CaptureCallback               0x08002b29   Thumb Code     8  stm32f1xx_hal_tim.o(.text.HAL_TIM_IC_CaptureCallback)
    HAL_TIM_IRQHandler                       0x08002b31   Thumb Code   634  stm32f1xx_hal_tim.o(.text.HAL_TIM_IRQHandler)
    HAL_TIM_MspPostInit                      0x08002dad   Thumb Code    96  tim.o(.text.HAL_TIM_MspPostInit)
    HAL_TIM_OC_DelayElapsedCallback          0x08002e0d   Thumb Code     8  stm32f1xx_hal_tim.o(.text.HAL_TIM_OC_DelayElapsedCallback)
    HAL_TIM_PWM_ConfigChannel                0x08002e15   Thumb Code   308  stm32f1xx_hal_tim.o(.text.HAL_TIM_PWM_ConfigChannel)
    HAL_TIM_PWM_Init                         0x08002f49   Thumb Code   156  stm32f1xx_hal_tim.o(.text.HAL_TIM_PWM_Init)
    HAL_TIM_PWM_MspInit                      0x08002fe5   Thumb Code     8  stm32f1xx_hal_tim.o(.text.HAL_TIM_PWM_MspInit)
    HAL_TIM_PWM_PulseFinishedCallback        0x08002fed   Thumb Code     8  stm32f1xx_hal_tim.o(.text.HAL_TIM_PWM_PulseFinishedCallback)
    HAL_TIM_PWM_Start                        0x08002ff5   Thumb Code   352  stm32f1xx_hal_tim.o(.text.HAL_TIM_PWM_Start)
    HAL_TIM_PeriodElapsedCallback            0x08003155   Thumb Code   694  bsp_motor.o(.text.HAL_TIM_PeriodElapsedCallback)
    HAL_TIM_TriggerCallback                  0x0800340d   Thumb Code     8  stm32f1xx_hal_tim.o(.text.HAL_TIM_TriggerCallback)
    HAL_UARTEx_RxEventCallback               0x08003415   Thumb Code    12  stm32f1xx_hal_uart.o(.text.HAL_UARTEx_RxEventCallback)
    HAL_UART_ErrorCallback                   0x08003421   Thumb Code     8  stm32f1xx_hal_uart.o(.text.HAL_UART_ErrorCallback)
    HAL_UART_IRQHandler                      0x08003429   Thumb Code   836  stm32f1xx_hal_uart.o(.text.HAL_UART_IRQHandler)
    HAL_UART_Init                            0x0800376d   Thumb Code   154  stm32f1xx_hal_uart.o(.text.HAL_UART_Init)
    HAL_UART_MspInit                         0x08003809   Thumb Code   302  usart.o(.text.HAL_UART_MspInit)
    HAL_UART_RxCpltCallback                  0x08003939   Thumb Code     8  stm32f1xx_hal_uart.o(.text.HAL_UART_RxCpltCallback)
    HAL_UART_Transmit                        0x08003941   Thumb Code   334  stm32f1xx_hal_uart.o(.text.HAL_UART_Transmit)
    HAL_UART_TxCpltCallback                  0x08003a91   Thumb Code     8  stm32f1xx_hal_uart.o(.text.HAL_UART_TxCpltCallback)
    HardFault_Handler                        0x08003a99   Thumb Code     4  stm32f1xx_it.o(.text.HardFault_Handler)
    IIC_Ack                                  0x08003f39   Thumb Code    80  bsp_iic.o(.text.IIC_Ack)
    IIC_GPIO_Init                            0x08003fb1   Thumb Code   102  bsp_iic.o(.text.IIC_GPIO_Init)
    IIC_NAck                                 0x08004019   Thumb Code    66  bsp_iic.o(.text.IIC_NAck)
    IIC_Read_Byte                            0x0800405d   Thumb Code   154  bsp_iic.o(.text.IIC_Read_Byte)
    IIC_Send_Byte                            0x080040f9   Thumb Code   180  bsp_iic.o(.text.IIC_Send_Byte)
    IIC_Start                                0x080041ad   Thumb Code    80  bsp_iic.o(.text.IIC_Start)
    IIC_Stop                                 0x080041fd   Thumb Code    58  bsp_iic.o(.text.IIC_Stop)
    IIC_Wait_Ack                             0x08004239   Thumb Code   106  bsp_iic.o(.text.IIC_Wait_Ack)
    Key_Proc                                 0x080042a5   Thumb Code   170  pid.o(.text.Key_Proc)
    Key_Scan                                 0x08004351   Thumb Code    94  pid.o(.text.Key_Scan)
    MPU_Get_Accelerometer                    0x080043b1   Thumb Code    94  mpu6050.o(.text.MPU_Get_Accelerometer)
    MPU_Get_Gyroscope                        0x08004411   Thumb Code    94  mpu6050.o(.text.MPU_Get_Gyroscope)
    MPU_Init                                 0x08004471   Thumb Code   154  mpu6050.o(.text.MPU_Init)
    MPU_Read_Byte                            0x0800450d   Thumb Code    70  mpu6050.o(.text.MPU_Read_Byte)
    MPU_Read_Len                             0x08004555   Thumb Code   170  mpu6050.o(.text.MPU_Read_Len)
    MPU_Set_Accel_Fsr                        0x08004601   Thumb Code    26  mpu6050.o(.text.MPU_Set_Accel_Fsr)
    MPU_Set_Gyro_Fsr                         0x0800461d   Thumb Code    26  mpu6050.o(.text.MPU_Set_Gyro_Fsr)
    MPU_Set_LPF                              0x08004639   Thumb Code   134  mpu6050.o(.text.MPU_Set_LPF)
    MPU_Set_Rate                             0x080046c1   Thumb Code    94  mpu6050.o(.text.MPU_Set_Rate)
    MPU_Write_Byte                           0x08004721   Thumb Code   102  mpu6050.o(.text.MPU_Write_Byte)
    MPU_Write_Len                            0x08004789   Thumb Code   154  mpu6050.o(.text.MPU_Write_Len)
    MX_GPIO_Init                             0x08004825   Thumb Code   436  gpio.o(.text.MX_GPIO_Init)
    MX_I2C1_Init                             0x080049d9   Thumb Code    72  i2c.o(.text.MX_I2C1_Init)
    MX_TIM1_Init                             0x08004a21   Thumb Code   312  tim.o(.text.MX_TIM1_Init)
    MX_TIM2_Init                             0x08004b59   Thumb Code   130  tim.o(.text.MX_TIM2_Init)
    MX_TIM3_Init                             0x08004bdd   Thumb Code   126  tim.o(.text.MX_TIM3_Init)
    MX_TIM4_Init                             0x08004c5d   Thumb Code   126  tim.o(.text.MX_TIM4_Init)
    MX_USART1_UART_Init                      0x08004cdd   Thumb Code    64  usart.o(.text.MX_USART1_UART_Init)
    MX_USART2_UART_Init                      0x08004d1d   Thumb Code    64  usart.o(.text.MX_USART2_UART_Init)
    MemManage_Handler                        0x08004d5d   Thumb Code     4  stm32f1xx_it.o(.text.MemManage_Handler)
    Motor_Init                               0x08004d61   Thumb Code   110  bsp_motor.o(.text.Motor_Init)
    NMI_Handler                              0x08004dd1   Thumb Code     4  stm32f1xx_it.o(.text.NMI_Handler)
    OLED_Clear                               0x08004e41   Thumb Code    10  bsp_oled.o(.text.OLED_Clear)
    OLED_Fill                                0x08004e4d   Thumb Code   110  bsp_oled.o(.text.OLED_Fill)
    OLED_Init                                0x08004ebd   Thumb Code   192  bsp_oled.o(.text.OLED_Init)
    OLED_Proc                                0x08004f7d   Thumb Code   268  main.o(.text.OLED_Proc)
    OLED_SetPos                              0x08005089   Thumb Code    56  bsp_oled.o(.text.OLED_SetPos)
    OLED_ShowStr                             0x080050c1   Thumb Code   442  bsp_oled.o(.text.OLED_ShowStr)
    PID_Init                                 0x0800527d   Thumb Code    80  pid.o(.text.PID_Init)
    PWM_LOAD                                 0x080052cd   Thumb Code   184  bsp_motor.o(.text.PWM_LOAD)
    PendSV_Handler                           0x08005385   Thumb Code     2  stm32f1xx_it.o(.text.PendSV_Handler)
    Read_Speed                               0x080053c5   Thumb Code    82  bsp_motor.o(.text.Read_Speed)
    SVC_Handler                              0x08005419   Thumb Code     2  stm32f1xx_it.o(.text.SVC_Handler)
    SysTick_Handler                          0x08005471   Thumb Code     8  stm32f1xx_it.o(.text.SysTick_Handler)
    SystemClock_Config                       0x08005479   Thumb Code   108  main.o(.text.SystemClock_Config)
    SystemInit                               0x080054e5   Thumb Code     2  system_stm32f1xx.o(.text.SystemInit)
    TIM2_IRQHandler                          0x080054e9   Thumb Code    16  stm32f1xx_it.o(.text.TIM2_IRQHandler)
    TIM3_IRQHandler                          0x080054f9   Thumb Code    16  stm32f1xx_it.o(.text.TIM3_IRQHandler)
    TIM4_IRQHandler                          0x08005509   Thumb Code    16  stm32f1xx_it.o(.text.TIM4_IRQHandler)
    TIM_Base_SetConfig                       0x08005519   Thumb Code   240  stm32f1xx_hal_tim.o(.text.TIM_Base_SetConfig)
    TIM_CCxChannelCmd                        0x08005609   Thumb Code    54  stm32f1xx_hal_tim.o(.text.TIM_CCxChannelCmd)
    TIM_ETR_SetConfig                        0x08005641   Thumb Code    52  stm32f1xx_hal_tim.o(.text.TIM_ETR_SetConfig)
    TIM_OC2_SetConfig                        0x08005771   Thumb Code   216  stm32f1xx_hal_tim.o(.text.TIM_OC2_SetConfig)
    Turn                                     0x08005a5d   Thumb Code    36  pid.o(.text.Turn)
    USART1_IRQHandler                        0x08005e49   Thumb Code    16  stm32f1xx_it.o(.text.USART1_IRQHandler)
    UsageFault_Handler                       0x08005e59   Thumb Code     4  stm32f1xx_it.o(.text.UsageFault_Handler)
    Velocity                                 0x08005e5d   Thumb Code   392  pid.o(.text.Velocity)
    Vertical                                 0x08005fe5   Thumb Code    76  pid.o(.text.Vertical)
    WriteCmd                                 0x08006031   Thumb Code    44  bsp_oled.o(.text.WriteCmd)
    WriteDat                                 0x0800605d   Thumb Code    44  bsp_oled.o(.text.WriteDat)
    dmp_enable_6x_lp_quat                    0x080062c9   Thumb Code    70  inv_mpu_dmp_motion_driver.o(.text.dmp_enable_6x_lp_quat)
    dmp_enable_feature                       0x08006311   Thumb Code   682  inv_mpu_dmp_motion_driver.o(.text.dmp_enable_feature)
    dmp_enable_gyro_cal                      0x080065bd   Thumb Code   106  inv_mpu_dmp_motion_driver.o(.text.dmp_enable_gyro_cal)
    dmp_enable_lp_quat                       0x08006629   Thumb Code    70  inv_mpu_dmp_motion_driver.o(.text.dmp_enable_lp_quat)
    dmp_load_motion_driver_firmware          0x08006671   Thumb Code    26  inv_mpu_dmp_motion_driver.o(.text.dmp_load_motion_driver_firmware)
    dmp_read_fifo                            0x0800668d   Thumb Code   466  inv_mpu_dmp_motion_driver.o(.text.dmp_read_fifo)
    dmp_set_accel_bias                       0x08006861   Thumb Code   342  inv_mpu_dmp_motion_driver.o(.text.dmp_set_accel_bias)
    dmp_set_fifo_rate                        0x080069b9   Thumb Code   164  inv_mpu_dmp_motion_driver.o(.text.dmp_set_fifo_rate)
    dmp_set_gyro_bias                        0x08006a5d   Thumb Code   336  inv_mpu_dmp_motion_driver.o(.text.dmp_set_gyro_bias)
    dmp_set_orientation                      0x08006bad   Thumb Code   432  inv_mpu_dmp_motion_driver.o(.text.dmp_set_orientation)
    dmp_set_shake_reject_thresh              0x08006d5d   Thumb Code    86  inv_mpu_dmp_motion_driver.o(.text.dmp_set_shake_reject_thresh)
    dmp_set_shake_reject_time                0x08006db5   Thumb Code    62  inv_mpu_dmp_motion_driver.o(.text.dmp_set_shake_reject_time)
    dmp_set_shake_reject_timeout             0x08006df5   Thumb Code    62  inv_mpu_dmp_motion_driver.o(.text.dmp_set_shake_reject_timeout)
    dmp_set_tap_axes                         0x08006e35   Thumb Code   108  inv_mpu_dmp_motion_driver.o(.text.dmp_set_tap_axes)
    dmp_set_tap_count                        0x08006ea1   Thumb Code    74  inv_mpu_dmp_motion_driver.o(.text.dmp_set_tap_count)
    dmp_set_tap_thresh                       0x08006eed   Thumb Code   508  inv_mpu_dmp_motion_driver.o(.text.dmp_set_tap_thresh)
    dmp_set_tap_time                         0x080070e9   Thumb Code    64  inv_mpu_dmp_motion_driver.o(.text.dmp_set_tap_time)
    dmp_set_tap_time_multi                   0x08007129   Thumb Code    64  inv_mpu_dmp_motion_driver.o(.text.dmp_set_tap_time_multi)
    gfp_abs                                  0x080077d1   Thumb Code    36  bsp_motor.o(.text.gfp_abs)
    inv_orientation_matrix_to_scalar         0x08007959   Thumb Code    68  inv_mpu.o(.text.inv_orientation_matrix_to_scalar)
    inv_row_2_scale                          0x0800799d   Thumb Code   156  inv_mpu.o(.text.inv_row_2_scale)
    main                                     0x08007a39   Thumb Code   220  main.o(.text.main)
    mget_ms                                  0x08007b15   Thumb Code     8  inv_mpu.o(.text.mget_ms)
    mpu_configure_fifo                       0x08007b1d   Thumb Code   210  inv_mpu.o(.text.mpu_configure_fifo)
    mpu_dmp_get_data                         0x08007bf1   Thumb Code   538  inv_mpu.o(.text.mpu_dmp_get_data)
    mpu_dmp_init                             0x08007e0d   Thumb Code   272  inv_mpu.o(.text.mpu_dmp_init)
    mpu_get_accel_fsr                        0x08007f1d   Thumb Code   108  inv_mpu.o(.text.mpu_get_accel_fsr)
    mpu_get_accel_sens                       0x08007f89   Thumb Code   116  inv_mpu.o(.text.mpu_get_accel_sens)
    mpu_get_fifo_config                      0x08007ffd   Thumb Code    24  inv_mpu.o(.text.mpu_get_fifo_config)
    mpu_get_gyro_fsr                         0x08008015   Thumb Code    84  inv_mpu.o(.text.mpu_get_gyro_fsr)
    mpu_get_gyro_sens                        0x08008069   Thumb Code   104  inv_mpu.o(.text.mpu_get_gyro_sens)
    mpu_get_lpf                              0x080080d1   Thumb Code   100  inv_mpu.o(.text.mpu_get_lpf)
    mpu_get_sample_rate                      0x08008135   Thumb Code    56  inv_mpu.o(.text.mpu_get_sample_rate)
    mpu_init                                 0x0800816d   Thumb Code   590  inv_mpu.o(.text.mpu_init)
    mpu_load_firmware                        0x080083bd   Thumb Code   308  inv_mpu.o(.text.mpu_load_firmware)
    mpu_lp_accel_mode                        0x080084f1   Thumb Code   298  inv_mpu.o(.text.mpu_lp_accel_mode)
    mpu_read_fifo_stream                     0x0800861d   Thumb Code   296  inv_mpu.o(.text.mpu_read_fifo_stream)
    mpu_read_mem                             0x08008745   Thumb Code   190  inv_mpu.o(.text.mpu_read_mem)
    mpu_reset_fifo                           0x08008805   Thumb Code   656  inv_mpu.o(.text.mpu_reset_fifo)
    mpu_run_self_test                        0x08008a95   Thumb Code   378  inv_mpu.o(.text.mpu_run_self_test)
    mpu_set_accel_fsr                        0x08008c11   Thumb Code   200  inv_mpu.o(.text.mpu_set_accel_fsr)
    mpu_set_bypass                           0x08008cd9   Thumb Code   498  inv_mpu.o(.text.mpu_set_bypass)
    mpu_set_dmp_state                        0x08008ecd   Thumb Code   208  inv_mpu.o(.text.mpu_set_dmp_state)
    mpu_set_gyro_fsr                         0x08008f9d   Thumb Code   208  inv_mpu.o(.text.mpu_set_gyro_fsr)
    mpu_set_int_latched                      0x0800906d   Thumb Code   184  inv_mpu.o(.text.mpu_set_int_latched)
    mpu_set_lpf                              0x08009125   Thumb Code   226  inv_mpu.o(.text.mpu_set_lpf)
    mpu_set_sample_rate                      0x08009209   Thumb Code   250  inv_mpu.o(.text.mpu_set_sample_rate)
    mpu_set_sensors                          0x08009305   Thumb Code   346  inv_mpu.o(.text.mpu_set_sensors)
    mpu_write_mem                            0x08009461   Thumb Code   190  inv_mpu.o(.text.mpu_write_mem)
    print                                    0x08009521   Thumb Code    80  pid.o(.text.print)
    run_self_test                            0x08009571   Thumb Code   164  inv_mpu.o(.text.run_self_test)
    __0printf                                0x08009709   Thumb Code    22  printfa.o(i.__0printf)
    __1printf                                0x08009709   Thumb Code     0  printfa.o(i.__0printf)
    __2printf                                0x08009709   Thumb Code     0  printfa.o(i.__0printf)
    __c89printf                              0x08009709   Thumb Code     0  printfa.o(i.__0printf)
    printf                                   0x08009709   Thumb Code     0  printfa.o(i.__0printf)
    __0sprintf                               0x08009729   Thumb Code    34  printfa.o(i.__0sprintf)
    __1sprintf                               0x08009729   Thumb Code     0  printfa.o(i.__0sprintf)
    __2sprintf                               0x08009729   Thumb Code     0  printfa.o(i.__0sprintf)
    __c89sprintf                             0x08009729   Thumb Code     0  printfa.o(i.__0sprintf)
    sprintf                                  0x08009729   Thumb Code     0  printfa.o(i.__0sprintf)
    __0vsprintf                              0x08009751   Thumb Code    30  printfa.o(i.__0vsprintf)
    __1vsprintf                              0x08009751   Thumb Code     0  printfa.o(i.__0vsprintf)
    __2vsprintf                              0x08009751   Thumb Code     0  printfa.o(i.__0vsprintf)
    __c89vsprintf                            0x08009751   Thumb Code     0  printfa.o(i.__0vsprintf)
    vsprintf                                 0x08009751   Thumb Code     0  printfa.o(i.__0vsprintf)
    __ARM_fpclassify                         0x08009775   Thumb Code    40  fpclassify.o(i.__ARM_fpclassify)
    __kernel_poly                            0x0800979d   Thumb Code   170  poly.o(i.__kernel_poly)
    __mathlib_dbl_infnan                     0x08009847   Thumb Code     6  dunder.o(i.__mathlib_dbl_infnan)
    __mathlib_dbl_infnan2                    0x0800984d   Thumb Code     4  dunder.o(i.__mathlib_dbl_infnan2)
    __mathlib_dbl_invalid                    0x08009851   Thumb Code    12  dunder.o(i.__mathlib_dbl_invalid)
    __mathlib_dbl_underflow                  0x0800985d   Thumb Code    10  dunder.o(i.__mathlib_dbl_underflow)
    __scatterload_copy                       0x0800986d   Thumb Code    14  handlers.o(i.__scatterload_copy)
    __scatterload_null                       0x0800987b   Thumb Code     2  handlers.o(i.__scatterload_null)
    __scatterload_zeroinit                   0x0800987d   Thumb Code    14  handlers.o(i.__scatterload_zeroinit)
    __set_errno                              0x0800988d   Thumb Code     6  errno.o(i.__set_errno)
    asin                                     0x0800a155   Thumb Code   572  asin.o(i.asin)
    atan                                     0x0800a3c5   Thumb Code   474  atan.o(i.atan)
    atan2                                    0x0800a5e5   Thumb Code   374  atan2.o(i.atan2)
    fputc                                    0x0800a781   Thumb Code    18  fputc.o(i.fputc)
    sqrt                                     0x0800a793   Thumb Code    76  sqrt.o(i.sqrt)
    __mathlib_zero                           0x0800a8c8   Data           8  qnan.o(.constdata)
    AHBPrescTable                            0x0800a8d0   Data          16  system_stm32f1xx.o(.rodata.AHBPrescTable)
    APBPrescTable                            0x0800a8e0   Data           8  system_stm32f1xx.o(.rodata.APBPrescTable)
    F6x8                                     0x0800a8e8   Data         552  bsp_oled.o(.rodata.F6x8)
    F8X16                                    0x0800ab10   Data        1520  bsp_oled.o(.rodata.F8X16)
    hw                                       0x0800bcf6   Data          12  inv_mpu.o(.rodata.hw)
    reg                                      0x0800bd02   Data          27  inv_mpu.o(.rodata.reg)
    test                                     0x0800be34   Data          40  inv_mpu.o(.rodata.test)
    Region$$Table$$Base                      0x0800be5c   Number         0  anon$$obj.o(Region$$Table)
    Region$$Table$$Limit                     0x0800be7c   Number         0  anon$$obj.o(Region$$Table)
    __stdout                                 0x20000000   Data           4  stdout.o(.data)
    Med_Angle                                0x20000008   Data           4  bsp_motor.o(.data.Med_Angle)
    SystemCoreClock                          0x2000000c   Data           4  system_stm32f1xx.o(.data.SystemCoreClock)
    uwTickFreq                               0x20000048   Data           1  stm32f1xx_hal.o(.data.uwTickFreq)
    uwTickPrio                               0x2000004c   Data           4  stm32f1xx_hal.o(.data.uwTickPrio)
    OLED_Disp_Str                            0x20000059   Data          21  main.o(.bss.OLED_Disp_Str)
    PWM_Out                                  0x20000074   Data           4  bsp_motor.o(.bss.PWM_Out)
    Turn_Out                                 0x20000078   Data           4  bsp_motor.o(.bss.Turn_Out)
    VeloCity                                 0x2000007c   Data          16  pid.o(.bss.VeloCity)
    VerTical                                 0x200000a0   Data          16  pid.o(.bss.VerTical)
    aacx                                     0x200000b0   Data           2  mpu6050.o(.bss.aacx)
    aacy                                     0x200000b2   Data           2  mpu6050.o(.bss.aacy)
    aacz                                     0x200000b4   Data           2  mpu6050.o(.bss.aacz)
    fx                                       0x200000c8   Data           1  main.o(.bss.fx)
    gyrox                                    0x200000ca   Data           2  mpu6050.o(.bss.gyrox)
    gyroy                                    0x200000cc   Data           2  mpu6050.o(.bss.gyroy)
    gyroz                                    0x200000ce   Data           2  mpu6050.o(.bss.gyroz)
    hi2c1                                    0x200000d0   Data          84  i2c.o(.bss.hi2c1)
    htim1                                    0x20000124   Data          72  tim.o(.bss.htim1)
    htim2                                    0x2000016c   Data          72  tim.o(.bss.htim2)
    htim3                                    0x200001b4   Data          72  tim.o(.bss.htim3)
    htim4                                    0x200001fc   Data          72  tim.o(.bss.htim4)
    huart1                                   0x20000244   Data          68  usart.o(.bss.huart1)
    huart2                                   0x20000288   Data          68  usart.o(.bss.huart2)
    motor1                                   0x200002cc   Data          28  bsp_motor.o(.bss.motor1)
    motor2                                   0x200002e8   Data          28  bsp_motor.o(.bss.motor2)
    pitch                                    0x20000304   Data           4  mpu6050.o(.bss.pitch)
    roll                                     0x20000308   Data           4  mpu6050.o(.bss.roll)
    uwTick                                   0x2000030c   Data           4  stm32f1xx_hal.o(.bss.uwTick)
    yaw                                      0x20000310   Data           4  mpu6050.o(.bss.yaw)
    __initial_sp                             0x20000718   Data           0  startup_stm32f103xb.o(STACK)



==============================================================================

Memory Map of the image

  Image Entry point : 0x080000ed

  Load Region LR_IROM1 (Base: 0x08000000, Size: 0x0000bed0, Max: 0x00010000, ABSOLUTE)

    Execution Region ER_IROM1 (Exec base: 0x08000000, Load base: 0x08000000, Size: 0x0000be7c, Max: 0x00010000, ABSOLUTE)

    Exec Addr    Load Addr    Size         Type   Attr      Idx    E Section Name        Object

    0x08000000   0x08000000   0x000000ec   Data   RO            3    RESET               startup_stm32f103xb.o
    0x080000ec   0x080000ec   0x00000000   Code   RO         1554  * .ARM.Collect$$$$00000000  mc_w.l(entry.o)
    0x080000ec   0x080000ec   0x00000004   Code   RO         1657    .ARM.Collect$$$$00000001  mc_w.l(entry2.o)
    0x080000f0   0x080000f0   0x00000004   Code   RO         1660    .ARM.Collect$$$$00000004  mc_w.l(entry5.o)
    0x080000f4   0x080000f4   0x00000000   Code   RO         1662    .ARM.Collect$$$$00000008  mc_w.l(entry7b.o)
    0x080000f4   0x080000f4   0x00000000   Code   RO         1664    .ARM.Collect$$$$0000000A  mc_w.l(entry8b.o)
    0x080000f4   0x080000f4   0x00000008   Code   RO         1665    .ARM.Collect$$$$0000000B  mc_w.l(entry9a.o)
    0x080000fc   0x080000fc   0x00000000   Code   RO         1667    .ARM.Collect$$$$0000000D  mc_w.l(entry10a.o)
    0x080000fc   0x080000fc   0x00000000   Code   RO         1669    .ARM.Collect$$$$0000000F  mc_w.l(entry11a.o)
    0x080000fc   0x080000fc   0x00000004   Code   RO         1658    .ARM.Collect$$$$00002712  mc_w.l(entry2.o)
    0x08000100   0x08000100   0x00000024   Code   RO            4    .text               startup_stm32f103xb.o
    0x08000124   0x08000124   0x00000062   Code   RO         1557    .text               mc_w.l(ldiv.o)
    0x08000186   0x08000186   0x00000008   Code   RO         1559    .text               mc_w.l(slabs.o)
    0x0800018e   0x0800018e   0x00000024   Code   RO         1563    .text               mc_w.l(memseta.o)
    0x080001b2   0x080001b2   0x0000000e   Code   RO         1565    .text               mc_w.l(strlen.o)
    0x080001c0   0x080001c0   0x0000001a   Code   RO         1567    .text               mc_w.l(memcmp.o)
    0x080001da   0x080001da   0x000000b0   Code   RO         1597    .text               mf_w.l(fadd.o)
    0x0800028a   0x0800028a   0x00000064   Code   RO         1599    .text               mf_w.l(fmul.o)
    0x080002ee   0x080002ee   0x0000007c   Code   RO         1601    .text               mf_w.l(fdiv.o)
    0x0800036a   0x0800036a   0x0000014e   Code   RO         1603    .text               mf_w.l(dadd.o)
    0x080004b8   0x080004b8   0x000000e4   Code   RO         1605    .text               mf_w.l(dmul.o)
    0x0800059c   0x0800059c   0x000000de   Code   RO         1607    .text               mf_w.l(ddiv.o)
    0x0800067a   0x0800067a   0x0000001c   Code   RO         1609    .text               mf_w.l(fcmple.o)
    0x08000696   0x08000696   0x0000001c   Code   RO         1611    .text               mf_w.l(fcmplt.o)
    0x080006b2   0x080006b2   0x0000001c   Code   RO         1613    .text               mf_w.l(fcmpeq.o)
    0x080006ce   0x080006ce   0x00000012   Code   RO         1615    .text               mf_w.l(fflti.o)
    0x080006e0   0x080006e0   0x0000000a   Code   RO         1617    .text               mf_w.l(ffltui.o)
    0x080006ea   0x080006ea   0x00000022   Code   RO         1619    .text               mf_w.l(dflti.o)
    0x0800070c   0x0800070c   0x00000032   Code   RO         1621    .text               mf_w.l(ffixi.o)
    0x0800073e   0x0800073e   0x0000003e   Code   RO         1623    .text               mf_w.l(dfixi.o)
    0x0800077c   0x0800077c   0x00000026   Code   RO         1625    .text               mf_w.l(f2d.o)
    0x080007a2   0x080007a2   0x00000038   Code   RO         1627    .text               mf_w.l(d2f.o)
    0x080007da   0x080007da   0x0000002c   Code   RO         1685    .text               mc_w.l(uidiv.o)
    0x08000806   0x08000806   0x00000062   Code   RO         1687    .text               mc_w.l(uldiv.o)
    0x08000868   0x08000868   0x0000001e   Code   RO         1689    .text               mc_w.l(llshl.o)
    0x08000886   0x08000886   0x00000020   Code   RO         1691    .text               mc_w.l(llushr.o)
    0x080008a6   0x080008a6   0x00000024   Code   RO         1693    .text               mc_w.l(llsshr.o)
    0x080008ca   0x080008ca   0x00000000   Code   RO         1702    .text               mc_w.l(iusefp.o)
    0x080008ca   0x080008ca   0x0000006e   Code   RO         1703    .text               mf_w.l(fepilogue.o)
    0x08000938   0x08000938   0x000000ba   Code   RO         1705    .text               mf_w.l(depilogue.o)
    0x080009f2   0x080009f2   0x0000002e   Code   RO         1707    .text               mf_w.l(dscalb.o)
    0x08000a20   0x08000a20   0x00000030   Code   RO         1709    .text               mf_w.l(dfixul.o)
    0x08000a50   0x08000a50   0x00000030   Code   RO         1711    .text               mf_w.l(cdcmple.o)
    0x08000a80   0x08000a80   0x00000030   Code   RO         1713    .text               mf_w.l(cdrcmple.o)
    0x08000ab0   0x08000ab0   0x00000024   Code   RO         1715    .text               mc_w.l(init.o)
    0x08000ad4   0x08000ad4   0x00000000   Code   RO         1717    .text               mc_w.l(semi.o)
    0x08000ad4   0x08000ad4   0x00000000   Code   RO         1718    .text               mc_w.l(iusesemip.o)
    0x08000ad4   0x08000ad4   0x000000a2   Code   RO         1719    .text               mf_w.l(dsqrt.o)
    0x08000b76   0x08000b76   0x00000002   PAD
    0x08000b78   0x08000b78   0x00000004   Code   RO          110    .text.BusFault_Handler  stm32f1xx_it.o
    0x08000b7c   0x08000b7c   0x00000002   Code   RO          116    .text.DebugMon_Handler  stm32f1xx_it.o
    0x08000b7e   0x08000b7e   0x00000002   PAD
    0x08000b80   0x08000b80   0x0000000a   Code   RO          122    .text.EXTI0_IRQHandler  stm32f1xx_it.o
    0x08000b8a   0x08000b8a   0x00000002   PAD
    0x08000b8c   0x08000b8c   0x0000000e   Code   RO           17    .text.Error_Handler  main.o
    0x08000b9a   0x08000b9a   0x00000002   PAD
    0x08000b9c   0x08000b9c   0x0000007c   Code   RO          476    .text.HAL_DMA_Abort  stm32f1xx_hal_dma.o
    0x08000c18   0x08000c18   0x0000011c   Code   RO          478    .text.HAL_DMA_Abort_IT  stm32f1xx_hal_dma.o
    0x08000d34   0x08000d34   0x00000042   Code   RO          349    .text.HAL_Delay     stm32f1xx_hal.o
    0x08000d76   0x08000d76   0x00000002   PAD
    0x08000d78   0x08000d78   0x0000000a   Code   RO          457    .text.HAL_GPIO_EXTI_Callback  stm32f1xx_hal_gpio.o
    0x08000d82   0x08000d82   0x00000002   PAD
    0x08000d84   0x08000d84   0x00000038   Code   RO          455    .text.HAL_GPIO_EXTI_IRQHandler  stm32f1xx_hal_gpio.o
    0x08000dbc   0x08000dbc   0x0000031e   Code   RO          443    .text.HAL_GPIO_Init  stm32f1xx_hal_gpio.o
    0x080010da   0x080010da   0x00000002   PAD
    0x080010dc   0x080010dc   0x0000002e   Code   RO          447    .text.HAL_GPIO_ReadPin  stm32f1xx_hal_gpio.o
    0x0800110a   0x0800110a   0x00000002   PAD
    0x0800110c   0x0800110c   0x0000002e   Code   RO          449    .text.HAL_GPIO_WritePin  stm32f1xx_hal_gpio.o
    0x0800113a   0x0800113a   0x00000002   PAD
    0x0800113c   0x0800113c   0x0000000c   Code   RO          341    .text.HAL_GetTick   stm32f1xx_hal.o
    0x08001148   0x08001148   0x000002a4   Code   RO          160    .text.HAL_I2C_Init  stm32f1xx_hal_i2c.o
    0x080013ec   0x080013ec   0x00000210   Code   RO          210    .text.HAL_I2C_Mem_Write  stm32f1xx_hal_i2c.o
    0x080015fc   0x080015fc   0x000000a2   Code   RO           46    .text.HAL_I2C_MspInit  i2c.o
    0x0800169e   0x0800169e   0x00000002   PAD
    0x080016a0   0x080016a0   0x0000001a   Code   RO          339    .text.HAL_IncTick   stm32f1xx_hal.o
    0x080016ba   0x080016ba   0x00000002   PAD
    0x080016bc   0x080016bc   0x00000026   Code   RO          329    .text.HAL_Init      stm32f1xx_hal.o
    0x080016e2   0x080016e2   0x00000002   PAD
    0x080016e4   0x080016e4   0x00000070   Code   RO          331    .text.HAL_InitTick  stm32f1xx_hal.o
    0x08001754   0x08001754   0x00000064   Code   RO          139    .text.HAL_MspInit   stm32f1xx_hal_msp.o
    0x080017b8   0x080017b8   0x00000014   Code   RO          511    .text.HAL_NVIC_EnableIRQ  stm32f1xx_hal_cortex.o
    0x080017cc   0x080017cc   0x00000032   Code   RO          503    .text.HAL_NVIC_SetPriority  stm32f1xx_hal_cortex.o
    0x080017fe   0x080017fe   0x00000002   PAD
    0x08001800   0x08001800   0x00000010   Code   RO          499    .text.HAL_NVIC_SetPriorityGrouping  stm32f1xx_hal_cortex.o
    0x08001810   0x08001810   0x00000256   Code   RO          395    .text.HAL_RCC_ClockConfig  stm32f1xx_hal_rcc.o
    0x08001a66   0x08001a66   0x00000002   PAD
    0x08001a68   0x08001a68   0x0000000c   Code   RO          405    .text.HAL_RCC_GetHCLKFreq  stm32f1xx_hal_rcc.o
    0x08001a74   0x08001a74   0x00000022   Code   RO          407    .text.HAL_RCC_GetPCLK1Freq  stm32f1xx_hal_rcc.o
    0x08001a96   0x08001a96   0x00000002   PAD
    0x08001a98   0x08001a98   0x00000022   Code   RO          409    .text.HAL_RCC_GetPCLK2Freq  stm32f1xx_hal_rcc.o
    0x08001aba   0x08001aba   0x00000002   PAD
    0x08001abc   0x08001abc   0x000000e4   Code   RO          397    .text.HAL_RCC_GetSysClockFreq  stm32f1xx_hal_rcc.o
    0x08001ba0   0x08001ba0   0x0000067a   Code   RO          391    .text.HAL_RCC_OscConfig  stm32f1xx_hal_rcc.o
    0x0800221a   0x0800221a   0x00000002   PAD
    0x0800221c   0x0800221c   0x00000010   Code   RO          523    .text.HAL_SYSTICK_Config  stm32f1xx_hal_cortex.o
    0x0800222c   0x0800222c   0x00000008   Code   RO         1030    .text.HAL_TIMEx_BreakCallback  stm32f1xx_hal_tim_ex.o
    0x08002234   0x08002234   0x00000008   Code   RO         1026    .text.HAL_TIMEx_CommutCallback  stm32f1xx_hal_tim_ex.o
    0x0800223c   0x0800223c   0x000000b2   Code   RO         1022    .text.HAL_TIMEx_ConfigBreakDeadTime  stm32f1xx_hal_tim_ex.o
    0x080022ee   0x080022ee   0x00000002   PAD
    0x080022f0   0x080022f0   0x000000dc   Code   RO         1020    .text.HAL_TIMEx_MasterConfigSynchronization  stm32f1xx_hal_tim_ex.o
    0x080023cc   0x080023cc   0x0000009c   Code   RO          707    .text.HAL_TIM_Base_Init  stm32f1xx_hal_tim.o
    0x08002468   0x08002468   0x000000e6   Code   RO           68    .text.HAL_TIM_Base_MspInit  tim.o
    0x0800254e   0x0800254e   0x00000002   PAD
    0x08002550   0x08002550   0x000000b0   Code   RO          721    .text.HAL_TIM_Base_Start_IT  stm32f1xx_hal_tim.o
    0x08002600   0x08002600   0x00000176   Code   RO          899    .text.HAL_TIM_ConfigClockSource  stm32f1xx_hal_tim.o
    0x08002776   0x08002776   0x00000002   PAD
    0x08002778   0x08002778   0x00000128   Code   RO          821    .text.HAL_TIM_Encoder_Init  stm32f1xx_hal_tim.o
    0x080028a0   0x080028a0   0x00000138   Code   RO           70    .text.HAL_TIM_Encoder_MspInit  tim.o
    0x080029d8   0x080029d8   0x0000014e   Code   RO          829    .text.HAL_TIM_Encoder_Start  stm32f1xx_hal_tim.o
    0x08002b26   0x08002b26   0x00000002   PAD
    0x08002b28   0x08002b28   0x00000008   Code   RO          843    .text.HAL_TIM_IC_CaptureCallback  stm32f1xx_hal_tim.o
    0x08002b30   0x08002b30   0x0000027a   Code   RO          841    .text.HAL_TIM_IRQHandler  stm32f1xx_hal_tim.o
    0x08002daa   0x08002daa   0x00000002   PAD
    0x08002dac   0x08002dac   0x00000060   Code   RO           60    .text.HAL_TIM_MspPostInit  tim.o
    0x08002e0c   0x08002e0c   0x00000008   Code   RO          845    .text.HAL_TIM_OC_DelayElapsedCallback  stm32f1xx_hal_tim.o
    0x08002e14   0x08002e14   0x00000134   Code   RO          873    .text.HAL_TIM_PWM_ConfigChannel  stm32f1xx_hal_tim.o
    0x08002f48   0x08002f48   0x0000009c   Code   RO          761    .text.HAL_TIM_PWM_Init  stm32f1xx_hal_tim.o
    0x08002fe4   0x08002fe4   0x00000008   Code   RO          763    .text.HAL_TIM_PWM_MspInit  stm32f1xx_hal_tim.o
    0x08002fec   0x08002fec   0x00000008   Code   RO          847    .text.HAL_TIM_PWM_PulseFinishedCallback  stm32f1xx_hal_tim.o
    0x08002ff4   0x08002ff4   0x00000160   Code   RO          769    .text.HAL_TIM_PWM_Start  stm32f1xx_hal_tim.o
    0x08003154   0x08003154   0x000002b6   Code   RO         1225    .text.HAL_TIM_PeriodElapsedCallback  bsp_motor.o
    0x0800340a   0x0800340a   0x00000002   PAD
    0x0800340c   0x0800340c   0x00000008   Code   RO          851    .text.HAL_TIM_TriggerCallback  stm32f1xx_hal_tim.o
    0x08003414   0x08003414   0x0000000c   Code   RO         1133    .text.HAL_UARTEx_RxEventCallback  stm32f1xx_hal_uart.o
    0x08003420   0x08003420   0x00000008   Code   RO         1131    .text.HAL_UART_ErrorCallback  stm32f1xx_hal_uart.o
    0x08003428   0x08003428   0x00000344   Code   RO         1125    .text.HAL_UART_IRQHandler  stm32f1xx_hal_uart.o
    0x0800376c   0x0800376c   0x0000009a   Code   RO         1043    .text.HAL_UART_Init  stm32f1xx_hal_uart.o
    0x08003806   0x08003806   0x00000002   PAD
    0x08003808   0x08003808   0x0000012e   Code   RO           91    .text.HAL_UART_MspInit  usart.o
    0x08003936   0x08003936   0x00000002   PAD
    0x08003938   0x08003938   0x00000008   Code   RO         1143    .text.HAL_UART_RxCpltCallback  stm32f1xx_hal_uart.o
    0x08003940   0x08003940   0x0000014e   Code   RO         1059    .text.HAL_UART_Transmit  stm32f1xx_hal_uart.o
    0x08003a8e   0x08003a8e   0x00000002   PAD
    0x08003a90   0x08003a90   0x00000008   Code   RO         1139    .text.HAL_UART_TxCpltCallback  stm32f1xx_hal_uart.o
    0x08003a98   0x08003a98   0x00000004   Code   RO          106    .text.HardFault_Handler  stm32f1xx_it.o
    0x08003a9c   0x08003a9c   0x00000064   Code   RO          320    .text.I2C_IsAcknowledgeFailed  stm32f1xx_hal_i2c.o
    0x08003b00   0x08003b00   0x0000013a   Code   RO          212    .text.I2C_RequestMemoryWrite  stm32f1xx_hal_i2c.o
    0x08003c3a   0x08003c3a   0x00000002   PAD
    0x08003c3c   0x08003c3c   0x00000096   Code   RO          176    .text.I2C_WaitOnBTFFlagUntilTimeout  stm32f1xx_hal_i2c.o
    0x08003cd2   0x08003cd2   0x00000002   PAD
    0x08003cd4   0x08003cd4   0x000000be   Code   RO          170    .text.I2C_WaitOnFlagUntilTimeout  stm32f1xx_hal_i2c.o
    0x08003d92   0x08003d92   0x00000002   PAD
    0x08003d94   0x08003d94   0x00000110   Code   RO          318    .text.I2C_WaitOnMasterAddressFlagUntilTimeout  stm32f1xx_hal_i2c.o
    0x08003ea4   0x08003ea4   0x00000094   Code   RO          174    .text.I2C_WaitOnTXEFlagUntilTimeout  stm32f1xx_hal_i2c.o
    0x08003f38   0x08003f38   0x00000050   Code   RO         1198    .text.IIC_Ack       bsp_iic.o
    0x08003f88   0x08003f88   0x00000026   Code   RO         1188    .text.IIC_Delay     bsp_iic.o
    0x08003fae   0x08003fae   0x00000002   PAD
    0x08003fb0   0x08003fb0   0x00000066   Code   RO         1202    .text.IIC_GPIO_Init  bsp_iic.o
    0x08004016   0x08004016   0x00000002   PAD
    0x08004018   0x08004018   0x00000042   Code   RO         1196    .text.IIC_NAck      bsp_iic.o
    0x0800405a   0x0800405a   0x00000002   PAD
    0x0800405c   0x0800405c   0x0000009a   Code   RO         1194    .text.IIC_Read_Byte  bsp_iic.o
    0x080040f6   0x080040f6   0x00000002   PAD
    0x080040f8   0x080040f8   0x000000b4   Code   RO         1192    .text.IIC_Send_Byte  bsp_iic.o
    0x080041ac   0x080041ac   0x00000050   Code   RO         1186    .text.IIC_Start     bsp_iic.o
    0x080041fc   0x080041fc   0x0000003a   Code   RO         1190    .text.IIC_Stop      bsp_iic.o
    0x08004236   0x08004236   0x00000002   PAD
    0x08004238   0x08004238   0x0000006a   Code   RO         1200    .text.IIC_Wait_Ack  bsp_iic.o
    0x080042a2   0x080042a2   0x00000002   PAD
    0x080042a4   0x080042a4   0x000000aa   Code   RO         1524    .text.Key_Proc      pid.o
    0x0800434e   0x0800434e   0x00000002   PAD
    0x08004350   0x08004350   0x0000005e   Code   RO         1522    .text.Key_Scan      pid.o
    0x080043ae   0x080043ae   0x00000002   PAD
    0x080043b0   0x080043b0   0x0000005e   Code   RO         1491    .text.MPU_Get_Accelerometer  mpu6050.o
    0x0800440e   0x0800440e   0x00000002   PAD
    0x08004410   0x08004410   0x0000005e   Code   RO         1489    .text.MPU_Get_Gyroscope  mpu6050.o
    0x0800446e   0x0800446e   0x00000002   PAD
    0x08004470   0x08004470   0x0000009a   Code   RO         1471    .text.MPU_Init      mpu6050.o
    0x0800450a   0x0800450a   0x00000002   PAD
    0x0800450c   0x0800450c   0x00000046   Code   RO         1481    .text.MPU_Read_Byte  mpu6050.o
    0x08004552   0x08004552   0x00000002   PAD
    0x08004554   0x08004554   0x000000aa   Code   RO         1487    .text.MPU_Read_Len  mpu6050.o
    0x080045fe   0x080045fe   0x00000002   PAD
    0x08004600   0x08004600   0x0000001a   Code   RO         1477    .text.MPU_Set_Accel_Fsr  mpu6050.o
    0x0800461a   0x0800461a   0x00000002   PAD
    0x0800461c   0x0800461c   0x0000001a   Code   RO         1475    .text.MPU_Set_Gyro_Fsr  mpu6050.o
    0x08004636   0x08004636   0x00000002   PAD
    0x08004638   0x08004638   0x00000086   Code   RO         1483    .text.MPU_Set_LPF   mpu6050.o
    0x080046be   0x080046be   0x00000002   PAD
    0x080046c0   0x080046c0   0x0000005e   Code   RO         1479    .text.MPU_Set_Rate  mpu6050.o
    0x0800471e   0x0800471e   0x00000002   PAD
    0x08004720   0x08004720   0x00000066   Code   RO         1473    .text.MPU_Write_Byte  mpu6050.o
    0x08004786   0x08004786   0x00000002   PAD
    0x08004788   0x08004788   0x0000009a   Code   RO         1493    .text.MPU_Write_Len  mpu6050.o
    0x08004822   0x08004822   0x00000002   PAD
    0x08004824   0x08004824   0x000001b4   Code   RO           36    .text.MX_GPIO_Init  gpio.o
    0x080049d8   0x080049d8   0x00000048   Code   RO           44    .text.MX_I2C1_Init  i2c.o
    0x08004a20   0x08004a20   0x00000138   Code   RO           58    .text.MX_TIM1_Init  tim.o
    0x08004b58   0x08004b58   0x00000082   Code   RO           62    .text.MX_TIM2_Init  tim.o
    0x08004bda   0x08004bda   0x00000002   PAD
    0x08004bdc   0x08004bdc   0x0000007e   Code   RO           64    .text.MX_TIM3_Init  tim.o
    0x08004c5a   0x08004c5a   0x00000002   PAD
    0x08004c5c   0x08004c5c   0x0000007e   Code   RO           66    .text.MX_TIM4_Init  tim.o
    0x08004cda   0x08004cda   0x00000002   PAD
    0x08004cdc   0x08004cdc   0x00000040   Code   RO           87    .text.MX_USART1_UART_Init  usart.o
    0x08004d1c   0x08004d1c   0x00000040   Code   RO           89    .text.MX_USART2_UART_Init  usart.o
    0x08004d5c   0x08004d5c   0x00000004   Code   RO          108    .text.MemManage_Handler  stm32f1xx_it.o
    0x08004d60   0x08004d60   0x0000006e   Code   RO         1215    .text.Motor_Init    bsp_motor.o
    0x08004dce   0x08004dce   0x00000002   PAD
    0x08004dd0   0x08004dd0   0x00000004   Code   RO          104    .text.NMI_Handler   stm32f1xx_it.o
    0x08004dd4   0x08004dd4   0x0000006c   Code   RO          509    .text.NVIC_EncodePriority  stm32f1xx_hal_cortex.o
    0x08004e40   0x08004e40   0x0000000a   Code   RO         1246    .text.OLED_Clear    bsp_oled.o
    0x08004e4a   0x08004e4a   0x00000002   PAD
    0x08004e4c   0x08004e4c   0x0000006e   Code   RO         1250    .text.OLED_Fill     bsp_oled.o
    0x08004eba   0x08004eba   0x00000002   PAD
    0x08004ebc   0x08004ebc   0x000000c0   Code   RO         1244    .text.OLED_Init     bsp_oled.o
    0x08004f7c   0x08004f7c   0x0000010c   Code   RO           15    .text.OLED_Proc     main.o
    0x08005088   0x08005088   0x00000038   Code   RO         1248    .text.OLED_SetPos   bsp_oled.o
    0x080050c0   0x080050c0   0x000001ba   Code   RO         1256    .text.OLED_ShowStr  bsp_oled.o
    0x0800527a   0x0800527a   0x00000002   PAD
    0x0800527c   0x0800527c   0x00000050   Code   RO         1520    .text.PID_Init      pid.o
    0x080052cc   0x080052cc   0x000000b8   Code   RO         1223    .text.PWM_LOAD      bsp_motor.o
    0x08005384   0x08005384   0x00000002   Code   RO          118    .text.PendSV_Handler  stm32f1xx_it.o
    0x08005386   0x08005386   0x00000002   PAD
    0x08005388   0x08005388   0x0000003a   Code   RO          393    .text.RCC_Delay     stm32f1xx_hal_rcc.o
    0x080053c2   0x080053c2   0x00000002   PAD
    0x080053c4   0x080053c4   0x00000052   Code   RO         1219    .text.Read_Speed    bsp_motor.o
    0x08005416   0x08005416   0x00000002   PAD
    0x08005418   0x08005418   0x00000002   Code   RO          114    .text.SVC_Handler   stm32f1xx_it.o
    0x0800541a   0x0800541a   0x00000002   PAD
    0x0800541c   0x0800541c   0x00000052   Code   RO          525    .text.SysTick_Config  stm32f1xx_hal_cortex.o
    0x0800546e   0x0800546e   0x00000002   PAD
    0x08005470   0x08005470   0x00000008   Code   RO          120    .text.SysTick_Handler  stm32f1xx_it.o
    0x08005478   0x08005478   0x0000006c   Code   RO           13    .text.SystemClock_Config  main.o
    0x080054e4   0x080054e4   0x00000002   Code   RO         1172    .text.SystemInit    system_stm32f1xx.o
    0x080054e6   0x080054e6   0x00000002   PAD
    0x080054e8   0x080054e8   0x00000010   Code   RO          124    .text.TIM2_IRQHandler  stm32f1xx_it.o
    0x080054f8   0x080054f8   0x00000010   Code   RO          126    .text.TIM3_IRQHandler  stm32f1xx_it.o
    0x08005508   0x08005508   0x00000010   Code   RO          128    .text.TIM4_IRQHandler  stm32f1xx_it.o
    0x08005518   0x08005518   0x000000f0   Code   RO          711    .text.TIM_Base_SetConfig  stm32f1xx_hal_tim.o
    0x08005608   0x08005608   0x00000036   Code   RO          745    .text.TIM_CCxChannelCmd  stm32f1xx_hal_tim.o
    0x0800563e   0x0800563e   0x00000002   PAD
    0x08005640   0x08005640   0x00000034   Code   RO          897    .text.TIM_ETR_SetConfig  stm32f1xx_hal_tim.o
    0x08005674   0x08005674   0x0000002a   Code   RO          903    .text.TIM_ITRx_SetConfig  stm32f1xx_hal_tim.o
    0x0800569e   0x0800569e   0x00000002   PAD
    0x080056a0   0x080056a0   0x000000ce   Code   RO          855    .text.TIM_OC1_SetConfig  stm32f1xx_hal_tim.o
    0x0800576e   0x0800576e   0x00000002   PAD
    0x08005770   0x08005770   0x000000d8   Code   RO          857    .text.TIM_OC2_SetConfig  stm32f1xx_hal_tim.o
    0x08005848   0x08005848   0x000000d6   Code   RO          859    .text.TIM_OC3_SetConfig  stm32f1xx_hal_tim.o
    0x0800591e   0x0800591e   0x00000002   PAD
    0x08005920   0x08005920   0x00000096   Code   RO          861    .text.TIM_OC4_SetConfig  stm32f1xx_hal_tim.o
    0x080059b6   0x080059b6   0x00000002   PAD
    0x080059b8   0x080059b8   0x00000050   Code   RO          901    .text.TIM_TI1_ConfigInputStage  stm32f1xx_hal_tim.o
    0x08005a08   0x08005a08   0x00000052   Code   RO          905    .text.TIM_TI2_ConfigInputStage  stm32f1xx_hal_tim.o
    0x08005a5a   0x08005a5a   0x00000002   PAD
    0x08005a5c   0x08005a5c   0x00000024   Code   RO         1516    .text.Turn          pid.o
    0x08005a80   0x08005a80   0x00000020   Code   RO         1129    .text.UART_DMAAbortOnError  stm32f1xx_hal_uart.o
    0x08005aa0   0x08005aa0   0x00000046   Code   RO         1091    .text.UART_EndRxTransfer  stm32f1xx_hal_uart.o
    0x08005ae6   0x08005ae6   0x00000002   PAD
    0x08005ae8   0x08005ae8   0x00000026   Code   RO         1137    .text.UART_EndTransmit_IT  stm32f1xx_hal_uart.o
    0x08005b0e   0x08005b0e   0x00000002   PAD
    0x08005b10   0x08005b10   0x0000014a   Code   RO         1127    .text.UART_Receive_IT  stm32f1xx_hal_uart.o
    0x08005c5a   0x08005c5a   0x00000002   PAD
    0x08005c5c   0x08005c5c   0x000000ba   Code   RO         1047    .text.UART_SetConfig  stm32f1xx_hal_uart.o
    0x08005d16   0x08005d16   0x00000002   PAD
    0x08005d18   0x08005d18   0x00000094   Code   RO         1135    .text.UART_Transmit_IT  stm32f1xx_hal_uart.o
    0x08005dac   0x08005dac   0x0000009c   Code   RO         1061    .text.UART_WaitOnFlagUntilTimeout  stm32f1xx_hal_uart.o
    0x08005e48   0x08005e48   0x00000010   Code   RO          130    .text.USART1_IRQHandler  stm32f1xx_it.o
    0x08005e58   0x08005e58   0x00000004   Code   RO          112    .text.UsageFault_Handler  stm32f1xx_it.o
    0x08005e5c   0x08005e5c   0x00000188   Code   RO         1514    .text.Velocity      pid.o
    0x08005fe4   0x08005fe4   0x0000004c   Code   RO         1512    .text.Vertical      pid.o
    0x08006030   0x08006030   0x0000002c   Code   RO         1240    .text.WriteCmd      bsp_oled.o
    0x0800605c   0x0800605c   0x0000002c   Code   RO         1242    .text.WriteDat      bsp_oled.o
    0x08006088   0x08006088   0x00000030   Code   RO          513    .text.__NVIC_EnableIRQ  stm32f1xx_hal_cortex.o
    0x080060b8   0x080060b8   0x00000010   Code   RO          505    .text.__NVIC_GetPriorityGrouping  stm32f1xx_hal_cortex.o
    0x080060c8   0x080060c8   0x00000042   Code   RO          507    .text.__NVIC_SetPriority  stm32f1xx_hal_cortex.o
    0x0800610a   0x0800610a   0x00000002   PAD
    0x0800610c   0x0800610c   0x0000003c   Code   RO          501    .text.__NVIC_SetPriorityGrouping  stm32f1xx_hal_cortex.o
    0x08006148   0x08006148   0x000000e4   Code   RO         1352    .text.accel_self_test  inv_mpu.o
    0x0800622c   0x0800622c   0x0000009c   Code   RO         1447    .text.decode_gesture  inv_mpu_dmp_motion_driver.o
    0x080062c8   0x080062c8   0x00000046   Code   RO         1439    .text.dmp_enable_6x_lp_quat  inv_mpu_dmp_motion_driver.o
    0x0800630e   0x0800630e   0x00000002   PAD
    0x08006310   0x08006310   0x000002aa   Code   RO         1433    .text.dmp_enable_feature  inv_mpu_dmp_motion_driver.o
    0x080065ba   0x080065ba   0x00000002   PAD
    0x080065bc   0x080065bc   0x0000006a   Code   RO         1435    .text.dmp_enable_gyro_cal  inv_mpu_dmp_motion_driver.o
    0x08006626   0x08006626   0x00000002   PAD
    0x08006628   0x08006628   0x00000046   Code   RO         1437    .text.dmp_enable_lp_quat  inv_mpu_dmp_motion_driver.o
    0x0800666e   0x0800666e   0x00000002   PAD
    0x08006670   0x08006670   0x0000001a   Code   RO         1397    .text.dmp_load_motion_driver_firmware  inv_mpu_dmp_motion_driver.o
    0x0800668a   0x0800668a   0x00000002   PAD
    0x0800668c   0x0800668c   0x000001d2   Code   RO         1445    .text.dmp_read_fifo  inv_mpu_dmp_motion_driver.o
    0x0800685e   0x0800685e   0x00000002   PAD
    0x08006860   0x08006860   0x00000156   Code   RO         1403    .text.dmp_set_accel_bias  inv_mpu_dmp_motion_driver.o
    0x080069b6   0x080069b6   0x00000002   PAD
    0x080069b8   0x080069b8   0x000000a4   Code   RO         1405    .text.dmp_set_fifo_rate  inv_mpu_dmp_motion_driver.o
    0x08006a5c   0x08006a5c   0x00000150   Code   RO         1401    .text.dmp_set_gyro_bias  inv_mpu_dmp_motion_driver.o
    0x08006bac   0x08006bac   0x000001b0   Code   RO         1399    .text.dmp_set_orientation  inv_mpu_dmp_motion_driver.o
    0x08006d5c   0x08006d5c   0x00000056   Code   RO         1419    .text.dmp_set_shake_reject_thresh  inv_mpu_dmp_motion_driver.o
    0x08006db2   0x08006db2   0x00000002   PAD
    0x08006db4   0x08006db4   0x0000003e   Code   RO         1421    .text.dmp_set_shake_reject_time  inv_mpu_dmp_motion_driver.o
    0x08006df2   0x08006df2   0x00000002   PAD
    0x08006df4   0x08006df4   0x0000003e   Code   RO         1423    .text.dmp_set_shake_reject_timeout  inv_mpu_dmp_motion_driver.o
    0x08006e32   0x08006e32   0x00000002   PAD
    0x08006e34   0x08006e34   0x0000006c   Code   RO         1411    .text.dmp_set_tap_axes  inv_mpu_dmp_motion_driver.o
    0x08006ea0   0x08006ea0   0x0000004a   Code   RO         1413    .text.dmp_set_tap_count  inv_mpu_dmp_motion_driver.o
    0x08006eea   0x08006eea   0x00000002   PAD
    0x08006eec   0x08006eec   0x000001fc   Code   RO         1409    .text.dmp_set_tap_thresh  inv_mpu_dmp_motion_driver.o
    0x080070e8   0x080070e8   0x00000040   Code   RO         1415    .text.dmp_set_tap_time  inv_mpu_dmp_motion_driver.o
    0x08007128   0x08007128   0x00000040   Code   RO         1417    .text.dmp_set_tap_time_multi  inv_mpu_dmp_motion_driver.o
    0x08007168   0x08007168   0x00000106   Code   RO         1382    .text.get_accel_prod_shift  inv_mpu.o
    0x0800726e   0x0800726e   0x00000002   PAD
    0x08007270   0x08007270   0x00000560   Code   RO         1350    .text.get_st_biases  inv_mpu.o
    0x080077d0   0x080077d0   0x00000024   Code   RO         1221    .text.gfp_abs       bsp_motor.o
    0x080077f4   0x080077f4   0x00000162   Code   RO         1354    .text.gyro_self_test  inv_mpu.o
    0x08007956   0x08007956   0x00000002   PAD
    0x08007958   0x08007958   0x00000044   Code   RO         1374    .text.inv_orientation_matrix_to_scalar  inv_mpu.o
    0x0800799c   0x0800799c   0x0000009c   Code   RO         1376    .text.inv_row_2_scale  inv_mpu.o
    0x08007a38   0x08007a38   0x000000dc   Code   RO           11    .text.main          main.o
    0x08007b14   0x08007b14   0x00000008   Code   RO         1306    .text.mget_ms       inv_mpu.o
    0x08007b1c   0x08007b1c   0x000000d2   Code   RO         1294    .text.mpu_configure_fifo  inv_mpu.o
    0x08007bee   0x08007bee   0x00000002   PAD
    0x08007bf0   0x08007bf0   0x0000021a   Code   RO         1380    .text.mpu_dmp_get_data  inv_mpu.o
    0x08007e0a   0x08007e0a   0x00000002   PAD
    0x08007e0c   0x08007e0c   0x00000110   Code   RO         1378    .text.mpu_dmp_init  inv_mpu.o
    0x08007f1c   0x08007f1c   0x0000006c   Code   RO         1318    .text.mpu_get_accel_fsr  inv_mpu.o
    0x08007f88   0x08007f88   0x00000074   Code   RO         1330    .text.mpu_get_accel_sens  inv_mpu.o
    0x08007ffc   0x08007ffc   0x00000018   Code   RO         1332    .text.mpu_get_fifo_config  inv_mpu.o
    0x08008014   0x08008014   0x00000054   Code   RO         1316    .text.mpu_get_gyro_fsr  inv_mpu.o
    0x08008068   0x08008068   0x00000068   Code   RO         1328    .text.mpu_get_gyro_sens  inv_mpu.o
    0x080080d0   0x080080d0   0x00000064   Code   RO         1320    .text.mpu_get_lpf   inv_mpu.o
    0x08008134   0x08008134   0x00000038   Code   RO         1322    .text.mpu_get_sample_rate  inv_mpu.o
    0x0800816c   0x0800816c   0x0000024e   Code   RO         1284    .text.mpu_init      inv_mpu.o
    0x080083ba   0x080083ba   0x00000002   PAD
    0x080083bc   0x080083bc   0x00000134   Code   RO         1360    .text.mpu_load_firmware  inv_mpu.o
    0x080084f0   0x080084f0   0x0000012a   Code   RO         1300    .text.mpu_lp_accel_mode  inv_mpu.o
    0x0800861a   0x0800861a   0x00000002   PAD
    0x0800861c   0x0800861c   0x00000128   Code   RO         1342    .text.mpu_read_fifo_stream  inv_mpu.o
    0x08008744   0x08008744   0x000000be   Code   RO         1358    .text.mpu_read_mem  inv_mpu.o
    0x08008802   0x08008802   0x00000002   PAD
    0x08008804   0x08008804   0x00000290   Code   RO         1314    .text.mpu_reset_fifo  inv_mpu.o
    0x08008a94   0x08008a94   0x0000017a   Code   RO         1346    .text.mpu_run_self_test  inv_mpu.o
    0x08008c0e   0x08008c0e   0x00000002   PAD
    0x08008c10   0x08008c10   0x000000c8   Code   RO         1288    .text.mpu_set_accel_fsr  inv_mpu.o
    0x08008cd8   0x08008cd8   0x000001f2   Code   RO         1296    .text.mpu_set_bypass  inv_mpu.o
    0x08008eca   0x08008eca   0x00000002   PAD
    0x08008ecc   0x08008ecc   0x000000d0   Code   RO         1348    .text.mpu_set_dmp_state  inv_mpu.o
    0x08008f9c   0x08008f9c   0x000000d0   Code   RO         1286    .text.mpu_set_gyro_fsr  inv_mpu.o
    0x0800906c   0x0800906c   0x000000b8   Code   RO         1302    .text.mpu_set_int_latched  inv_mpu.o
    0x08009124   0x08009124   0x000000e2   Code   RO         1290    .text.mpu_set_lpf   inv_mpu.o
    0x08009206   0x08009206   0x00000002   PAD
    0x08009208   0x08009208   0x000000fa   Code   RO         1292    .text.mpu_set_sample_rate  inv_mpu.o
    0x08009302   0x08009302   0x00000002   PAD
    0x08009304   0x08009304   0x0000015a   Code   RO         1298    .text.mpu_set_sensors  inv_mpu.o
    0x0800945e   0x0800945e   0x00000002   PAD
    0x08009460   0x08009460   0x000000be   Code   RO         1356    .text.mpu_write_mem  inv_mpu.o
    0x0800951e   0x0800951e   0x00000002   PAD
    0x08009520   0x08009520   0x00000050   Code   RO         1518    .text.print         pid.o
    0x08009570   0x08009570   0x000000a4   Code   RO         1372    .text.run_self_test  inv_mpu.o
    0x08009614   0x08009614   0x000000f2   Code   RO         1334    .text.set_int_enable  inv_mpu.o
    0x08009706   0x08009706   0x00000002   PAD
    0x08009708   0x08009708   0x00000020   Code   RO         1570    i.__0printf         mc_w.l(printfa.o)
    0x08009728   0x08009728   0x00000028   Code   RO         1572    i.__0sprintf        mc_w.l(printfa.o)
    0x08009750   0x08009750   0x00000024   Code   RO         1576    i.__0vsprintf       mc_w.l(printfa.o)
    0x08009774   0x08009774   0x00000028   Code   RO         1648    i.__ARM_fpclassify  m_ws.l(fpclassify.o)
    0x0800979c   0x0800979c   0x000000aa   Code   RO         1650    i.__kernel_poly     m_ws.l(poly.o)
    0x08009846   0x08009846   0x00000006   Code   RO         1635    i.__mathlib_dbl_infnan  m_ws.l(dunder.o)
    0x0800984c   0x0800984c   0x00000004   Code   RO         1636    i.__mathlib_dbl_infnan2  m_ws.l(dunder.o)
    0x08009850   0x08009850   0x0000000c   Code   RO         1637    i.__mathlib_dbl_invalid  m_ws.l(dunder.o)
    0x0800985c   0x0800985c   0x00000010   Code   RO         1640    i.__mathlib_dbl_underflow  m_ws.l(dunder.o)
    0x0800986c   0x0800986c   0x0000000e   Code   RO         1723    i.__scatterload_copy  mc_w.l(handlers.o)
    0x0800987a   0x0800987a   0x00000002   Code   RO         1724    i.__scatterload_null  mc_w.l(handlers.o)
    0x0800987c   0x0800987c   0x0000000e   Code   RO         1725    i.__scatterload_zeroinit  mc_w.l(handlers.o)
    0x0800988a   0x0800988a   0x00000002   PAD
    0x0800988c   0x0800988c   0x0000000c   Code   RO         1697    i.__set_errno       mc_w.l(errno.o)
    0x08009898   0x08009898   0x00000184   Code   RO         1577    i._fp_digits        mc_w.l(printfa.o)
    0x08009a1c   0x08009a1c   0x000006dc   Code   RO         1578    i._printf_core      mc_w.l(printfa.o)
    0x0800a0f8   0x0800a0f8   0x00000024   Code   RO         1579    i._printf_post_padding  mc_w.l(printfa.o)
    0x0800a11c   0x0800a11c   0x0000002e   Code   RO         1580    i._printf_pre_padding  mc_w.l(printfa.o)
    0x0800a14a   0x0800a14a   0x0000000a   Code   RO         1582    i._sputc            mc_w.l(printfa.o)
    0x0800a154   0x0800a154   0x00000270   Code   RO         1546    i.asin              m_ws.l(asin.o)
    0x0800a3c4   0x0800a3c4   0x00000220   Code   RO         1630    i.atan              m_ws.l(atan.o)
    0x0800a5e4   0x0800a5e4   0x0000019c   Code   RO         1551    i.atan2             m_ws.l(atan2.o)
    0x0800a780   0x0800a780   0x00000012   Code   RO         1671    i.fputc             mc_w.l(fputc.o)
    0x0800a792   0x0800a792   0x0000004c   Code   RO         1654    i.sqrt              m_ws.l(sqrt.o)
    0x0800a7de   0x0800a7de   0x00000002   PAD
    0x0800a7e0   0x0800a7e0   0x00000050   Data   RO         1547    .constdata          m_ws.l(asin.o)
    0x0800a830   0x0800a830   0x00000098   Data   RO         1631    .constdata          m_ws.l(atan.o)
    0x0800a8c8   0x0800a8c8   0x00000008   Data   RO         1652    .constdata          m_ws.l(qnan.o)
    0x0800a8d0   0x0800a8d0   0x00000010   Data   RO         1177    .rodata.AHBPrescTable  system_stm32f1xx.o
    0x0800a8e0   0x0800a8e0   0x00000008   Data   RO         1178    .rodata.APBPrescTable  system_stm32f1xx.o
    0x0800a8e8   0x0800a8e8   0x00000228   Data   RO         1271    .rodata.F6x8        bsp_oled.o
    0x0800ab10   0x0800ab10   0x000005f0   Data   RO         1272    .rodata.F8X16       bsp_oled.o
    0x0800b100   0x0800b100   0x00000bf6   Data   RO         1453    .rodata.dmp_memory  inv_mpu_dmp_motion_driver.o
    0x0800bcf6   0x0800bcf6   0x0000000c   Data   RO         1385    .rodata.hw          inv_mpu.o
    0x0800bd02   0x0800bd02   0x0000001b   Data   RO         1384    .rodata.reg         inv_mpu.o
    0x0800bd1d   0x0800bd1d   0x00000083   Data   RO           23    .rodata.str1.1      main.o
    0x0800bda0   0x0800bda0   0x00000091   Data   RO         1388    .rodata.str1.1      inv_mpu.o
    0x0800be31   0x0800be31   0x00000003   PAD
    0x0800be34   0x0800be34   0x00000028   Data   RO         1386    .rodata.test        inv_mpu.o
    0x0800be5c   0x0800be5c   0x00000020   Data   RO         1722    Region$$Table       anon$$obj.o


    Execution Region RW_IRAM1 (Exec base: 0x20000000, Load base: 0x0800be80, Size: 0x00000718, Max: 0x00005000, ABSOLUTE)

    Exec Addr    Load Addr    Size         Type   Attr      Idx    E Section Name        Object

    0x20000000   0x0800be80   0x00000004   Data   RW         1675    .data               mc_w.l(stdout.o)
    0x20000004   0x0800be84   0x00000004   Data   RW         1698    .data               mc_w.l(errno.o)
    0x20000008   0x0800be88   0x00000004   Data   RW         1228    .data.Med_Angle     bsp_motor.o
    0x2000000c   0x0800be8c   0x00000004   Data   RW         1176    .data.SystemCoreClock  system_stm32f1xx.o
    0x20000010   0x0800be90   0x00000009   Data   RW         1389    .data.gyro_orientation  inv_mpu.o
    0x20000019   0x0800be99   0x00000003   PAD
    0x2000001c   0x0800be9c   0x0000002c   Data   RW         1387    .data.st            inv_mpu.o
    0x20000048   0x0800bec8   0x00000001   Data   RW          380    .data.uwTickFreq    stm32f1xx_hal.o
    0x20000049   0x0800bec9   0x00000003   PAD
    0x2000004c   0x0800becc   0x00000004   Data   RW          379    .data.uwTickPrio    stm32f1xx_hal.o
    0x20000050        -       0x00000001   Zero   RW         1537    .bss.Key_Proc.ucKey_Old  pid.o
    0x20000051   0x0800bed0   0x00000003   PAD
    0x20000054        -       0x00000004   Zero   RW         1536    .bss.Key_Proc.uwTick_KEY_Speed  pid.o
    0x20000058        -       0x00000001   Zero   RW         1535    .bss.Key_Scan.ucKey_value  pid.o
    0x20000059        -       0x00000015   Zero   RW           24    .bss.OLED_Disp_Str  main.o
    0x2000006e   0x0800bed0   0x00000002   PAD
    0x20000070        -       0x00000004   Zero   RW           25    .bss.OLED_Proc.uwTick_OLED_Speed  main.o
    0x20000074        -       0x00000004   Zero   RW         1230    .bss.PWM_Out        bsp_motor.o
    0x20000078        -       0x00000004   Zero   RW         1229    .bss.Turn_Out       bsp_motor.o
    0x2000007c        -       0x00000010   Zero   RW         1534    .bss.VeloCity       pid.o
    0x2000008c        -       0x00000004   Zero   RW         1530    .bss.Velocity.ENco_Err_LowOut  pid.o
    0x20000090        -       0x00000004   Zero   RW         1531    .bss.Velocity.ENco_Err_LowOut_Last  pid.o
    0x20000094        -       0x00000004   Zero   RW         1533    .bss.Velocity.Error  pid.o
    0x20000098        -       0x00000004   Zero   RW         1532    .bss.Velocity.Integral  pid.o
    0x2000009c        -       0x00000004   Zero   RW         1529    .bss.Velocity.PWM_out  pid.o
    0x200000a0        -       0x00000010   Zero   RW         1528    .bss.VerTical       pid.o
    0x200000b0        -       0x00000002   Zero   RW         1498    .bss.aacx           mpu6050.o
    0x200000b2        -       0x00000002   Zero   RW         1499    .bss.aacy           mpu6050.o
    0x200000b4        -       0x00000002   Zero   RW         1500    .bss.aacz           mpu6050.o
    0x200000b6   0x0800bed0   0x00000002   PAD
    0x200000b8        -       0x00000010   Zero   RW         1458    .bss.dmp            inv_mpu_dmp_motion_driver.o
    0x200000c8        -       0x00000001   Zero   RW           26    .bss.fx             main.o
    0x200000c9   0x0800bed0   0x00000001   PAD
    0x200000ca        -       0x00000002   Zero   RW         1501    .bss.gyrox          mpu6050.o
    0x200000cc        -       0x00000002   Zero   RW         1502    .bss.gyroy          mpu6050.o
    0x200000ce        -       0x00000002   Zero   RW         1503    .bss.gyroz          mpu6050.o
    0x200000d0        -       0x00000054   Zero   RW           50    .bss.hi2c1          i2c.o
    0x20000124        -       0x00000048   Zero   RW           76    .bss.htim1          tim.o
    0x2000016c        -       0x00000048   Zero   RW           77    .bss.htim2          tim.o
    0x200001b4        -       0x00000048   Zero   RW           78    .bss.htim3          tim.o
    0x200001fc        -       0x00000048   Zero   RW           79    .bss.htim4          tim.o
    0x20000244        -       0x00000044   Zero   RW           95    .bss.huart1         usart.o
    0x20000288        -       0x00000044   Zero   RW           96    .bss.huart2         usart.o
    0x200002cc        -       0x0000001c   Zero   RW         1231    .bss.motor1         bsp_motor.o
    0x200002e8        -       0x0000001c   Zero   RW         1232    .bss.motor2         bsp_motor.o
    0x20000304        -       0x00000004   Zero   RW         1495    .bss.pitch          mpu6050.o
    0x20000308        -       0x00000004   Zero   RW         1496    .bss.roll           mpu6050.o
    0x2000030c        -       0x00000004   Zero   RW          381    .bss.uwTick         stm32f1xx_hal.o
    0x20000310        -       0x00000004   Zero   RW         1497    .bss.yaw            mpu6050.o
    0x20000314   0x0800bed0   0x00000004   PAD
    0x20000318        -       0x00000400   Zero   RW            1    STACK               startup_stm32f103xb.o


==============================================================================

Image component sizes


      Code (inc. data)   RO Data    RW Data    ZI Data      Debug   Object Name

       864          0          0          0          0       2885   bsp_iic.o
      1106          0          0          4         64       5487   bsp_motor.o
       898          0       2072          0          0       4064   bsp_oled.o
       436          0          0          0          0       2681   gpio.o
       234          0          0          0         84       4478   i2c.o
      9496         40        224         53          0      21045   inv_mpu.o
      3878         16       3062          0         16       8621   inv_mpu_dmp_motion_driver.o
       610          0        131          0         26       2883   main.o
      1118          0          0          0         24       3259   mpu6050.o
       928          0          0          0         58       6797   pid.o
        36          8        236          0       1024        784   startup_stm32f103xb.o
       254          0          0          5          4       5552   stm32f1xx_hal.o
       482          0          0          0          0       7503   stm32f1xx_hal_cortex.o
       408          0          0          0          0       6258   stm32f1xx_hal_dma.o
       956          0          0          0          0       4205   stm32f1xx_hal_gpio.o
      2378          0          0          0          0      36993   stm32f1xx_hal_i2c.o
       100          0          0          0          0       1180   stm32f1xx_hal_msp.o
      2622          0          0          0          0       7387   stm32f1xx_hal_rcc.o
      4162         14          0          0          0      34494   stm32f1xx_hal_tim.o
       414          0          0          0          0      14725   stm32f1xx_hal_tim_ex.o
      2320          0          0          0          0      17723   stm32f1xx_hal_uart.o
       108          0          0          0          0       1618   stm32f1xx_it.o
         2          0         24          4          0       1552   system_stm32f1xx.o
      1332          0          0          0        288       8658   tim.o
       430          0          0          0        136       5380   usart.o

    ----------------------------------------------------------------------
     35764         78       5784         72       1736     216212   Object Totals
         0          0         32          0          0          0   (incl. Generated)
       192          0          3          6         12          0   (incl. Padding)

    ----------------------------------------------------------------------

      Code (inc. data)   RO Data    RW Data    ZI Data      Debug   Library Member Name

       624         52         80          0          0        168   asin.o
       544         70        152          0          0        124   atan.o
       412         38          0          0          0        144   atan2.o
        38          6          0          0          0        272   dunder.o
        40          0          0          0          0         68   fpclassify.o
       170          0          0          0          0         96   poly.o
         0          0          8          0          0          0   qnan.o
        76          0          0          0          0         84   sqrt.o
         0          0          0          0          0          0   entry.o
         0          0          0          0          0          0   entry10a.o
         0          0          0          0          0          0   entry11a.o
         8          4          0          0          0          0   entry2.o
         4          0          0          0          0          0   entry5.o
         0          0          0          0          0          0   entry7b.o
         0          0          0          0          0          0   entry8b.o
         8          4          0          0          0          0   entry9a.o
        12          6          0          4          0         68   errno.o
        18          0          0          0          0         80   fputc.o
        30          0          0          0          0          0   handlers.o
        36          8          0          0          0         68   init.o
         0          0          0          0          0          0   iusefp.o
         0          0          0          0          0          0   iusesemip.o
        98          0          0          0          0         84   ldiv.o
        30          0          0          0          0         68   llshl.o
        36          0          0          0          0         68   llsshr.o
        32          0          0          0          0         68   llushr.o
        26          0          0          0          0         80   memcmp.o
        36          0          0          0          0        108   memseta.o
      2344        102          0          0          0        684   printfa.o
         0          0          0          0          0          0   semi.o
         8          0          0          0          0         68   slabs.o
         0          0          0          4          0          0   stdout.o
        14          0          0          0          0         68   strlen.o
        44          0          0          0          0         80   uidiv.o
        98          0          0          0          0         92   uldiv.o
        48          0          0          0          0         68   cdcmple.o
        48          0          0          0          0         68   cdrcmple.o
        56          0          0          0          0         88   d2f.o
       334          0          0          0          0        148   dadd.o
       222          0          0          0          0        100   ddiv.o
       186          0          0          0          0        176   depilogue.o
        62          0          0          0          0         80   dfixi.o
        48          0          0          0          0         68   dfixul.o
        34          0          0          0          0         76   dflti.o
       228          0          0          0          0         96   dmul.o
        46          0          0          0          0         80   dscalb.o
       162          0          0          0          0        100   dsqrt.o
        38          0          0          0          0         68   f2d.o
       176          0          0          0          0        140   fadd.o
        28          0          0          0          0         68   fcmpeq.o
        28          0          0          0          0         68   fcmple.o
        28          0          0          0          0         68   fcmplt.o
       124          0          0          0          0         88   fdiv.o
       110          0          0          0          0        168   fepilogue.o
        50          0          0          0          0         68   ffixi.o
        18          0          0          0          0         68   fflti.o
        10          0          0          0          0         68   ffltui.o
       100          0          0          0          0         76   fmul.o

    ----------------------------------------------------------------------
      6976        290        240          8          0       4736   Library Totals
         6          0          0          0          0          0   (incl. Padding)

    ----------------------------------------------------------------------

      Code (inc. data)   RO Data    RW Data    ZI Data      Debug   Library Name

      1904        166        240          0          0        956   m_ws.l
      2882        124          0          8          0       1684   mc_w.l
      2184          0          0          0          0       2096   mf_w.l

    ----------------------------------------------------------------------
      6976        290        240          8          0       4736   Library Totals

    ----------------------------------------------------------------------

==============================================================================


      Code (inc. data)   RO Data    RW Data    ZI Data      Debug   

     42740        368       6024         80       1736     218040   Grand Totals
     42740        368       6024         80       1736     218040   ELF Image Totals
     42740        368       6024         80          0          0   ROM Totals

==============================================================================

    Total RO  Size (Code + RO Data)                48764 (  47.62kB)
    Total RW  Size (RW Data + ZI Data)              1816 (   1.77kB)
    Total ROM Size (Code + RO Data + RW Data)      48844 (  47.70kB)

==============================================================================

