Component: Arm Compiler for Embedded 6.19 Tool: armlink [5e73cb00]

==============================================================================

Section Cross References

    startup_stm32f103xb.o(RESET) refers to startup_stm32f103xb.o(STACK) for __initial_sp
    startup_stm32f103xb.o(RESET) refers to startup_stm32f103xb.o(.text) for Reset_Handler
    startup_stm32f103xb.o(RESET) refers to stm32f1xx_it.o(.text.NMI_Handler) for NMI_Handler
    startup_stm32f103xb.o(RESET) refers to stm32f1xx_it.o(.text.HardFault_Handler) for HardFault_Handler
    startup_stm32f103xb.o(RESET) refers to stm32f1xx_it.o(.text.MemManage_Handler) for MemManage_Handler
    startup_stm32f103xb.o(RESET) refers to stm32f1xx_it.o(.text.BusFault_Handler) for BusFault_Handler
    startup_stm32f103xb.o(RESET) refers to stm32f1xx_it.o(.text.UsageFault_Handler) for UsageFault_Handler
    startup_stm32f103xb.o(RESET) refers to stm32f1xx_it.o(.text.SVC_Handler) for SVC_Handler
    startup_stm32f103xb.o(RESET) refers to stm32f1xx_it.o(.text.DebugMon_Handler) for DebugMon_Handler
    startup_stm32f103xb.o(RESET) refers to stm32f1xx_it.o(.text.PendSV_Handler) for PendSV_Handler
    startup_stm32f103xb.o(RESET) refers to stm32f1xx_it.o(.text.SysTick_Handler) for SysTick_Handler
    startup_stm32f103xb.o(RESET) refers to stm32f1xx_it.o(.text.EXTI0_IRQHandler) for EXTI0_IRQHandler
    startup_stm32f103xb.o(RESET) refers to stm32f1xx_it.o(.text.DMA1_Channel6_IRQHandler) for DMA1_Channel6_IRQHandler
    startup_stm32f103xb.o(RESET) refers to stm32f1xx_it.o(.text.DMA1_Channel7_IRQHandler) for DMA1_Channel7_IRQHandler
    startup_stm32f103xb.o(RESET) refers to stm32f1xx_it.o(.text.TIM2_IRQHandler) for TIM2_IRQHandler
    startup_stm32f103xb.o(RESET) refers to stm32f1xx_it.o(.text.TIM3_IRQHandler) for TIM3_IRQHandler
    startup_stm32f103xb.o(RESET) refers to stm32f1xx_it.o(.text.TIM4_IRQHandler) for TIM4_IRQHandler
    startup_stm32f103xb.o(RESET) refers to stm32f1xx_it.o(.text.USART1_IRQHandler) for USART1_IRQHandler
    startup_stm32f103xb.o(RESET) refers to stm32f1xx_it.o(.text.USART2_IRQHandler) for USART2_IRQHandler
    startup_stm32f103xb.o(.text) refers to system_stm32f1xx.o(.text.SystemInit) for SystemInit
    startup_stm32f103xb.o(.text) refers to entry.o(.ARM.Collect$$$$00000000) for __main
    main.o(.text.main) refers to stm32f1xx_hal.o(.text.HAL_Init) for HAL_Init
    main.o(.text.main) refers to stm32f1xx_hal_rcc.o(.text.HAL_RCC_OscConfig) for HAL_RCC_OscConfig
    main.o(.text.main) refers to stm32f1xx_hal_rcc.o(.text.HAL_RCC_ClockConfig) for HAL_RCC_ClockConfig
    main.o(.text.main) refers to gpio.o(.text.MX_GPIO_Init) for MX_GPIO_Init
    main.o(.text.main) refers to dma.o(.text.MX_DMA_Init) for MX_DMA_Init
    main.o(.text.main) refers to i2c.o(.text.MX_I2C1_Init) for MX_I2C1_Init
    main.o(.text.main) refers to tim.o(.text.MX_TIM1_Init) for MX_TIM1_Init
    main.o(.text.main) refers to tim.o(.text.MX_TIM3_Init) for MX_TIM3_Init
    main.o(.text.main) refers to usart.o(.text.MX_USART1_UART_Init) for MX_USART1_UART_Init
    main.o(.text.main) refers to tim.o(.text.MX_TIM4_Init) for MX_TIM4_Init
    main.o(.text.main) refers to tim.o(.text.MX_TIM2_Init) for MX_TIM2_Init
    main.o(.text.main) refers to usart.o(.text.MX_USART2_UART_Init) for MX_USART2_UART_Init
    main.o(.text.main) refers to bsp_oled.o(.text.OLED_Init) for OLED_Init
    main.o(.text.main) refers to stm32f1xx_hal_cortex.o(.text.HAL_NVIC_DisableIRQ) for HAL_NVIC_DisableIRQ
    main.o(.text.main) refers to stm32f1xx_hal_gpio.o(.text.HAL_GPIO_WritePin) for HAL_GPIO_WritePin
    main.o(.text.main) refers to mpu6050.o(.text.MPU_Init) for MPU_Init
    main.o(.text.main) refers to usart.o(.bss.huart2) for huart2
    main.o(.text.main) refers to main.o(.rodata.str1.1) for .L.str
    main.o(.text.main) refers to pid.o(.text.print) for print
    main.o(.text.main) refers to inv_mpu.o(.text.mpu_dmp_init) for mpu_dmp_init
    main.o(.text.main) refers to main.o(.bss..L_MergedGlobals) for .L_MergedGlobals
    main.o(.text.main) refers to printfa.o(i.__0sprintf) for __2sprintf
    main.o(.text.main) refers to bsp_oled.o(.text.OLED_ShowStr) for OLED_ShowStr
    main.o(.text.main) refers to pid.o(.text.PID_Init) for PID_Init
    main.o(.text.main) refers to stm32f1xx_hal_cortex.o(.text.HAL_NVIC_EnableIRQ) for HAL_NVIC_EnableIRQ
    main.o(.text.main) refers to bsp_motor.o(.text.Motor_Init) for Motor_Init
    main.o(.text.main) refers to main.o(.text.OLED_Proc) for OLED_Proc
    main.o(.text.main) refers to pid.o(.text.Key_Proc) for Key_Proc
    main.o(.ARM.exidx.text.main) refers to main.o(.text.main) for [Anonymous Symbol]
    main.o(.text.SystemClock_Config) refers to stm32f1xx_hal_rcc.o(.text.HAL_RCC_OscConfig) for HAL_RCC_OscConfig
    main.o(.text.SystemClock_Config) refers to stm32f1xx_hal_rcc.o(.text.HAL_RCC_ClockConfig) for HAL_RCC_ClockConfig
    main.o(.ARM.exidx.text.SystemClock_Config) refers to main.o(.text.SystemClock_Config) for [Anonymous Symbol]
[...]
    [Anonymous Symbol]                       0x08006dcc   Section        0  inv_mpu.o(.text.mpu_reset_fifo)
    [Anonymous Symbol]                       0x08006f50   Section        0  inv_mpu.o(.text.mpu_run_self_test)
    [Anonymous Symbol]                       0x08007888   Section        0  inv_mpu.o(.text.mpu_set_accel_fsr)
    [Anonymous Symbol]                       0x08007924   Section        0  inv_mpu.o(.text.mpu_set_bypass)
    [Anonymous Symbol]                       0x08007a14   Section        0  inv_mpu.o(.text.mpu_set_dmp_state)
    [Anonymous Symbol]                       0x08007af4   Section        0  inv_mpu.o(.text.mpu_set_lpf)
    [Anonymous Symbol]                       0x08007b90   Section        0  inv_mpu.o(.text.mpu_set_sample_rate)
    [Anonymous Symbol]                       0x08007cd8   Section        0  inv_mpu.o(.text.mpu_set_sensors)
    [Anonymous Symbol]                       0x08007dc4   Section        0  inv_mpu.o(.text.mpu_write_mem)
    [Anonymous Symbol]                       0x08007e28   Section        0  pid.o(.text.print)
    [Anonymous Symbol]                       0x08007e70   Section        0  inv_mpu.o(.text.run_self_test)
    i.__0printf                              0x08007f1c   Section        0  printfa.o(i.__0printf)
    i.__0sprintf                             0x08007f3c   Section        0  printfa.o(i.__0sprintf)
    i.__0vsprintf                            0x08007f64   Section        0  printfa.o(i.__0vsprintf)
    i.__ARM_fpclassify                       0x08007f88   Section        0  fpclassify.o(i.__ARM_fpclassify)
    i.__kernel_poly                          0x08007fb0   Section        0  poly.o(i.__kernel_poly)
    i.__mathlib_dbl_infnan                   0x0800805a   Section        0  dunder.o(i.__mathlib_dbl_infnan)
    i.__mathlib_dbl_infnan2                  0x08008060   Section        0  dunder.o(i.__mathlib_dbl_infnan2)
    i.__mathlib_dbl_invalid                  0x08008064   Section        0  dunder.o(i.__mathlib_dbl_invalid)
    i.__mathlib_dbl_underflow                0x08008070   Section        0  dunder.o(i.__mathlib_dbl_underflow)
    i.__scatterload_copy                     0x08008080   Section       14  handlers.o(i.__scatterload_copy)
    i.__scatterload_null                     0x0800808e   Section        2  handlers.o(i.__scatterload_null)
    i.__scatterload_zeroinit                 0x08008090   Section       14  handlers.o(i.__scatterload_zeroinit)
    i.__set_errno                            0x080080a0   Section        0  errno.o(i.__set_errno)
    _fp_digits                               0x080080ad   Thumb Code   366  printfa.o(i._fp_digits)
    i._fp_digits                             0x080080ac   Section        0  printfa.o(i._fp_digits)
    _printf_core                             0x08008231   Thumb Code  1744  printfa.o(i._printf_core)
    i._printf_core                           0x08008230   Section        0  printfa.o(i._printf_core)
    _printf_post_padding                     0x0800890d   Thumb Code    36  printfa.o(i._printf_post_padding)
    i._printf_post_padding                   0x0800890c   Section        0  printfa.o(i._printf_post_padding)
    _printf_pre_padding                      0x08008931   Thumb Code    46  printfa.o(i._printf_pre_padding)
    i._printf_pre_padding                    0x08008930   Section        0  printfa.o(i._printf_pre_padding)
    _sputc                                   0x0800895f   Thumb Code    10  printfa.o(i._sputc)
    i._sputc                                 0x0800895e   Section        0  printfa.o(i._sputc)
    i.asin                                   0x08008968   Section        0  asin.o(i.asin)
    i.atan                                   0x08008bd8   Section        0  atan.o(i.atan)
    i.atan2                                  0x08008df8   Section        0  atan2.o(i.atan2)
    i.fputc                                  0x08008f94   Section        0  fputc.o(i.fputc)
    i.puts                                   0x08008fa8   Section        0  puts.o(i.puts)
    i.sqrt                                   0x08008fcc   Section        0  sqrt.o(i.sqrt)
    pS                                       0x08009018   Data          48  asin.o(.constdata)
    .constdata                               0x08009018   Section       80  asin.o(.constdata)
    qS                                       0x08009048   Data          32  asin.o(.constdata)
    atanhi                                   0x08009068   Data          32  atan.o(.constdata)
    .constdata                               0x08009068   Section      152  atan.o(.constdata)
    atanlo                                   0x08009088   Data          32  atan.o(.constdata)
    aTodd                                    0x080090a8   Data          40  atan.o(.constdata)
    aTeven                                   0x080090d0   Data          48  atan.o(.constdata)
    .constdata                               0x08009100   Section        8  qnan.o(.constdata)
    .L__const.dmp_set_orientation.accel_axes 0x08009108   Data           3  inv_mpu_dmp_motion_driver.o(.rodata..L__const.dmp_set_orientation.accel_axes)
    .L__const.dmp_set_orientation.gyro_axes  0x0800910b   Data           3  inv_mpu_dmp_motion_driver.o(.rodata..L__const.dmp_set_orientation.gyro_axes)
    HAL_RCC_GetSysClockFreq.aPredivFactorTable 0x0800993e   Data           2  stm32f1xx_hal_rcc.o(.rodata.HAL_RCC_GetSysClockFreq.aPredivFactorTable)
    [Anonymous Symbol]                       0x0800993e   Section        0  stm32f1xx_hal_rcc.o(.rodata.HAL_RCC_GetSysClockFreq.aPredivFactorTable)
    HAL_RCC_GetSysClockFreq.aPLLMULFactorTable 0x08009940   Data          16  stm32f1xx_hal_rcc.o(.rodata.cst16)
    [Anonymous Symbol]                       0x08009940   Section        0  stm32f1xx_hal_rcc.o(.rodata.cst16)
    dmp_memory                               0x08009950   Data        3062  inv_mpu_dmp_motion_driver.o(.rodata.dmp_memory)
    [Anonymous Symbol]                       0x08009950   Section        0  inv_mpu_dmp_motion_driver.o(.rodata.dmp_memory)
    .L.str                                   0x0800a56d   Data           5  main.o(.rodata.str1.1)
    [Anonymous Symbol]                       0x0800a56d   Section        0  main.o(.rodata.str1.1)
    .Lstr                                    0x0800a572   Data          76  inv_mpu.o(.rodata.str1.1)
    [Anonymous Symbol]                       0x0800a572   Section        0  inv_mpu.o(.rodata.str1.1)
    .data                                    0x20000000   Section        4  stdout.o(.data)
    _errno                                   0x20000004   Data           4  errno.o(.data)
    .data                                    0x20000004   Section        4  errno.o(.data)
    .L_MergedGlobals                         0x20000008   Data           8  stm32f1xx_hal.o(.data..L_MergedGlobals)
    [Anonymous Symbol]                       0x20000008   Section        0  stm32f1xx_hal.o(.data..L_MergedGlobals)
    .L_MergedGlobals                         0x20000010   Data          56  inv_mpu.o(.data..L_MergedGlobals)
    gyro_orientation                         0x20000010   Data           9  inv_mpu.o(.data..L_MergedGlobals)
    [Anonymous Symbol]                       0x20000010   Section        0  inv_mpu.o(.data..L_MergedGlobals)
    st                                       0x2000001c   Data          44  inv_mpu.o(.data..L_MergedGlobals)
    .L_MergedGlobals                         0x20000050   Data          25  main.o(.bss..L_MergedGlobals)
    OLED_Proc.uwTick_OLED_Speed              0x20000050   Data           4  main.o(.bss..L_MergedGlobals)
    [Anonymous Symbol]                       0x20000050   Section        0  main.o(.bss..L_MergedGlobals)
    .L_MergedGlobals                         0x2000006c   Data           8  exti.o(.bss..L_MergedGlobals)
    [Anonymous Symbol]                       0x2000006c   Section        0  exti.o(.bss..L_MergedGlobals)
    .L_MergedGlobals                         0x20000074   Data          16  inv_mpu_dmp_motion_driver.o(.bss..L_MergedGlobals)
    dmp.5                                    0x20000074   Data           1  inv_mpu_dmp_motion_driver.o(.bss..L_MergedGlobals)
    [Anonymous Symbol]                       0x20000074   Section        0  inv_mpu_dmp_motion_driver.o(.bss..L_MergedGlobals)
    dmp.3                                    0x20000078   Data           2  inv_mpu_dmp_motion_driver.o(.bss..L_MergedGlobals)
    dmp.0                                    0x2000007c   Data           4  inv_mpu_dmp_motion_driver.o(.bss..L_MergedGlobals)
    dmp.1                                    0x20000080   Data           4  inv_mpu_dmp_motion_driver.o(.bss..L_MergedGlobals)
    .L_MergedGlobals                         0x20000084   Data          32  pid.o(.bss..L_MergedGlobals)
    Key_Proc.ucKey_Old                       0x20000084   Data           1  pid.o(.bss..L_MergedGlobals)
    [Anonymous Symbol]                       0x20000084   Section        0  pid.o(.bss..L_MergedGlobals)
    Velocity.ENco_Err_LowOut_Last            0x20000088   Data           4  pid.o(.bss..L_MergedGlobals)
    Velocity.Integral                        0x2000008c   Data           4  pid.o(.bss..L_MergedGlobals)
    Key_Proc.uwTick_KEY_Speed                0x20000090   Data           4  pid.o(.bss..L_MergedGlobals)
    .L_MergedGlobals                         0x200000a8   Data          56  sonic.o(.bss..L_MergedGlobals)
    Sonic_Proc.uwTick_Sonic_Speed            0x200000a8   Data           4  sonic.o(.bss..L_MergedGlobals)
    [Anonymous Symbol]                       0x200000a8   Section        0  sonic.o(.bss..L_MergedGlobals)
    dmp.2                                    0x200000f8   Data           2  inv_mpu_dmp_motion_driver.o(.bss.dmp.2)
    [Anonymous Symbol]                       0x200000f8   Section        0  inv_mpu_dmp_motion_driver.o(.bss.dmp.2)
    dmp.4                                    0x200000fc   Data           2  inv_mpu_dmp_motion_driver.o(.bss.dmp.4)
    [Anonymous Symbol]                       0x200000fc   Section        0  inv_mpu_dmp_motion_driver.o(.bss.dmp.4)
    STACK                                    0x20000420   Section     1024  startup_stm32f103xb.o(STACK)

    Global Symbols

    Symbol Name                              Value     Ov Type        Size  Object(Section)

    BuildAttributes$$THM_ISAv4$P$D$K$B$S$PE$A:L22UL41UL21$X:L11$S22US41US21$IEEE1$IW$~IW$USESV6$~STKCKD$USESV7$~SHL$OTIME$ROPI$IEEEX$EBA8$MICROLIB$REQ8$PRES8$EABIv2 0x00000000   Number         0  anon$$obj.o ABSOLUTE
    _printf_a                                0x00000000   Number         0  printfstubs.o ABSOLUTE
    _printf_c                                0x00000000   Number         0  printfstubs.o ABSOLUTE
    _printf_charcount                        0x00000000   Number         0  printfstubs.o ABSOLUTE
    _printf_d                                0x00000000   Number         0  printfstubs.o ABSOLUTE
    _printf_e                                0x00000000   Number         0  printfstubs.o ABSOLUTE
    _printf_f                                0x00000000   Number         0  printfstubs.o ABSOLUTE
    _printf_flags                            0x00000000   Number         0  printfstubs.o ABSOLUTE
    _printf_fp_dec                           0x00000000   Number         0  printfstubs.o ABSOLUTE
    _printf_fp_hex                           0x00000000   Number         0  printfstubs.o ABSOLUTE
    _printf_g                                0x00000000   Number         0  printfstubs.o ABSOLUTE
    _printf_i                                0x00000000   Number         0  printfstubs.o ABSOLUTE
    _printf_int_dec                          0x00000000   Number         0  printfstubs.o ABSOLUTE
    _printf_l                                0x00000000   Number         0  printfstubs.o ABSOLUTE
    _printf_lc                               0x00000000   Number         0  printfstubs.o ABSOLUTE
    _printf_ll                               0x00000000   Number         0  printfstubs.o ABSOLUTE
    _printf_lld                              0x00000000   Number         0  printfstubs.o ABSOLUTE
    _printf_lli                              0x00000000   Number         0  printfstubs.o ABSOLUTE
    _printf_llo                              0x00000000   Number         0  printfstubs.o ABSOLUTE
    _printf_llu                              0x00000000   Number         0  printfstubs.o ABSOLUTE
    _printf_llx                              0x00000000   Number         0  printfstubs.o ABSOLUTE
    _printf_longlong_dec                     0x00000000   Number         0  printfstubs.o ABSOLUTE
    _printf_longlong_hex                     0x00000000   Number         0  printfstubs.o ABSOLUTE
    _printf_longlong_oct                     0x00000000   Number         0  printfstubs.o ABSOLUTE
    _printf_ls                               0x00000000   Number         0  printfstubs.o ABSOLUTE
    _printf_mbtowc                           0x00000000   Number         0  printfstubs.o ABSOLUTE
    _printf_n                                0x00000000   Number         0  printfstubs.o ABSOLUTE
    _printf_o                                0x00000000   Number         0  printfstubs.o ABSOLUTE
    _printf_p                                0x00000000   Number         0  printfstubs.o ABSOLUTE
    _printf_percent                          0x00000000   Number         0  printfstubs.o ABSOLUTE
    _printf_pre_padding                      0x00000000   Number         0  printfstubs.o ABSOLUTE
    _printf_return_value                     0x00000000   Number         0  printfstubs.o ABSOLUTE
    _printf_s                                0x00000000   Number         0  printfstubs.o ABSOLUTE
    _printf_sizespec                         0x00000000   Number         0  printfstubs.o ABSOLUTE
    _printf_str                              0x00000000   Number         0  printfstubs.o ABSOLUTE
    _printf_truncate_signed                  0x00000000   Number         0  printfstubs.o ABSOLUTE
    _printf_truncate_unsigned                0x00000000   Number         0  printfstubs.o ABSOLUTE
    _printf_u                                0x00000000   Number         0  printfstubs.o ABSOLUTE
    _printf_wc                               0x00000000   Number         0  printfstubs.o ABSOLUTE
    _printf_wctomb                           0x00000000   Number         0  printfstubs.o ABSOLUTE
    _printf_widthprec                        0x00000000   Number         0  printfstubs.o ABSOLUTE
    _printf_x                                0x00000000   Number         0  printfstubs.o ABSOLUTE
    __cpp_initialize__aeabi_                  - Undefined Weak Reference
    __cxa_finalize                            - Undefined Weak Reference
    __decompress                              - Undefined Weak Reference
    _clock_init                               - Undefined Weak Reference
    _microlib_exit                            - Undefined Weak Reference
    __Vectors_Size                           0x000000ec   Number         0  startup_stm32f103xb.o ABSOLUTE
    __Vectors                                0x08000000   Data           4  startup_stm32f103xb.o(RESET)
    __Vectors_End                            0x080000ec   Data           0  startup_stm32f103xb.o(RESET)
    __main                                   0x080000ed   Thumb Code     0  entry.o(.ARM.Collect$$$$00000000)
    _main_stk                                0x080000ed   Thumb Code     0  entry2.o(.ARM.Collect$$$$00000001)
    _main_scatterload                        0x080000f1   Thumb Code     0  entry5.o(.ARM.Collect$$$$00000004)
    __main_after_scatterload                 0x080000f5   Thumb Code     0  entry5.o(.ARM.Collect$$$$00000004)
    _main_clock                              0x080000f5   Thumb Code     0  entry7b.o(.ARM.Collect$$$$00000008)
    _main_cpp_init                           0x080000f5   Thumb Code     0  entry8b.o(.ARM.Collect$$$$0000000A)
    _main_init                               0x080000f5   Thumb Code     0  entry9a.o(.ARM.Collect$$$$0000000B)
    __rt_final_cpp                           0x080000fd   Thumb Code     0  entry10a.o(.ARM.Collect$$$$0000000D)
    __rt_final_exit                          0x080000fd   Thumb Code     0  entry11a.o(.ARM.Collect$$$$0000000F)
    Reset_Handler                            0x08000101   Thumb Code     8  startup_stm32f103xb.o(.text)
    ADC1_2_IRQHandler                        0x0800011b   Thumb Code     0  startup_stm32f103xb.o(.text)
    CAN1_RX1_IRQHandler                      0x0800011b   Thumb Code     0  startup_stm32f103xb.o(.text)
    CAN1_SCE_IRQHandler                      0x0800011b   Thumb Code     0  startup_stm32f103xb.o(.text)
    DMA1_Channel1_IRQHandler                 0x0800011b   Thumb Code     0  startup_stm32f103xb.o(.text)
    DMA1_Channel2_IRQHandler                 0x0800011b   Thumb Code     0  startup_stm32f103xb.o(.text)
    DMA1_Channel3_IRQHandler                 0x0800011b   Thumb Code     0  startup_stm32f103xb.o(.text)
    DMA1_Channel4_IRQHandler                 0x0800011b   Thumb Code     0  startup_stm32f103xb.o(.text)
    DMA1_Channel5_IRQHandler                 0x0800011b   Thumb Code     0  startup_stm32f103xb.o(.text)
    EXTI15_10_IRQHandler                     0x0800011b   Thumb Code     0  startup_stm32f103xb.o(.text)
    EXTI1_IRQHandler                         0x0800011b   Thumb Code     0  startup_stm32f103xb.o(.text)
    EXTI2_IRQHandler                         0x0800011b   Thumb Code     0  startup_stm32f103xb.o(.text)
    EXTI3_IRQHandler                         0x0800011b   Thumb Code     0  startup_stm32f103xb.o(.text)
    EXTI4_IRQHandler                         0x0800011b   Thumb Code     0  startup_stm32f103xb.o(.text)
    EXTI9_5_IRQHandler                       0x0800011b   Thumb Code     0  startup_stm32f103xb.o(.text)
    FLASH_IRQHandler                         0x0800011b   Thumb Code     0  startup_stm32f103xb.o(.text)
    I2C1_ER_IRQHandler                       0x0800011b   Thumb Code     0  startup_stm32f103xb.o(.text)
    I2C1_EV_IRQHandler                       0x0800011b   Thumb Code     0  startup_stm32f103xb.o(.text)
    I2C2_ER_IRQHandler                       0x0800011b   Thumb Code     0  startup_stm32f103xb.o(.text)
    I2C2_EV_IRQHandler                       0x0800011b   Thumb Code     0  startup_stm32f103xb.o(.text)
    PVD_IRQHandler                           0x0800011b   Thumb Code     0  startup_stm32f103xb.o(.text)
    RCC_IRQHandler                           0x0800011b   Thumb Code     0  startup_stm32f103xb.o(.text)
    RTC_Alarm_IRQHandler                     0x0800011b   Thumb Code     0  startup_stm32f103xb.o(.text)
    RTC_IRQHandler                           0x0800011b   Thumb Code     0  startup_stm32f103xb.o(.text)
    SPI1_IRQHandler                          0x0800011b   Thumb Code     0  startup_stm32f103xb.o(.text)
    SPI2_IRQHandler                          0x0800011b   Thumb Code     0  startup_stm32f103xb.o(.text)
    TAMPER_IRQHandler                        0x0800011b   Thumb Code     0  startup_stm32f103xb.o(.text)
    TIM1_BRK_IRQHandler                      0x0800011b   Thumb Code     0  startup_stm32f103xb.o(.text)
    TIM1_CC_IRQHandler                       0x0800011b   Thumb Code     0  startup_stm32f103xb.o(.text)
    TIM1_TRG_COM_IRQHandler                  0x0800011b   Thumb Code     0  startup_stm32f103xb.o(.text)
    TIM1_UP_IRQHandler                       0x0800011b   Thumb Code     0  startup_stm32f103xb.o(.text)
    USART3_IRQHandler                        0x0800011b   Thumb Code     0  startup_stm32f103xb.o(.text)
    USBWakeUp_IRQHandler                     0x0800011b   Thumb Code     0  startup_stm32f103xb.o(.text)
    USB_HP_CAN1_TX_IRQHandler                0x0800011b   Thumb Code     0  startup_stm32f103xb.o(.text)
    USB_LP_CAN1_RX0_IRQHandler               0x0800011b   Thumb Code     0  startup_stm32f103xb.o(.text)
    WWDG_IRQHandler                          0x0800011b   Thumb Code     0  startup_stm32f103xb.o(.text)
    __aeabi_ldivmod                          0x08000125   Thumb Code    98  ldiv.o(.text)
    __aeabi_memset                           0x08000187   Thumb Code    14  memseta.o(.text)
    __aeabi_memset4                          0x08000187   Thumb Code     0  memseta.o(.text)
    __aeabi_memset8                          0x08000187   Thumb Code     0  memseta.o(.text)
    __aeabi_memclr                           0x08000195   Thumb Code     4  memseta.o(.text)
    __aeabi_memclr4                          0x08000195   Thumb Code     0  memseta.o(.text)
    __aeabi_memclr8                          0x08000195   Thumb Code     0  memseta.o(.text)
    _memset$wrapper                          0x08000199   Thumb Code    18  memseta.o(.text)
    strlen                                   0x080001ab   Thumb Code    14  strlen.o(.text)
    memcmp                                   0x080001b9   Thumb Code    26  memcmp.o(.text)
    __aeabi_fadd                             0x080001d3   Thumb Code   164  fadd.o(.text)
    __aeabi_fsub                             0x08000277   Thumb Code     6  fadd.o(.text)
    __aeabi_frsub                            0x0800027d   Thumb Code     6  fadd.o(.text)
    __aeabi_fmul                             0x08000283   Thumb Code   100  fmul.o(.text)
    __aeabi_fdiv                             0x080002e7   Thumb Code   124  fdiv.o(.text)
    __aeabi_dadd                             0x08000363   Thumb Code   322  dadd.o(.text)
    __aeabi_dsub                             0x080004a5   Thumb Code     6  dadd.o(.text)
    __aeabi_drsub                            0x080004ab   Thumb Code     6  dadd.o(.text)
    __aeabi_dmul                             0x080004b1   Thumb Code   228  dmul.o(.text)
    __aeabi_ddiv                             0x08000595   Thumb Code   222  ddiv.o(.text)
    __aeabi_fcmple                           0x08000673   Thumb Code    28  fcmple.o(.text)
    __aeabi_fcmplt                           0x0800068f   Thumb Code    28  fcmplt.o(.text)
    __aeabi_fcmpgt                           0x080006ab   Thumb Code    28  fcmpgt.o(.text)
    __aeabi_fcmpeq                           0x080006c7   Thumb Code    28  fcmpeq.o(.text)
    __aeabi_i2f                              0x080006e3   Thumb Code    18  fflti.o(.text)
    __aeabi_ui2f                             0x080006f5   Thumb Code    10  ffltui.o(.text)
    __aeabi_i2d                              0x080006ff   Thumb Code    34  dflti.o(.text)
    __aeabi_ui2d                             0x08000721   Thumb Code    26  dfltui.o(.text)
    __aeabi_f2iz                             0x0800073b   Thumb Code    50  ffixi.o(.text)
    __aeabi_d2iz                             0x0800076d   Thumb Code    62  dfixi.o(.text)
    __aeabi_f2d                              0x080007ab   Thumb Code    38  f2d.o(.text)
    __aeabi_d2f                              0x080007d1   Thumb Code    56  d2f.o(.text)
    __aeabi_uidiv                            0x08000809   Thumb Code     0  uidiv.o(.text)
    __aeabi_uidivmod                         0x08000809   Thumb Code    44  uidiv.o(.text)
    __aeabi_uldivmod                         0x08000835   Thumb Code    98  uldiv.o(.text)
    __aeabi_llsl                             0x08000897   Thumb Code    30  llshl.o(.text)
    _ll_shift_l                              0x08000897   Thumb Code     0  llshl.o(.text)
    __aeabi_llsr                             0x080008b5   Thumb Code    32  llushr.o(.text)
    _ll_ushift_r                             0x080008b5   Thumb Code     0  llushr.o(.text)
    __aeabi_lasr                             0x080008d5   Thumb Code    36  llsshr.o(.text)
    _ll_sshift_r                             0x080008d5   Thumb Code     0  llsshr.o(.text)
    __I$use$fp                               0x080008f9   Thumb Code     0  iusefp.o(.text)
    _float_round                             0x080008f9   Thumb Code    18  fepilogue.o(.text)
    _float_epilogue                          0x0800090b   Thumb Code    92  fepilogue.o(.text)
    _double_round                            0x08000967   Thumb Code    30  depilogue.o(.text)
    _double_epilogue                         0x08000985   Thumb Code   156  depilogue.o(.text)
    __ARM_scalbn                             0x08000a21   Thumb Code    46  dscalb.o(.text)
    scalbn                                   0x08000a21   Thumb Code     0  dscalb.o(.text)
    __aeabi_d2ulz                            0x08000a4f   Thumb Code    48  dfixul.o(.text)
    __aeabi_cdcmpeq                          0x08000a81   Thumb Code     0  cdcmple.o(.text)
    __aeabi_cdcmple                          0x08000a81   Thumb Code    48  cdcmple.o(.text)
    __aeabi_cdrcmple                         0x08000ab1   Thumb Code    48  cdrcmple.o(.text)
    __scatterload                            0x08000ae1   Thumb Code    28  init.o(.text)
    __scatterload_rt2                        0x08000ae1   Thumb Code     0  init.o(.text)
    __I$use$semihosting$fputc                0x08000b05   Thumb Code     0  iusesemip.o(.text)
    __semihosting_library_function           0x08000b05   Thumb Code     0  semi.o(.text)
    _dsqrt                                   0x08000b05   Thumb Code   162  dsqrt.o(.text)
    BusFault_Handler                         0x08000ba9   Thumb Code     2  stm32f1xx_it.o(.text.BusFault_Handler)
    DMA1_Channel6_IRQHandler                 0x08000bad   Thumb Code    12  stm32f1xx_it.o(.text.DMA1_Channel6_IRQHandler)
    DMA1_Channel7_IRQHandler                 0x08000bb9   Thumb Code    12  stm32f1xx_it.o(.text.DMA1_Channel7_IRQHandler)
    DebugMon_Handler                         0x08000bc5   Thumb Code     2  stm32f1xx_it.o(.text.DebugMon_Handler)
    EXTI0_IRQHandler                         0x08000bc9   Thumb Code     6  stm32f1xx_it.o(.text.EXTI0_IRQHandler)
    Error_Handler                            0x08000bd1   Thumb Code    10  main.o(.text.Error_Handler)
    HAL_DMA_Abort                            0x08000bdd   Thumb Code    70  stm32f1xx_hal_dma.o(.text.HAL_DMA_Abort)
    HAL_DMA_Abort_IT                         0x08000c25   Thumb Code   178  stm32f1xx_hal_dma.o(.text.HAL_DMA_Abort_IT)
    HAL_DMA_IRQHandler                       0x08000cd9   Thumb Code   416  stm32f1xx_hal_dma.o(.text.HAL_DMA_IRQHandler)
    HAL_DMA_Init                             0x08000e79   Thumb Code   136  stm32f1xx_hal_dma.o(.text.HAL_DMA_Init)
    HAL_DMA_Start_IT                         0x08000f01   Thumb Code   156  stm32f1xx_hal_dma.o(.text.HAL_DMA_Start_IT)
    HAL_Delay                                0x08000f9d   Thumb Code    40  stm32f1xx_hal.o(.text.HAL_Delay)
    HAL_GPIO_EXTI_Callback                   0x08000fc5   Thumb Code   406  exti.o(.text.HAL_GPIO_EXTI_Callback)
    HAL_GPIO_EXTI_IRQHandler                 0x0800115d   Thumb Code    22  stm32f1xx_hal_gpio.o(.text.HAL_GPIO_EXTI_IRQHandler)
    HAL_GPIO_Init                            0x08001175   Thumb Code   538  stm32f1xx_hal_gpio.o(.text.HAL_GPIO_Init)
    HAL_GPIO_ReadPin                         0x08001391   Thumb Code    10  stm32f1xx_hal_gpio.o(.text.HAL_GPIO_ReadPin)
    HAL_GPIO_WritePin                        0x0800139d   Thumb Code    10  stm32f1xx_hal_gpio.o(.text.HAL_GPIO_WritePin)
    HAL_GetTick                              0x080013a9   Thumb Code    12  stm32f1xx_hal.o(.text.HAL_GetTick)
    HAL_I2C_Init                             0x080013b5   Thumb Code   374  stm32f1xx_hal_i2c.o(.text.HAL_I2C_Init)
    HAL_I2C_Mem_Write                        0x0800152d   Thumb Code   344  stm32f1xx_hal_i2c.o(.text.HAL_I2C_Mem_Write)
    HAL_I2C_MspInit                          0x08001685   Thumb Code   122  i2c.o(.text.HAL_I2C_MspInit)
    HAL_IncTick                              0x08001701   Thumb Code    26  stm32f1xx_hal.o(.text.HAL_IncTick)
    HAL_Init                                 0x0800171d   Thumb Code    38  stm32f1xx_hal.o(.text.HAL_Init)
    HAL_InitTick                             0x08001745   Thumb Code    72  stm32f1xx_hal.o(.text.HAL_InitTick)
    HAL_MspInit                              0x0800178d   Thumb Code    66  stm32f1xx_hal_msp.o(.text.HAL_MspInit)
    HAL_NVIC_DisableIRQ                      0x080017d1   Thumb Code    46  stm32f1xx_hal_cortex.o(.text.HAL_NVIC_DisableIRQ)
    HAL_NVIC_EnableIRQ                       0x08001801   Thumb Code    38  stm32f1xx_hal_cortex.o(.text.HAL_NVIC_EnableIRQ)
    HAL_NVIC_SetPriority                     0x08001829   Thumb Code    86  stm32f1xx_hal_cortex.o(.text.HAL_NVIC_SetPriority)
    HAL_NVIC_SetPriorityGrouping             0x08001881   Thumb Code    32  stm32f1xx_hal_cortex.o(.text.HAL_NVIC_SetPriorityGrouping)
    HAL_RCC_ClockConfig                      0x080018a1   Thumb Code   446  stm32f1xx_hal_rcc.o(.text.HAL_RCC_ClockConfig)
    HAL_RCC_GetPCLK1Freq                     0x08001a61   Thumb Code    38  stm32f1xx_hal_rcc.o(.text.HAL_RCC_GetPCLK1Freq)
    HAL_RCC_GetPCLK2Freq                     0x08001a89   Thumb Code    38  stm32f1xx_hal_rcc.o(.text.HAL_RCC_GetPCLK2Freq)
    HAL_RCC_OscConfig                        0x08001ab1   Thumb Code   948  stm32f1xx_hal_rcc.o(.text.HAL_RCC_OscConfig)
    HAL_SYSTICK_Config                       0x08001e65   Thumb Code    44  stm32f1xx_hal_cortex.o(.text.HAL_SYSTICK_Config)
    HAL_TIMEx_BreakCallback                  0x08001e91   Thumb Code     2  stm32f1xx_hal_tim_ex.o(.text.HAL_TIMEx_BreakCallback)
    HAL_TIMEx_CommutCallback                 0x08001e95   Thumb Code     2  stm32f1xx_hal_tim_ex.o(.text.HAL_TIMEx_CommutCallback)
    HAL_TIMEx_ConfigBreakDeadTime            0x08001e99   Thumb Code    76  stm32f1xx_hal_tim_ex.o(.text.HAL_TIMEx_ConfigBreakDeadTime)
    HAL_TIMEx_MasterConfigSynchronization    0x08001ee5   Thumb Code   122  stm32f1xx_hal_tim_ex.o(.text.HAL_TIMEx_MasterConfigSynchronization)
    HAL_TIM_Base_Init                        0x08001f61   Thumb Code   236  stm32f1xx_hal_tim.o(.text.HAL_TIM_Base_Init)
    HAL_TIM_Base_MspInit                     0x0800204d   Thumb Code   176  tim.o(.text.HAL_TIM_Base_MspInit)
    HAL_TIM_Base_Start_IT                    0x080020fd   Thumb Code   110  stm32f1xx_hal_tim.o(.text.HAL_TIM_Base_Start_IT)
    HAL_TIM_ConfigClockSource                0x0800216d   Thumb Code   412  stm32f1xx_hal_tim.o(.text.HAL_TIM_ConfigClockSource)
    HAL_TIM_Encoder_Init                     0x08002309   Thumb Code   332  stm32f1xx_hal_tim.o(.text.HAL_TIM_Encoder_Init)
    HAL_TIM_Encoder_MspInit                  0x08002455   Thumb Code   232  tim.o(.text.HAL_TIM_Encoder_MspInit)
    HAL_TIM_Encoder_Start                    0x0800253d   Thumb Code   188  stm32f1xx_hal_tim.o(.text.HAL_TIM_Encoder_Start)
    HAL_TIM_IC_CaptureCallback               0x080025f9   Thumb Code     4  sonic.o(.text.HAL_TIM_IC_CaptureCallback)
    HAL_TIM_IRQHandler                       0x080025fd   Thumb Code   368  stm32f1xx_hal_tim.o(.text.HAL_TIM_IRQHandler)
    HAL_TIM_OC_DelayElapsedCallback          0x0800276d   Thumb Code     2  stm32f1xx_hal_tim.o(.text.HAL_TIM_OC_DelayElapsedCallback)
    HAL_TIM_PWM_ConfigChannel                0x08002771   Thumb Code   524  stm32f1xx_hal_tim.o(.text.HAL_TIM_PWM_ConfigChannel)
    HAL_TIM_PWM_Init                         0x0800297d   Thumb Code   236  stm32f1xx_hal_tim.o(.text.HAL_TIM_PWM_Init)
    HAL_TIM_PWM_MspInit                      0x08002a69   Thumb Code     2  stm32f1xx_hal_tim.o(.text.HAL_TIM_PWM_MspInit)
    HAL_TIM_PWM_PulseFinishedCallback        0x08002a6d   Thumb Code     2  stm32f1xx_hal_tim.o(.text.HAL_TIM_PWM_PulseFinishedCallback)
    HAL_TIM_PWM_Start                        0x08002a71   Thumb Code   222  stm32f1xx_hal_tim.o(.text.HAL_TIM_PWM_Start)
    HAL_TIM_PeriodElapsedCallback            0x08002b51   Thumb Code     2  bsp_motor.o(.text.HAL_TIM_PeriodElapsedCallback)
    HAL_TIM_ReadCapturedValue                0x08002b55   Thumb Code    52  stm32f1xx_hal_tim.o(.text.HAL_TIM_ReadCapturedValue)
    HAL_TIM_TriggerCallback                  0x08002b89   Thumb Code     2  stm32f1xx_hal_tim.o(.text.HAL_TIM_TriggerCallback)
    HAL_UARTEx_RxEventCallback               0x08002b8d   Thumb Code     2  stm32f1xx_hal_uart.o(.text.HAL_UARTEx_RxEventCallback)
    HAL_UART_ErrorCallback                   0x08002b91   Thumb Code     2  stm32f1xx_hal_uart.o(.text.HAL_UART_ErrorCallback)
    HAL_UART_IRQHandler                      0x08002b95   Thumb Code  1376  stm32f1xx_hal_uart.o(.text.HAL_UART_IRQHandler)
    HAL_UART_Init                            0x080030f5   Thumb Code   226  stm32f1xx_hal_uart.o(.text.HAL_UART_Init)
    HAL_UART_MspInit                         0x080031d9   Thumb Code   364  usart.o(.text.HAL_UART_MspInit)
    HAL_UART_RxCpltCallback                  0x08003345   Thumb Code     2  stm32f1xx_hal_uart.o(.text.HAL_UART_RxCpltCallback)
    HAL_UART_Transmit_DMA                    0x08003349   Thumb Code   188  stm32f1xx_hal_uart.o(.text.HAL_UART_Transmit_DMA)
    HAL_UART_TxCpltCallback                  0x08003405   Thumb Code     2  stm32f1xx_hal_uart.o(.text.HAL_UART_TxCpltCallback)
    HAL_UART_TxHalfCpltCallback              0x08003409   Thumb Code     2  stm32f1xx_hal_uart.o(.text.HAL_UART_TxHalfCpltCallback)
    HardFault_Handler                        0x0800340d   Thumb Code     2  stm32f1xx_it.o(.text.HardFault_Handler)
    Hcsr04TimIcIsr                           0x08003411   Thumb Code   282  sonic.o(.text.Hcsr04TimIcIsr)
    IIC_GPIO_Init                            0x08003a29   Thumb Code   120  bsp_iic.o(.text.IIC_GPIO_Init)
    IIC_Read_Byte                            0x08003aa1   Thumb Code   498  bsp_iic.o(.text.IIC_Read_Byte)
    IIC_Send_Byte                            0x08003c95   Thumb Code   330  bsp_iic.o(.text.IIC_Send_Byte)
    IIC_Start                                0x08003de1   Thumb Code    62  bsp_iic.o(.text.IIC_Start)
    IIC_Stop                                 0x08003e21   Thumb Code    50  bsp_iic.o(.text.IIC_Stop)
    IIC_Wait_Ack                             0x08003e55   Thumb Code    70  bsp_iic.o(.text.IIC_Wait_Ack)
    Key_Proc                                 0x08003e9d   Thumb Code   120  pid.o(.text.Key_Proc)
    MPU_Get_Accelerometer                    0x08003f15   Thumb Code    66  mpu6050.o(.text.MPU_Get_Accelerometer)
    MPU_Get_Gyroscope                        0x08003f59   Thumb Code    66  mpu6050.o(.text.MPU_Get_Gyroscope)
    MPU_Init                                 0x08003f9d   Thumb Code   188  mpu6050.o(.text.MPU_Init)
    MPU_Read_Len                             0x08004059   Thumb Code   112  mpu6050.o(.text.MPU_Read_Len)
    MPU_Write_Byte                           0x080040c9   Thumb Code    68  mpu6050.o(.text.MPU_Write_Byte)
    MPU_Write_Len                            0x0800410d   Thumb Code    90  mpu6050.o(.text.MPU_Write_Len)
    MX_DMA_Init                              0x08004169   Thumb Code   124  dma.o(.text.MX_DMA_Init)
    MX_GPIO_Init                             0x080041e5   Thumb Code   322  gpio.o(.text.MX_GPIO_Init)
    MX_I2C1_Init                             0x08004329   Thumb Code    66  i2c.o(.text.MX_I2C1_Init)
    MX_TIM1_Init                             0x0800436d   Thumb Code   344  tim.o(.text.MX_TIM1_Init)
    MX_TIM2_Init                             0x080044c5   Thumb Code   114  tim.o(.text.MX_TIM2_Init)
    MX_TIM3_Init                             0x08004539   Thumb Code   104  tim.o(.text.MX_TIM3_Init)
    MX_TIM4_Init                             0x080045a1   Thumb Code   104  tim.o(.text.MX_TIM4_Init)
    MX_USART1_UART_Init                      0x08004609   Thumb Code    60  usart.o(.text.MX_USART1_UART_Init)
    MX_USART2_UART_Init                      0x08004645   Thumb Code    60  usart.o(.text.MX_USART2_UART_Init)
    MemManage_Handler                        0x08004681   Thumb Code     2  stm32f1xx_it.o(.text.MemManage_Handler)
    Motor_Init                               0x08004685   Thumb Code   102  bsp_motor.o(.text.Motor_Init)
    NMI_Handler                              0x080046ed   Thumb Code     2  stm32f1xx_it.o(.text.NMI_Handler)
    OLED_Clear                               0x080046f1   Thumb Code     6  bsp_oled.o(.text.OLED_Clear)
    OLED_Fill                                0x080046f9   Thumb Code   168  bsp_oled.o(.text.OLED_Fill)
    OLED_Init                                0x080047a1   Thumb Code   712  bsp_oled.o(.text.OLED_Init)
    OLED_Proc                                0x08004a69   Thumb Code   216  main.o(.text.OLED_Proc)
    OLED_ShowStr                             0x08004bad   Thumb Code  1142  bsp_oled.o(.text.OLED_ShowStr)
    PID_Init                                 0x08005025   Thumb Code    28  pid.o(.text.PID_Init)
    PWM_LOAD                                 0x08005041   Thumb Code   136  bsp_motor.o(.text.PWM_LOAD)
    PendSV_Handler                           0x080050c9   Thumb Code     2  stm32f1xx_it.o(.text.PendSV_Handler)
    Read_Speed                               0x080050cd   Thumb Code    46  bsp_motor.o(.text.Read_Speed)
    SVC_Handler                              0x080050fd   Thumb Code     2  stm32f1xx_it.o(.text.SVC_Handler)
    SysTick_Handler                          0x08005101   Thumb Code     4  stm32f1xx_it.o(.text.SysTick_Handler)
    SystemInit                               0x08005105   Thumb Code     2  system_stm32f1xx.o(.text.SystemInit)
    TIM2_IRQHandler                          0x08005109   Thumb Code    12  stm32f1xx_it.o(.text.TIM2_IRQHandler)
    TIM3_IRQHandler                          0x08005115   Thumb Code    12  stm32f1xx_it.o(.text.TIM3_IRQHandler)
    TIM4_IRQHandler                          0x08005121   Thumb Code    12  stm32f1xx_it.o(.text.TIM4_IRQHandler)
    Turn                                     0x0800512d   Thumb Code    24  pid.o(.text.Turn)
    USART1_IRQHandler                        0x08005485   Thumb Code    12  stm32f1xx_it.o(.text.USART1_IRQHandler)
    USART2_IRQHandler                        0x08005491   Thumb Code    12  stm32f1xx_it.o(.text.USART2_IRQHandler)
    UsageFault_Handler                       0x0800549d   Thumb Code     2  stm32f1xx_it.o(.text.UsageFault_Handler)
    Velocity                                 0x080054a1   Thumb Code   198  pid.o(.text.Velocity)
    Vertical                                 0x08005569   Thumb Code    58  pid.o(.text.Vertical)
    dmp_enable_feature                       0x080055a5   Thumb Code   670  inv_mpu_dmp_motion_driver.o(.text.dmp_enable_feature)
    dmp_load_motion_driver_firmware          0x08005845   Thumb Code    22  inv_mpu_dmp_motion_driver.o(.text.dmp_load_motion_driver_firmware)
    dmp_read_fifo                            0x0800585d   Thumb Code   468  inv_mpu_dmp_motion_driver.o(.text.dmp_read_fifo)
    dmp_set_accel_bias                       0x08005a31   Thumb Code   192  inv_mpu_dmp_motion_driver.o(.text.dmp_set_accel_bias)
    dmp_set_fifo_rate                        0x08005af1   Thumb Code   112  inv_mpu_dmp_motion_driver.o(.text.dmp_set_fifo_rate)
    dmp_set_gyro_bias                        0x08005b61   Thumb Code   224  inv_mpu_dmp_motion_driver.o(.text.dmp_set_gyro_bias)
    dmp_set_orientation                      0x08005c41   Thumb Code   232  inv_mpu_dmp_motion_driver.o(.text.dmp_set_orientation)
    dmp_set_tap_thresh                       0x08005d29   Thumb Code   294  inv_mpu_dmp_motion_driver.o(.text.dmp_set_tap_thresh)
    gfp_abs                                  0x08006185   Thumb Code     8  bsp_motor.o(.text.gfp_abs)
    inv_orientation_matrix_to_scalar         0x0800618d   Thumb Code   220  inv_mpu.o(.text.inv_orientation_matrix_to_scalar)
    main                                     0x08006269   Thumb Code   308  main.o(.text.main)
    mget_ms                                  0x080063e1   Thumb Code     2  inv_mpu.o(.text.mget_ms)
    mpu_configure_fifo                       0x080063e5   Thumb Code   176  inv_mpu.o(.text.mpu_configure_fifo)
    mpu_dmp_get_data                         0x08006495   Thumb Code   474  inv_mpu.o(.text.mpu_dmp_get_data)
    mpu_dmp_init                             0x08006671   Thumb Code   238  inv_mpu.o(.text.mpu_dmp_init)
    mpu_get_accel_fsr                        0x08006761   Thumb Code    60  inv_mpu.o(.text.mpu_get_accel_fsr)
    mpu_get_accel_sens                       0x0800679d   Thumb Code    52  inv_mpu.o(.text.mpu_get_accel_sens)
    mpu_init                                 0x080067e1   Thumb Code   384  inv_mpu.o(.text.mpu_init)
    mpu_load_firmware                        0x080069a9   Thumb Code   326  inv_mpu.o(.text.mpu_load_firmware)
    mpu_lp_accel_mode                        0x08006af1   Thumb Code   540  inv_mpu.o(.text.mpu_lp_accel_mode)
    mpu_read_fifo_stream                     0x08006d0d   Thumb Code   190  inv_mpu.o(.text.mpu_read_fifo_stream)
    mpu_reset_fifo                           0x08006dcd   Thumb Code   386  inv_mpu.o(.text.mpu_reset_fifo)
    mpu_run_self_test                        0x08006f51   Thumb Code  2328  inv_mpu.o(.text.mpu_run_self_test)
    mpu_set_accel_fsr                        0x08007889   Thumb Code   154  inv_mpu.o(.text.mpu_set_accel_fsr)
    mpu_set_bypass                           0x08007925   Thumb Code   238  inv_mpu.o(.text.mpu_set_bypass)
    mpu_set_dmp_state                        0x08007a15   Thumb Code   224  inv_mpu.o(.text.mpu_set_dmp_state)
    mpu_set_lpf                              0x08007af5   Thumb Code   156  inv_mpu.o(.text.mpu_set_lpf)
    mpu_set_sample_rate                      0x08007b91   Thumb Code   326  inv_mpu.o(.text.mpu_set_sample_rate)
    mpu_set_sensors                          0x08007cd9   Thumb Code   234  inv_mpu.o(.text.mpu_set_sensors)
    mpu_write_mem                            0x08007dc5   Thumb Code   100  inv_mpu.o(.text.mpu_write_mem)
    print                                    0x08007e29   Thumb Code    70  pid.o(.text.print)
    run_self_test                            0x08007e71   Thumb Code   170  inv_mpu.o(.text.run_self_test)
    __0printf                                0x08007f1d   Thumb Code    22  printfa.o(i.__0printf)
    __1printf                                0x08007f1d   Thumb Code     0  printfa.o(i.__0printf)
    __2printf                                0x08007f1d   Thumb Code     0  printfa.o(i.__0printf)
    __c89printf                              0x08007f1d   Thumb Code     0  printfa.o(i.__0printf)
    printf                                   0x08007f1d   Thumb Code     0  printfa.o(i.__0printf)
    __0sprintf                               0x08007f3d   Thumb Code    34  printfa.o(i.__0sprintf)
    __1sprintf                               0x08007f3d   Thumb Code     0  printfa.o(i.__0sprintf)
    __2sprintf                               0x08007f3d   Thumb Code     0  printfa.o(i.__0sprintf)
    __c89sprintf                             0x08007f3d   Thumb Code     0  printfa.o(i.__0sprintf)
    sprintf                                  0x08007f3d   Thumb Code     0  printfa.o(i.__0sprintf)
    __0vsprintf                              0x08007f65   Thumb Code    30  printfa.o(i.__0vsprintf)
    __1vsprintf                              0x08007f65   Thumb Code     0  printfa.o(i.__0vsprintf)
    __2vsprintf                              0x08007f65   Thumb Code     0  printfa.o(i.__0vsprintf)
    __c89vsprintf                            0x08007f65   Thumb Code     0  printfa.o(i.__0vsprintf)
    vsprintf                                 0x08007f65   Thumb Code     0  printfa.o(i.__0vsprintf)
    __ARM_fpclassify                         0x08007f89   Thumb Code    40  fpclassify.o(i.__ARM_fpclassify)
    __kernel_poly                            0x08007fb1   Thumb Code   170  poly.o(i.__kernel_poly)
    __mathlib_dbl_infnan                     0x0800805b   Thumb Code     6  dunder.o(i.__mathlib_dbl_infnan)
    __mathlib_dbl_infnan2                    0x08008061   Thumb Code     4  dunder.o(i.__mathlib_dbl_infnan2)
    __mathlib_dbl_invalid                    0x08008065   Thumb Code    12  dunder.o(i.__mathlib_dbl_invalid)
    __mathlib_dbl_underflow                  0x08008071   Thumb Code    10  dunder.o(i.__mathlib_dbl_underflow)
    __scatterload_copy                       0x08008081   Thumb Code    14  handlers.o(i.__scatterload_copy)
    __scatterload_null                       0x0800808f   Thumb Code     2  handlers.o(i.__scatterload_null)
    __scatterload_zeroinit                   0x08008091   Thumb Code    14  handlers.o(i.__scatterload_zeroinit)
    __set_errno                              0x080080a1   Thumb Code     6  errno.o(i.__set_errno)
    asin                                     0x08008969   Thumb Code   572  asin.o(i.asin)
    atan                                     0x08008bd9   Thumb Code   474  atan.o(i.atan)
    atan2                                    0x08008df9   Thumb Code   374  atan2.o(i.atan2)
    fputc                                    0x08008f95   Thumb Code    18  fputc.o(i.fputc)
    puts                                     0x08008fa9   Thumb Code    30  puts.o(i.puts)
    sqrt                                     0x08008fcd   Thumb Code    76  sqrt.o(i.sqrt)
    __mathlib_zero                           0x08009100   Data           8  qnan.o(.constdata)
    AHBPrescTable                            0x0800910e   Data          16  system_stm32f1xx.o(.rodata.AHBPrescTable)
    APBPrescTable                            0x0800911e   Data           8  system_stm32f1xx.o(.rodata.APBPrescTable)
    F6x8                                     0x08009126   Data         552  bsp_oled.o(.rodata.F6x8)
    F8X16                                    0x0800934e   Data        1520  bsp_oled.o(.rodata.F8X16)
    hw                                       0x0800a546   Data          12  inv_mpu.o(.rodata.hw)
    reg                                      0x0800a552   Data          27  inv_mpu.o(.rodata.reg)
    test                                     0x0800a5c0   Data          40  inv_mpu.o(.rodata.test)
    Region$$Table$$Base                      0x0800a5e8   Number         0  anon$$obj.o(Region$$Table)
    Region$$Table$$Limit                     0x0800a608   Number         0  anon$$obj.o(Region$$Table)
    __stdout                                 0x20000000   Data           4  stdout.o(.data)
    uwTickFreq                               0x20000008   Data           1  stm32f1xx_hal.o(.data..L_MergedGlobals)
    uwTickPrio                               0x2000000c   Data           4  stm32f1xx_hal.o(.data..L_MergedGlobals)
    Med_Angle                                0x20000048   Data           4  exti.o(.data.Med_Angle)
    SystemCoreClock                          0x2000004c   Data           4  system_stm32f1xx.o(.data.SystemCoreClock)
    OLED_Disp_Str                            0x20000054   Data          21  main.o(.bss..L_MergedGlobals)
    Turn_Out                                 0x2000006c   Data           4  exti.o(.bss..L_MergedGlobals)
    PWM_Out                                  0x20000070   Data           4  exti.o(.bss..L_MergedGlobals)
    VeloCity                                 0x20000094   Data          16  pid.o(.bss..L_MergedGlobals)
    distance                                 0x200000b0   Data           8  sonic.o(.bss..L_MergedGlobals)
    Hcsr04Info                               0x200000b8   Data          40  sonic.o(.bss..L_MergedGlobals)
    VerTical                                 0x200000e0   Data          16  pid.o(.bss.VerTical)
    aacx                                     0x200000f0   Data           2  mpu6050.o(.bss.aacx)
    aacy                                     0x200000f2   Data           2  mpu6050.o(.bss.aacy)
    aacz                                     0x200000f4   Data           2  mpu6050.o(.bss.aacz)
    fx                                       0x200000fe   Data           1  main.o(.bss.fx)
    gyrox                                    0x20000100   Data           2  mpu6050.o(.bss.gyrox)
    gyroy                                    0x20000102   Data           2  mpu6050.o(.bss.gyroy)
    gyroz                                    0x20000104   Data           2  mpu6050.o(.bss.gyroz)
    hdma_memtomem_dma1_channel1              0x20000108   Data          68  dma.o(.bss.hdma_memtomem_dma1_channel1)
    hdma_usart2_rx                           0x2000014c   Data          68  usart.o(.bss.hdma_usart2_rx)
    hdma_usart2_tx                           0x20000190   Data          68  usart.o(.bss.hdma_usart2_tx)
    hi2c1                                    0x200001d4   Data          84  i2c.o(.bss.hi2c1)
    htim1                                    0x20000228   Data          72  tim.o(.bss.htim1)
    htim2                                    0x20000270   Data          72  tim.o(.bss.htim2)
    htim3                                    0x200002b8   Data          72  tim.o(.bss.htim3)
    htim4                                    0x20000300   Data          72  tim.o(.bss.htim4)
    huart1                                   0x20000348   Data          72  usart.o(.bss.huart1)
    huart2                                   0x20000390   Data          72  usart.o(.bss.huart2)
    motor1                                   0x200003d8   Data          28  bsp_motor.o(.bss.motor1)
    motor2                                   0x200003f4   Data          28  bsp_motor.o(.bss.motor2)
    pitch                                    0x20000410   Data           4  mpu6050.o(.bss.pitch)
    roll                                     0x20000414   Data           4  mpu6050.o(.bss.roll)
    uwTick                                   0x20000418   Data           4  stm32f1xx_hal.o(.bss.uwTick)
    yaw                                      0x2000041c   Data           4  mpu6050.o(.bss.yaw)
    __initial_sp                             0x20000820   Data           0  startup_stm32f103xb.o(STACK)



==============================================================================

Memory Map of the image

  Image Entry point : 0x080000ed

  Load Region LR_IROM1 (Base: 0x08000000, Size: 0x0000a658, Max: 0x00010000, ABSOLUTE)

    Execution Region ER_IROM1 (Exec base: 0x08000000, Load base: 0x08000000, Size: 0x0000a608, Max: 0x00010000, ABSOLUTE)

    Exec Addr    Load Addr    Size         Type   Attr      Idx    E Section Name        Object

    0x08000000   0x08000000   0x000000ec   Data   RO            3    RESET               startup_stm32f103xb.o
    0x080000ec   0x080000ec   0x00000000   Code   RO         1494  * .ARM.Collect$$$$00000000  mc_w.l(entry.o)
    0x080000ec   0x080000ec   0x00000004   Code   RO         1834    .ARM.Collect$$$$00000001  mc_w.l(entry2.o)
    0x080000f0   0x080000f0   0x00000004   Code   RO         1837    .ARM.Collect$$$$00000004  mc_w.l(entry5.o)
    0x080000f4   0x080000f4   0x00000000   Code   RO         1839    .ARM.Collect$$$$00000008  mc_w.l(entry7b.o)
    0x080000f4   0x080000f4   0x00000000   Code   RO         1841    .ARM.Collect$$$$0000000A  mc_w.l(entry8b.o)
    0x080000f4   0x080000f4   0x00000008   Code   RO         1842    .ARM.Collect$$$$0000000B  mc_w.l(entry9a.o)
    0x080000fc   0x080000fc   0x00000000   Code   RO         1844    .ARM.Collect$$$$0000000D  mc_w.l(entry10a.o)
    0x080000fc   0x080000fc   0x00000000   Code   RO         1846    .ARM.Collect$$$$0000000F  mc_w.l(entry11a.o)
    0x080000fc   0x080000fc   0x00000004   Code   RO         1835    .ARM.Collect$$$$00002712  mc_w.l(entry2.o)
    0x08000100   0x08000100   0x00000024   Code   RO            4    .text               startup_stm32f103xb.o
    0x08000124   0x08000124   0x00000062   Code   RO         1501    .text               mc_w.l(ldiv.o)
    0x08000186   0x08000186   0x00000024   Code   RO         1503    .text               mc_w.l(memseta.o)
    0x080001aa   0x080001aa   0x0000000e   Code   RO         1505    .text               mc_w.l(strlen.o)
    0x080001b8   0x080001b8   0x0000001a   Code   RO         1507    .text               mc_w.l(memcmp.o)
    0x080001d2   0x080001d2   0x000000b0   Code   RO         1770    .text               mf_w.l(fadd.o)
    0x08000282   0x08000282   0x00000064   Code   RO         1772    .text               mf_w.l(fmul.o)
    0x080002e6   0x080002e6   0x0000007c   Code   RO         1774    .text               mf_w.l(fdiv.o)
    0x08000362   0x08000362   0x0000014e   Code   RO         1776    .text               mf_w.l(dadd.o)
    0x080004b0   0x080004b0   0x000000e4   Code   RO         1778    .text               mf_w.l(dmul.o)
    0x08000594   0x08000594   0x000000de   Code   RO         1780    .text               mf_w.l(ddiv.o)
    0x08000672   0x08000672   0x0000001c   Code   RO         1782    .text               mf_w.l(fcmple.o)
    0x0800068e   0x0800068e   0x0000001c   Code   RO         1784    .text               mf_w.l(fcmplt.o)
    0x080006aa   0x080006aa   0x0000001c   Code   RO         1786    .text               mf_w.l(fcmpgt.o)
    0x080006c6   0x080006c6   0x0000001c   Code   RO         1788    .text               mf_w.l(fcmpeq.o)
    0x080006e2   0x080006e2   0x00000012   Code   RO         1790    .text               mf_w.l(fflti.o)
    0x080006f4   0x080006f4   0x0000000a   Code   RO         1792    .text               mf_w.l(ffltui.o)
    0x080006fe   0x080006fe   0x00000022   Code   RO         1794    .text               mf_w.l(dflti.o)
    0x08000720   0x08000720   0x0000001a   Code   RO         1796    .text               mf_w.l(dfltui.o)
    0x0800073a   0x0800073a   0x00000032   Code   RO         1798    .text               mf_w.l(ffixi.o)
    0x0800076c   0x0800076c   0x0000003e   Code   RO         1800    .text               mf_w.l(dfixi.o)
    0x080007aa   0x080007aa   0x00000026   Code   RO         1802    .text               mf_w.l(f2d.o)
    0x080007d0   0x080007d0   0x00000038   Code   RO         1804    .text               mf_w.l(d2f.o)
    0x08000808   0x08000808   0x0000002c   Code   RO         1862    .text               mc_w.l(uidiv.o)
    0x08000834   0x08000834   0x00000062   Code   RO         1864    .text               mc_w.l(uldiv.o)
    0x08000896   0x08000896   0x0000001e   Code   RO         1866    .text               mc_w.l(llshl.o)
    0x080008b4   0x080008b4   0x00000020   Code   RO         1868    .text               mc_w.l(llushr.o)
    0x080008d4   0x080008d4   0x00000024   Code   RO         1870    .text               mc_w.l(llsshr.o)
    0x080008f8   0x080008f8   0x00000000   Code   RO         1879    .text               mc_w.l(iusefp.o)
    0x080008f8   0x080008f8   0x0000006e   Code   RO         1880    .text               mf_w.l(fepilogue.o)
    0x08000966   0x08000966   0x000000ba   Code   RO         1882    .text               mf_w.l(depilogue.o)
    0x08000a20   0x08000a20   0x0000002e   Code   RO         1884    .text               mf_w.l(dscalb.o)
    0x08000a4e   0x08000a4e   0x00000030   Code   RO         1886    .text               mf_w.l(dfixul.o)
    0x08000a7e   0x08000a7e   0x00000002   PAD
    0x08000a80   0x08000a80   0x00000030   Code   RO         1888    .text               mf_w.l(cdcmple.o)
    0x08000ab0   0x08000ab0   0x00000030   Code   RO         1890    .text               mf_w.l(cdrcmple.o)
    0x08000ae0   0x08000ae0   0x00000024   Code   RO         1892    .text               mc_w.l(init.o)
    0x08000b04   0x08000b04   0x00000000   Code   RO         1894    .text               mc_w.l(semi.o)
    0x08000b04   0x08000b04   0x00000000   Code   RO         1895    .text               mc_w.l(iusesemip.o)
    0x08000b04   0x08000b04   0x000000a2   Code   RO         1896    .text               mf_w.l(dsqrt.o)
    0x08000ba6   0x08000ba6   0x00000002   PAD
    0x08000ba8   0x08000ba8   0x00000002   Code   RO          124    .text.BusFault_Handler  stm32f1xx_it.o
    0x08000baa   0x08000baa   0x00000002   PAD
    0x08000bac   0x08000bac   0x0000000c   Code   RO          138    .text.DMA1_Channel6_IRQHandler  stm32f1xx_it.o
    0x08000bb8   0x08000bb8   0x0000000c   Code   RO          140    .text.DMA1_Channel7_IRQHandler  stm32f1xx_it.o
    0x08000bc4   0x08000bc4   0x00000002   Code   RO          130    .text.DebugMon_Handler  stm32f1xx_it.o
    0x08000bc6   0x08000bc6   0x00000002   PAD
    0x08000bc8   0x08000bc8   0x00000006   Code   RO          136    .text.EXTI0_IRQHandler  stm32f1xx_it.o
    0x08000bce   0x08000bce   0x00000002   PAD
    0x08000bd0   0x08000bd0   0x0000000a   Code   RO           17    .text.Error_Handler  main.o
    0x08000bda   0x08000bda   0x00000002   PAD
    0x08000bdc   0x08000bdc   0x00000046   Code   RO          464    .text.HAL_DMA_Abort  stm32f1xx_hal_dma.o
    0x08000c22   0x08000c22   0x00000002   PAD
    0x08000c24   0x08000c24   0x000000b2   Code   RO          466    .text.HAL_DMA_Abort_IT  stm32f1xx_hal_dma.o
    0x08000cd6   0x08000cd6   0x00000002   PAD
    0x08000cd8   0x08000cd8   0x000001a0   Code   RO          470    .text.HAL_DMA_IRQHandler  stm32f1xx_hal_dma.o
    0x08000e78   0x08000e78   0x00000088   Code   RO          456    .text.HAL_DMA_Init  stm32f1xx_hal_dma.o
    0x08000f00   0x08000f00   0x0000009c   Code   RO          462    .text.HAL_DMA_Start_IT  stm32f1xx_hal_dma.o
    0x08000f9c   0x08000f9c   0x00000028   Code   RO          340    .text.HAL_Delay     stm32f1xx_hal.o
    0x08000fc4   0x08000fc4   0x00000196   Code   RO         1199    .text.HAL_GPIO_EXTI_Callback  exti.o
    0x0800115a   0x0800115a   0x00000002   PAD
    0x0800115c   0x0800115c   0x00000016   Code   RO          444    .text.HAL_GPIO_EXTI_IRQHandler  stm32f1xx_hal_gpio.o
    0x08001172   0x08001172   0x00000002   PAD
    0x08001174   0x08001174   0x0000021a   Code   RO          432    .text.HAL_GPIO_Init  stm32f1xx_hal_gpio.o
    0x0800138e   0x0800138e   0x00000002   PAD
    0x08001390   0x08001390   0x0000000a   Code   RO          436    .text.HAL_GPIO_ReadPin  stm32f1xx_hal_gpio.o
    0x0800139a   0x0800139a   0x00000002   PAD
    0x0800139c   0x0800139c   0x0000000a   Code   RO          438    .text.HAL_GPIO_WritePin  stm32f1xx_hal_gpio.o
    0x080013a6   0x080013a6   0x00000002   PAD
    0x080013a8   0x080013a8   0x0000000c   Code   RO          332    .text.HAL_GetTick   stm32f1xx_hal.o
    0x080013b4   0x080013b4   0x00000176   Code   RO          182    .text.HAL_I2C_Init  stm32f1xx_hal_i2c.o
    0x0800152a   0x0800152a   0x00000002   PAD
    0x0800152c   0x0800152c   0x00000158   Code   RO          226    .text.HAL_I2C_Mem_Write  stm32f1xx_hal_i2c.o
    0x08001684   0x08001684   0x0000007a   Code   RO           55    .text.HAL_I2C_MspInit  i2c.o
    0x080016fe   0x080016fe   0x00000002   PAD
    0x08001700   0x08001700   0x0000001a   Code   RO          330    .text.HAL_IncTick   stm32f1xx_hal.o
    0x0800171a   0x0800171a   0x00000002   PAD
    0x0800171c   0x0800171c   0x00000026   Code   RO          320    .text.HAL_Init      stm32f1xx_hal.o
    0x08001742   0x08001742   0x00000002   PAD
    0x08001744   0x08001744   0x00000048   Code   RO          322    .text.HAL_InitTick  stm32f1xx_hal.o
    0x0800178c   0x0800178c   0x00000042   Code   RO          159    .text.HAL_MspInit   stm32f1xx_hal_msp.o
    0x080017ce   0x080017ce   0x00000002   PAD
    0x080017d0   0x080017d0   0x0000002e   Code   RO          494    .text.HAL_NVIC_DisableIRQ  stm32f1xx_hal_cortex.o
    0x080017fe   0x080017fe   0x00000002   PAD
    0x08001800   0x08001800   0x00000026   Code   RO          492    .text.HAL_NVIC_EnableIRQ  stm32f1xx_hal_cortex.o
    0x08001826   0x08001826   0x00000002   PAD
    0x08001828   0x08001828   0x00000056   Code   RO          490    .text.HAL_NVIC_SetPriority  stm32f1xx_hal_cortex.o
    0x0800187e   0x0800187e   0x00000002   PAD
    0x08001880   0x08001880   0x00000020   Code   RO          488    .text.HAL_NVIC_SetPriorityGrouping  stm32f1xx_hal_cortex.o
    0x080018a0   0x080018a0   0x000001be   Code   RO          384    .text.HAL_RCC_ClockConfig  stm32f1xx_hal_rcc.o
    0x08001a5e   0x08001a5e   0x00000002   PAD
    0x08001a60   0x08001a60   0x00000026   Code   RO          396    .text.HAL_RCC_GetPCLK1Freq  stm32f1xx_hal_rcc.o
    0x08001a86   0x08001a86   0x00000002   PAD
    0x08001a88   0x08001a88   0x00000026   Code   RO          398    .text.HAL_RCC_GetPCLK2Freq  stm32f1xx_hal_rcc.o
    0x08001aae   0x08001aae   0x00000002   PAD
    0x08001ab0   0x08001ab0   0x000003b4   Code   RO          382    .text.HAL_RCC_OscConfig  stm32f1xx_hal_rcc.o
    0x08001e64   0x08001e64   0x0000002c   Code   RO          500    .text.HAL_SYSTICK_Config  stm32f1xx_hal_cortex.o
    0x08001e90   0x08001e90   0x00000002   Code   RO          958    .text.HAL_TIMEx_BreakCallback  stm32f1xx_hal_tim_ex.o
    0x08001e92   0x08001e92   0x00000002   PAD
    0x08001e94   0x08001e94   0x00000002   Code   RO          954    .text.HAL_TIMEx_CommutCallback  stm32f1xx_hal_tim_ex.o
    0x08001e96   0x08001e96   0x00000002   PAD
    0x08001e98   0x08001e98   0x0000004c   Code   RO          950    .text.HAL_TIMEx_ConfigBreakDeadTime  stm32f1xx_hal_tim_ex.o
    0x08001ee4   0x08001ee4   0x0000007a   Code   RO          948    .text.HAL_TIMEx_MasterConfigSynchronization  stm32f1xx_hal_tim_ex.o
    0x08001f5e   0x08001f5e   0x00000002   PAD
    0x08001f60   0x08001f60   0x000000ec   Code   RO          653    .text.HAL_TIM_Base_Init  stm32f1xx_hal_tim.o
    0x0800204c   0x0800204c   0x000000b0   Code   RO           78    .text.HAL_TIM_Base_MspInit  tim.o
    0x080020fc   0x080020fc   0x0000006e   Code   RO          667    .text.HAL_TIM_Base_Start_IT  stm32f1xx_hal_tim.o
    0x0800216a   0x0800216a   0x00000002   PAD
    0x0800216c   0x0800216c   0x0000019c   Code   RO          833    .text.HAL_TIM_ConfigClockSource  stm32f1xx_hal_tim.o
    0x08002308   0x08002308   0x0000014c   Code   RO          767    .text.HAL_TIM_Encoder_Init  stm32f1xx_hal_tim.o
    0x08002454   0x08002454   0x000000e8   Code   RO           80    .text.HAL_TIM_Encoder_MspInit  tim.o
    0x0800253c   0x0800253c   0x000000bc   Code   RO          775    .text.HAL_TIM_Encoder_Start  stm32f1xx_hal_tim.o
    0x080025f8   0x080025f8   0x00000004   Code   RO         1473    .text.HAL_TIM_IC_CaptureCallback  sonic.o
    0x080025fc   0x080025fc   0x00000170   Code   RO          787    .text.HAL_TIM_IRQHandler  stm32f1xx_hal_tim.o
    0x0800276c   0x0800276c   0x00000002   Code   RO          791    .text.HAL_TIM_OC_DelayElapsedCallback  stm32f1xx_hal_tim.o
    0x0800276e   0x0800276e   0x00000002   PAD
    0x08002770   0x08002770   0x0000020c   Code   RO          807    .text.HAL_TIM_PWM_ConfigChannel  stm32f1xx_hal_tim.o
    0x0800297c   0x0800297c   0x000000ec   Code   RO          707    .text.HAL_TIM_PWM_Init  stm32f1xx_hal_tim.o
    0x08002a68   0x08002a68   0x00000002   Code   RO          709    .text.HAL_TIM_PWM_MspInit  stm32f1xx_hal_tim.o
    0x08002a6a   0x08002a6a   0x00000002   PAD
    0x08002a6c   0x08002a6c   0x00000002   Code   RO          793    .text.HAL_TIM_PWM_PulseFinishedCallback  stm32f1xx_hal_tim.o
    0x08002a6e   0x08002a6e   0x00000002   PAD
    0x08002a70   0x08002a70   0x000000de   Code   RO          715    .text.HAL_TIM_PWM_Start  stm32f1xx_hal_tim.o
    0x08002b4e   0x08002b4e   0x00000002   PAD
    0x08002b50   0x08002b50   0x00000002   Code   RO         1145    .text.HAL_TIM_PeriodElapsedCallback  bsp_motor.o
    0x08002b52   0x08002b52   0x00000002   PAD
    0x08002b54   0x08002b54   0x00000034   Code   RO          843    .text.HAL_TIM_ReadCapturedValue  stm32f1xx_hal_tim.o
    0x08002b88   0x08002b88   0x00000002   Code   RO          797    .text.HAL_TIM_TriggerCallback  stm32f1xx_hal_tim.o
    0x08002b8a   0x08002b8a   0x00000002   PAD
    0x08002b8c   0x08002b8c   0x00000002   Code   RO         1056    .text.HAL_UARTEx_RxEventCallback  stm32f1xx_hal_uart.o
    0x08002b8e   0x08002b8e   0x00000002   PAD
    0x08002b90   0x08002b90   0x00000002   Code   RO         1054    .text.HAL_UART_ErrorCallback  stm32f1xx_hal_uart.o
    0x08002b92   0x08002b92   0x00000002   PAD
    0x08002b94   0x08002b94   0x00000560   Code   RO         1048    .text.HAL_UART_IRQHandler  stm32f1xx_hal_uart.o
    0x080030f4   0x080030f4   0x000000e2   Code   RO          972    .text.HAL_UART_Init  stm32f1xx_hal_uart.o
    0x080031d6   0x080031d6   0x00000002   PAD
    0x080031d8   0x080031d8   0x0000016c   Code   RO          102    .text.HAL_UART_MspInit  usart.o
    0x08003344   0x08003344   0x00000002   Code   RO         1062    .text.HAL_UART_RxCpltCallback  stm32f1xx_hal_uart.o
    0x08003346   0x08003346   0x00000002   PAD
    0x08003348   0x08003348   0x000000bc   Code   RO          996    .text.HAL_UART_Transmit_DMA  stm32f1xx_hal_uart.o
    0x08003404   0x08003404   0x00000002   Code   RO         1058    .text.HAL_UART_TxCpltCallback  stm32f1xx_hal_uart.o
    0x08003406   0x08003406   0x00000002   PAD
    0x08003408   0x08003408   0x00000002   Code   RO         1060    .text.HAL_UART_TxHalfCpltCallback  stm32f1xx_hal_uart.o
    0x0800340a   0x0800340a   0x00000002   PAD
    0x0800340c   0x0800340c   0x00000002   Code   RO          120    .text.HardFault_Handler  stm32f1xx_it.o
    0x0800340e   0x0800340e   0x00000002   PAD
    0x08003410   0x08003410   0x0000011a   Code   RO         1469    .text.Hcsr04TimIcIsr  sonic.o
    0x0800352a   0x0800352a   0x00000002   PAD
    0x0800352c   0x0800352c   0x000000c8   Code   RO          228    .text.I2C_RequestMemoryWrite  stm32f1xx_hal_i2c.o
    0x080035f4   0x080035f4   0x000000be   Code   RO          196    .text.I2C_WaitOnBTFFlagUntilTimeout  stm32f1xx_hal_i2c.o
    0x080036b2   0x080036b2   0x00000002   PAD
    0x080036b4   0x080036b4   0x000001d2   Code   RO          192    .text.I2C_WaitOnFlagUntilTimeout  stm32f1xx_hal_i2c.o
    0x08003886   0x08003886   0x00000002   PAD
    0x08003888   0x08003888   0x000000e0   Code   RO          310    .text.I2C_WaitOnMasterAddressFlagUntilTimeout  stm32f1xx_hal_i2c.o
    0x08003968   0x08003968   0x000000be   Code   RO          194    .text.I2C_WaitOnTXEFlagUntilTimeout  stm32f1xx_hal_i2c.o
    0x08003a26   0x08003a26   0x00000002   PAD
    0x08003a28   0x08003a28   0x00000078   Code   RO         1121    .text.IIC_GPIO_Init  bsp_iic.o
    0x08003aa0   0x08003aa0   0x000001f2   Code   RO         1113    .text.IIC_Read_Byte  bsp_iic.o
    0x08003c92   0x08003c92   0x00000002   PAD
    0x08003c94   0x08003c94   0x0000014a   Code   RO         1111    .text.IIC_Send_Byte  bsp_iic.o
    0x08003dde   0x08003dde   0x00000002   PAD
    0x08003de0   0x08003de0   0x0000003e   Code   RO         1107    .text.IIC_Start     bsp_iic.o
    0x08003e1e   0x08003e1e   0x00000002   PAD
    0x08003e20   0x08003e20   0x00000032   Code   RO         1109    .text.IIC_Stop      bsp_iic.o
    0x08003e52   0x08003e52   0x00000002   PAD
    0x08003e54   0x08003e54   0x00000046   Code   RO         1119    .text.IIC_Wait_Ack  bsp_iic.o
    0x08003e9a   0x08003e9a   0x00000002   PAD
    0x08003e9c   0x08003e9c   0x00000078   Code   RO         1447    .text.Key_Proc      pid.o
    0x08003f14   0x08003f14   0x00000042   Code   RO         1413    .text.MPU_Get_Accelerometer  mpu6050.o
    0x08003f56   0x08003f56   0x00000002   PAD
    0x08003f58   0x08003f58   0x00000042   Code   RO         1411    .text.MPU_Get_Gyroscope  mpu6050.o
    0x08003f9a   0x08003f9a   0x00000002   PAD
    0x08003f9c   0x08003f9c   0x000000bc   Code   RO         1393    .text.MPU_Init      mpu6050.o
    0x08004058   0x08004058   0x00000070   Code   RO         1409    .text.MPU_Read_Len  mpu6050.o
    0x080040c8   0x080040c8   0x00000044   Code   RO         1395    .text.MPU_Write_Byte  mpu6050.o
    0x0800410c   0x0800410c   0x0000005a   Code   RO         1415    .text.MPU_Write_Len  mpu6050.o
    0x08004166   0x08004166   0x00000002   PAD
    0x08004168   0x08004168   0x0000007c   Code   RO           44    .text.MX_DMA_Init   dma.o
    0x080041e4   0x080041e4   0x00000142   Code   RO           35    .text.MX_GPIO_Init  gpio.o
    0x08004326   0x08004326   0x00000002   PAD
    0x08004328   0x08004328   0x00000042   Code   RO           53    .text.MX_I2C1_Init  i2c.o
    0x0800436a   0x0800436a   0x00000002   PAD
    0x0800436c   0x0800436c   0x00000158   Code   RO           68    .text.MX_TIM1_Init  tim.o
    0x080044c4   0x080044c4   0x00000072   Code   RO           72    .text.MX_TIM2_Init  tim.o
    0x08004536   0x08004536   0x00000002   PAD
    0x08004538   0x08004538   0x00000068   Code   RO           74    .text.MX_TIM3_Init  tim.o
    0x080045a0   0x080045a0   0x00000068   Code   RO           76    .text.MX_TIM4_Init  tim.o
    0x08004608   0x08004608   0x0000003c   Code   RO           98    .text.MX_USART1_UART_Init  usart.o
    0x08004644   0x08004644   0x0000003c   Code   RO          100    .text.MX_USART2_UART_Init  usart.o
    0x08004680   0x08004680   0x00000002   Code   RO          122    .text.MemManage_Handler  stm32f1xx_it.o
    0x08004682   0x08004682   0x00000002   PAD
    0x08004684   0x08004684   0x00000066   Code   RO         1135    .text.Motor_Init    bsp_motor.o
    0x080046ea   0x080046ea   0x00000002   PAD
    0x080046ec   0x080046ec   0x00000002   Code   RO          118    .text.NMI_Handler   stm32f1xx_it.o
    0x080046ee   0x080046ee   0x00000002   PAD
    0x080046f0   0x080046f0   0x00000006   Code   RO         1164    .text.OLED_Clear    bsp_oled.o
    0x080046f6   0x080046f6   0x00000002   PAD
    0x080046f8   0x080046f8   0x000000a8   Code   RO         1168    .text.OLED_Fill     bsp_oled.o
    0x080047a0   0x080047a0   0x000002c8   Code   RO         1162    .text.OLED_Init     bsp_oled.o
    0x08004a68   0x08004a68   0x00000144   Code   RO           15    .text.OLED_Proc     main.o
    0x08004bac   0x08004bac   0x00000476   Code   RO         1174    .text.OLED_ShowStr  bsp_oled.o
    0x08005022   0x08005022   0x00000002   PAD
    0x08005024   0x08005024   0x0000001c   Code   RO         1443    .text.PID_Init      pid.o
    0x08005040   0x08005040   0x00000088   Code   RO         1143    .text.PWM_LOAD      bsp_motor.o
    0x080050c8   0x080050c8   0x00000002   Code   RO          132    .text.PendSV_Handler  stm32f1xx_it.o
    0x080050ca   0x080050ca   0x00000002   PAD
    0x080050cc   0x080050cc   0x0000002e   Code   RO         1139    .text.Read_Speed    bsp_motor.o
    0x080050fa   0x080050fa   0x00000002   PAD
    0x080050fc   0x080050fc   0x00000002   Code   RO          128    .text.SVC_Handler   stm32f1xx_it.o
    0x080050fe   0x080050fe   0x00000002   PAD
    0x08005100   0x08005100   0x00000004   Code   RO          134    .text.SysTick_Handler  stm32f1xx_it.o
    0x08005104   0x08005104   0x00000002   Code   RO         1092    .text.SystemInit    system_stm32f1xx.o
    0x08005106   0x08005106   0x00000002   PAD
    0x08005108   0x08005108   0x0000000c   Code   RO          142    .text.TIM2_IRQHandler  stm32f1xx_it.o
    0x08005114   0x08005114   0x0000000c   Code   RO          144    .text.TIM3_IRQHandler  stm32f1xx_it.o
    0x08005120   0x08005120   0x0000000c   Code   RO          146    .text.TIM4_IRQHandler  stm32f1xx_it.o
    0x0800512c   0x0800512c   0x00000018   Code   RO         1439    .text.Turn          pid.o
    0x08005144   0x08005144   0x0000000c   Code   RO         1052    .text.UART_DMAAbortOnError  stm32f1xx_hal_uart.o
    0x08005150   0x08005150   0x0000017c   Code   RO         1002    .text.UART_DMAError  stm32f1xx_hal_uart.o
    0x080052cc   0x080052cc   0x000000b0   Code   RO          998    .text.UART_DMATransmitCplt  stm32f1xx_hal_uart.o
    0x0800537c   0x0800537c   0x00000006   Code   RO         1000    .text.UART_DMATxHalfCplt  stm32f1xx_hal_uart.o
    0x08005382   0x08005382   0x00000002   PAD
    0x08005384   0x08005384   0x000000fe   Code   RO         1050    .text.UART_Receive_IT  stm32f1xx_hal_uart.o
    0x08005482   0x08005482   0x00000002   PAD
    0x08005484   0x08005484   0x0000000c   Code   RO          148    .text.USART1_IRQHandler  stm32f1xx_it.o
    0x08005490   0x08005490   0x0000000c   Code   RO          150    .text.USART2_IRQHandler  stm32f1xx_it.o
    0x0800549c   0x0800549c   0x00000002   Code   RO          126    .text.UsageFault_Handler  stm32f1xx_it.o
    0x0800549e   0x0800549e   0x00000002   PAD
    0x080054a0   0x080054a0   0x000000c6   Code   RO         1437    .text.Velocity      pid.o
    0x08005566   0x08005566   0x00000002   PAD
    0x08005568   0x08005568   0x0000003a   Code   RO         1435    .text.Vertical      pid.o
    0x080055a2   0x080055a2   0x00000002   PAD
    0x080055a4   0x080055a4   0x0000029e   Code   RO         1357    .text.dmp_enable_feature  inv_mpu_dmp_motion_driver.o
    0x08005842   0x08005842   0x00000002   PAD
    0x08005844   0x08005844   0x00000016   Code   RO         1321    .text.dmp_load_motion_driver_firmware  inv_mpu_dmp_motion_driver.o
    0x0800585a   0x0800585a   0x00000002   PAD
    0x0800585c   0x0800585c   0x000001d4   Code   RO         1369    .text.dmp_read_fifo  inv_mpu_dmp_motion_driver.o
    0x08005a30   0x08005a30   0x000000c0   Code   RO         1327    .text.dmp_set_accel_bias  inv_mpu_dmp_motion_driver.o
    0x08005af0   0x08005af0   0x00000070   Code   RO         1329    .text.dmp_set_fifo_rate  inv_mpu_dmp_motion_driver.o
    0x08005b60   0x08005b60   0x000000e0   Code   RO         1325    .text.dmp_set_gyro_bias  inv_mpu_dmp_motion_driver.o
    0x08005c40   0x08005c40   0x000000e8   Code   RO         1323    .text.dmp_set_orientation  inv_mpu_dmp_motion_driver.o
    0x08005d28   0x08005d28   0x00000126   Code   RO         1333    .text.dmp_set_tap_thresh  inv_mpu_dmp_motion_driver.o
    0x08005e4e   0x08005e4e   0x00000002   PAD
    0x08005e50   0x08005e50   0x00000334   Code   RO         1278    .text.get_st_biases  inv_mpu.o
    0x08006184   0x08006184   0x00000008   Code   RO         1141    .text.gfp_abs       bsp_motor.o
    0x0800618c   0x0800618c   0x000000dc   Code   RO         1298    .text.inv_orientation_matrix_to_scalar  inv_mpu.o
    0x08006268   0x08006268   0x00000178   Code   RO           11    .text.main          main.o
    0x080063e0   0x080063e0   0x00000002   Code   RO         1236    .text.mget_ms       inv_mpu.o
    0x080063e2   0x080063e2   0x00000002   PAD
    0x080063e4   0x080063e4   0x000000b0   Code   RO         1224    .text.mpu_configure_fifo  inv_mpu.o
    0x08006494   0x08006494   0x000001da   Code   RO         1304    .text.mpu_dmp_get_data  inv_mpu.o
    0x0800666e   0x0800666e   0x00000002   PAD
    0x08006670   0x08006670   0x000000ee   Code   RO         1302    .text.mpu_dmp_init  inv_mpu.o
    0x0800675e   0x0800675e   0x00000002   PAD
    0x08006760   0x08006760   0x0000003c   Code   RO         1248    .text.mpu_get_accel_fsr  inv_mpu.o
    0x0800679c   0x0800679c   0x00000044   Code   RO         1260    .text.mpu_get_accel_sens  inv_mpu.o
    0x080067e0   0x080067e0   0x000001c8   Code   RO         1214    .text.mpu_init      inv_mpu.o
    0x080069a8   0x080069a8   0x00000146   Code   RO         1284    .text.mpu_load_firmware  inv_mpu.o
    0x08006aee   0x08006aee   0x00000002   PAD
    0x08006af0   0x08006af0   0x0000021c   Code   RO         1230    .text.mpu_lp_accel_mode  inv_mpu.o
    0x08006d0c   0x08006d0c   0x000000be   Code   RO         1270    .text.mpu_read_fifo_stream  inv_mpu.o
    0x08006dca   0x08006dca   0x00000002   PAD
    0x08006dcc   0x08006dcc   0x00000182   Code   RO         1244    .text.mpu_reset_fifo  inv_mpu.o
    0x08006f4e   0x08006f4e   0x00000002   PAD
    0x08006f50   0x08006f50   0x00000938   Code   RO         1274    .text.mpu_run_self_test  inv_mpu.o
    0x08007888   0x08007888   0x0000009a   Code   RO         1218    .text.mpu_set_accel_fsr  inv_mpu.o
    0x08007922   0x08007922   0x00000002   PAD
    0x08007924   0x08007924   0x000000ee   Code   RO         1226    .text.mpu_set_bypass  inv_mpu.o
    0x08007a12   0x08007a12   0x00000002   PAD
    0x08007a14   0x08007a14   0x000000e0   Code   RO         1276    .text.mpu_set_dmp_state  inv_mpu.o
    0x08007af4   0x08007af4   0x0000009c   Code   RO         1220    .text.mpu_set_lpf   inv_mpu.o
    0x08007b90   0x08007b90   0x00000146   Code   RO         1222    .text.mpu_set_sample_rate  inv_mpu.o
    0x08007cd6   0x08007cd6   0x00000002   PAD
    0x08007cd8   0x08007cd8   0x000000ea   Code   RO         1228    .text.mpu_set_sensors  inv_mpu.o
    0x08007dc2   0x08007dc2   0x00000002   PAD
    0x08007dc4   0x08007dc4   0x00000064   Code   RO         1280    .text.mpu_write_mem  inv_mpu.o
    0x08007e28   0x08007e28   0x00000046   Code   RO         1441    .text.print         pid.o
    0x08007e6e   0x08007e6e   0x00000002   PAD
    0x08007e70   0x08007e70   0x000000aa   Code   RO         1296    .text.run_self_test  inv_mpu.o
    0x08007f1a   0x08007f1a   0x00000002   PAD
    0x08007f1c   0x08007f1c   0x00000020   Code   RO         1742    i.__0printf         mc_w.l(printfa.o)
    0x08007f3c   0x08007f3c   0x00000028   Code   RO         1744    i.__0sprintf        mc_w.l(printfa.o)
    0x08007f64   0x08007f64   0x00000024   Code   RO         1748    i.__0vsprintf       mc_w.l(printfa.o)
    0x08007f88   0x08007f88   0x00000028   Code   RO         1825    i.__ARM_fpclassify  m_ws.l(fpclassify.o)
    0x08007fb0   0x08007fb0   0x000000aa   Code   RO         1827    i.__kernel_poly     m_ws.l(poly.o)
    0x0800805a   0x0800805a   0x00000006   Code   RO         1812    i.__mathlib_dbl_infnan  m_ws.l(dunder.o)
    0x08008060   0x08008060   0x00000004   Code   RO         1813    i.__mathlib_dbl_infnan2  m_ws.l(dunder.o)
    0x08008064   0x08008064   0x0000000c   Code   RO         1814    i.__mathlib_dbl_invalid  m_ws.l(dunder.o)
    0x08008070   0x08008070   0x00000010   Code   RO         1817    i.__mathlib_dbl_underflow  m_ws.l(dunder.o)
    0x08008080   0x08008080   0x0000000e   Code   RO         1900    i.__scatterload_copy  mc_w.l(handlers.o)
    0x0800808e   0x0800808e   0x00000002   Code   RO         1901    i.__scatterload_null  mc_w.l(handlers.o)
    0x08008090   0x08008090   0x0000000e   Code   RO         1902    i.__scatterload_zeroinit  mc_w.l(handlers.o)
    0x0800809e   0x0800809e   0x00000002   PAD
    0x080080a0   0x080080a0   0x0000000c   Code   RO         1874    i.__set_errno       mc_w.l(errno.o)
    0x080080ac   0x080080ac   0x00000184   Code   RO         1749    i._fp_digits        mc_w.l(printfa.o)
    0x08008230   0x08008230   0x000006dc   Code   RO         1750    i._printf_core      mc_w.l(printfa.o)
    0x0800890c   0x0800890c   0x00000024   Code   RO         1751    i._printf_post_padding  mc_w.l(printfa.o)
    0x08008930   0x08008930   0x0000002e   Code   RO         1752    i._printf_pre_padding  mc_w.l(printfa.o)
    0x0800895e   0x0800895e   0x0000000a   Code   RO         1754    i._sputc            mc_w.l(printfa.o)
    0x08008968   0x08008968   0x00000270   Code   RO         1486    i.asin              m_ws.l(asin.o)
    0x08008bd8   0x08008bd8   0x00000220   Code   RO         1807    i.atan              m_ws.l(atan.o)
    0x08008df8   0x08008df8   0x0000019c   Code   RO         1491    i.atan2             m_ws.l(atan2.o)
    0x08008f94   0x08008f94   0x00000012   Code   RO         1848    i.fputc             mc_w.l(fputc.o)
    0x08008fa6   0x08008fa6   0x00000002   PAD
    0x08008fa8   0x08008fa8   0x00000024   Code   RO         1497    i.puts              mc_w.l(puts.o)
    0x08008fcc   0x08008fcc   0x0000004c   Code   RO         1831    i.sqrt              m_ws.l(sqrt.o)
    0x08009018   0x08009018   0x00000050   Data   RO         1487    .constdata          m_ws.l(asin.o)
    0x08009068   0x08009068   0x00000098   Data   RO         1808    .constdata          m_ws.l(atan.o)
    0x08009100   0x08009100   0x00000008   Data   RO         1829    .constdata          m_ws.l(qnan.o)
    0x08009108   0x08009108   0x00000003   Data   RO         1377    .rodata..L__const.dmp_set_orientation.accel_axes  inv_mpu_dmp_motion_driver.o
    0x0800910b   0x0800910b   0x00000003   Data   RO         1376    .rodata..L__const.dmp_set_orientation.gyro_axes  inv_mpu_dmp_motion_driver.o
    0x0800910e   0x0800910e   0x00000010   Data   RO         1097    .rodata.AHBPrescTable  system_stm32f1xx.o
    0x0800911e   0x0800911e   0x00000008   Data   RO         1098    .rodata.APBPrescTable  system_stm32f1xx.o
    0x08009126   0x08009126   0x00000228   Data   RO         1189    .rodata.F6x8        bsp_oled.o
    0x0800934e   0x0800934e   0x000005f0   Data   RO         1190    .rodata.F8X16       bsp_oled.o
    0x0800993e   0x0800993e   0x00000002   Data   RO          409    .rodata.HAL_RCC_GetSysClockFreq.aPredivFactorTable  stm32f1xx_hal_rcc.o
    0x08009940   0x08009940   0x00000010   Data   RO          408    .rodata.cst16       stm32f1xx_hal_rcc.o
    0x08009950   0x08009950   0x00000bf6   Data   RO         1375    .rodata.dmp_memory  inv_mpu_dmp_motion_driver.o
    0x0800a546   0x0800a546   0x0000000c   Data   RO         1307    .rodata.hw          inv_mpu.o
    0x0800a552   0x0800a552   0x0000001b   Data   RO         1306    .rodata.reg         inv_mpu.o
    0x0800a56d   0x0800a56d   0x00000005   Data   RO           23    .rodata.str1.1      main.o
    0x0800a572   0x0800a572   0x0000004c   Data   RO         1309    .rodata.str1.1      inv_mpu.o
    0x0800a5be   0x0800a5be   0x00000002   PAD
    0x0800a5c0   0x0800a5c0   0x00000028   Data   RO         1308    .rodata.test        inv_mpu.o
    0x0800a5e8   0x0800a5e8   0x00000020   Data   RO         1899    Region$$Table       anon$$obj.o


    Execution Region RW_IRAM1 (Exec base: 0x20000000, Load base: 0x0800a608, Size: 0x00000820, Max: 0x00005000, ABSOLUTE)

    Exec Addr    Load Addr    Size         Type   Attr      Idx    E Section Name        Object

    0x20000000   0x0800a608   0x00000004   Data   RW         1852    .data               mc_w.l(stdout.o)
    0x20000004   0x0800a60c   0x00000004   Data   RW         1875    .data               mc_w.l(errno.o)
    0x20000008   0x0800a610   0x00000008   Data   RW          371    .data..L_MergedGlobals  stm32f1xx_hal.o
    0x20000010   0x0800a618   0x00000038   Data   RW         1312    .data..L_MergedGlobals  inv_mpu.o
    0x20000048   0x0800a650   0x00000004   Data   RW         1201    .data.Med_Angle     exti.o
    0x2000004c   0x0800a654   0x00000004   Data   RW         1096    .data.SystemCoreClock  system_stm32f1xx.o
    0x20000050        -       0x00000019   Zero   RW           27    .bss..L_MergedGlobals  main.o
    0x20000069   0x0800a658   0x00000003   PAD
    0x2000006c        -       0x00000008   Zero   RW         1202    .bss..L_MergedGlobals  exti.o
    0x20000074        -       0x00000010   Zero   RW         1384    .bss..L_MergedGlobals  inv_mpu_dmp_motion_driver.o
    0x20000084        -       0x00000020   Zero   RW         1452    .bss..L_MergedGlobals  pid.o
    0x200000a4   0x0800a658   0x00000004   PAD
    0x200000a8        -       0x00000038   Zero   RW         1477    .bss..L_MergedGlobals  sonic.o
    0x200000e0        -       0x00000010   Zero   RW         1451    .bss.VerTical       pid.o
    0x200000f0        -       0x00000002   Zero   RW         1420    .bss.aacx           mpu6050.o
    0x200000f2        -       0x00000002   Zero   RW         1421    .bss.aacy           mpu6050.o
    0x200000f4        -       0x00000002   Zero   RW         1422    .bss.aacz           mpu6050.o
    0x200000f6   0x0800a658   0x00000002   PAD
    0x200000f8        -       0x00000002   Zero   RW         1378    .bss.dmp.2          inv_mpu_dmp_motion_driver.o
    0x200000fa   0x0800a658   0x00000002   PAD
    0x200000fc        -       0x00000002   Zero   RW         1379    .bss.dmp.4          inv_mpu_dmp_motion_driver.o
    0x200000fe        -       0x00000001   Zero   RW           25    .bss.fx             main.o
    0x200000ff   0x0800a658   0x00000001   PAD
    0x20000100        -       0x00000002   Zero   RW         1423    .bss.gyrox          mpu6050.o
    0x20000102        -       0x00000002   Zero   RW         1424    .bss.gyroy          mpu6050.o
    0x20000104        -       0x00000002   Zero   RW         1425    .bss.gyroz          mpu6050.o
    0x20000106   0x0800a658   0x00000002   PAD
    0x20000108        -       0x00000044   Zero   RW           46    .bss.hdma_memtomem_dma1_channel1  dma.o
    0x2000014c        -       0x00000044   Zero   RW          108    .bss.hdma_usart2_rx  usart.o
    0x20000190        -       0x00000044   Zero   RW          109    .bss.hdma_usart2_tx  usart.o
    0x200001d4        -       0x00000054   Zero   RW           59    .bss.hi2c1          i2c.o
    0x20000228        -       0x00000048   Zero   RW           86    .bss.htim1          tim.o
    0x20000270        -       0x00000048   Zero   RW           87    .bss.htim2          tim.o
    0x200002b8        -       0x00000048   Zero   RW           88    .bss.htim3          tim.o
    0x20000300        -       0x00000048   Zero   RW           89    .bss.htim4          tim.o
    0x20000348        -       0x00000048   Zero   RW          106    .bss.huart1         usart.o
    0x20000390        -       0x00000048   Zero   RW          107    .bss.huart2         usart.o
    0x200003d8        -       0x0000001c   Zero   RW         1148    .bss.motor1         bsp_motor.o
    0x200003f4        -       0x0000001c   Zero   RW         1149    .bss.motor2         bsp_motor.o
    0x20000410        -       0x00000004   Zero   RW         1417    .bss.pitch          mpu6050.o
    0x20000414        -       0x00000004   Zero   RW         1418    .bss.roll           mpu6050.o
    0x20000418        -       0x00000004   Zero   RW          370    .bss.uwTick         stm32f1xx_hal.o
    0x2000041c        -       0x00000004   Zero   RW         1419    .bss.yaw            mpu6050.o
    0x20000420        -       0x00000400   Zero   RW            1    STACK               startup_stm32f103xb.o


==============================================================================

Image component sizes


      Code (inc. data)   RO Data    RW Data    ZI Data      Debug   Object Name

      1130          0          0          0          0       3935   bsp_iic.o
       294          0          0          0         56       5590   bsp_motor.o
      2028          0       2072          0          0      15984   bsp_oled.o
       124          0          0          0         68       3379   dma.o
       406          0          0          4          8       1475   exti.o
       322          0          0          0          0       2738   gpio.o
       188          0          0          0         84       4709   i2c.o
      7918        142        155         56          0      32833   inv_mpu.o
      2214          8       3068          0         20      10867   inv_mpu_dmp_motion_driver.o
       710        176          5          0         26       4912   main.o
       590          0          0          0         24       5293   mpu6050.o
       498          0          0          0         48       7620   pid.o
       286          0          0          0         56       6160   sonic.o
        36          8        236          0       1024        784   startup_stm32f103xb.o
       188          0          0          8          4       5743   stm32f1xx_hal.o
       246          0          0          0          0       8501   stm32f1xx_hal_cortex.o
       956          0          0          0          0       8440   stm32f1xx_hal_dma.o
       580         22          0          0          0       4571   stm32f1xx_hal_gpio.o
      1988          0          0          0          0      42553   stm32f1xx_hal_i2c.o
        66          0          0          0          0       1187   stm32f1xx_hal_msp.o
      1470          0         18          0          0       7673   stm32f1xx_hal_rcc.o
      2688         10          0          0          0      55160   stm32f1xx_hal_tim.o
       202          0          0          0          0      20727   stm32f1xx_hal_tim_ex.o
      2628          0          0          0          0      32332   stm32f1xx_hal_uart.o
       110          0          0          0          0       6248   stm32f1xx_it.o
         2          0         24          4          0       1613   system_stm32f1xx.o
      1074          0          0          0        288       9073   tim.o
       484          0          0          0        280       5892   usart.o

    ----------------------------------------------------------------------
     29592        366       5612         72       2000     315992   Object Totals
         0          0         32          0          0          0   (incl. Generated)
       166          0          2          0         14          0   (incl. Padding)

    ----------------------------------------------------------------------

      Code (inc. data)   RO Data    RW Data    ZI Data      Debug   Library Member Name

       624         52         80          0          0        168   asin.o
       544         70        152          0          0        124   atan.o
       412         38          0          0          0        144   atan2.o
        38          6          0          0          0        272   dunder.o
        40          0          0          0          0         68   fpclassify.o
       170          0          0          0          0         96   poly.o
         0          0          8          0          0          0   qnan.o
        76          0          0          0          0         84   sqrt.o
         0          0          0          0          0          0   entry.o
         0          0          0          0          0          0   entry10a.o
         0          0          0          0          0          0   entry11a.o
         8          4          0          0          0          0   entry2.o
         4          0          0          0          0          0   entry5.o
         0          0          0          0          0          0   entry7b.o
         0          0          0          0          0          0   entry8b.o
         8          4          0          0          0          0   entry9a.o
        12          6          0          4          0         68   errno.o
        18          0          0          0          0         80   fputc.o
        30          0          0          0          0          0   handlers.o
        36          8          0          0          0         68   init.o
         0          0          0          0          0          0   iusefp.o
         0          0          0          0          0          0   iusesemip.o
        98          0          0          0          0         84   ldiv.o
        30          0          0          0          0         68   llshl.o
        36          0          0          0          0         68   llsshr.o
        32          0          0          0          0         68   llushr.o
        26          0          0          0          0         80   memcmp.o
        36          0          0          0          0        108   memseta.o
      2344        102          0          0          0        684   printfa.o
        36          6          0          0          0         80   puts.o
         0          0          0          0          0          0   semi.o
         0          0          0          4          0          0   stdout.o
        14          0          0          0          0         68   strlen.o
        44          0          0          0          0         80   uidiv.o
        98          0          0          0          0         92   uldiv.o
        48          0          0          0          0         68   cdcmple.o
        48          0          0          0          0         68   cdrcmple.o
        56          0          0          0          0         88   d2f.o
       334          0          0          0          0        148   dadd.o
       222          0          0          0          0        100   ddiv.o
       186          0          0          0          0        176   depilogue.o
        62          0          0          0          0         80   dfixi.o
        48          0          0          0          0         68   dfixul.o
        34          0          0          0          0         76   dflti.o
        26          0          0          0          0         76   dfltui.o
       228          0          0          0          0         96   dmul.o
        46          0          0          0          0         80   dscalb.o
       162          0          0          0          0        100   dsqrt.o
        38          0          0          0          0         68   f2d.o
       176          0          0          0          0        140   fadd.o
        28          0          0          0          0         68   fcmpeq.o
        28          0          0          0          0         68   fcmpgt.o
        28          0          0          0          0         68   fcmple.o
        28          0          0          0          0         68   fcmplt.o
       124          0          0          0          0         88   fdiv.o
       110          0          0          0          0        168   fepilogue.o
        50          0          0          0          0         68   ffixi.o
        18          0          0          0          0         68   fflti.o
        10          0          0          0          0         68   ffltui.o
       100          0          0          0          0         76   fmul.o

    ----------------------------------------------------------------------
      7060        296        240          8          0       4892   Library Totals
         8          0          0          0          0          0   (incl. Padding)

    ----------------------------------------------------------------------

      Code (inc. data)   RO Data    RW Data    ZI Data      Debug   Library Name

      1904        166        240          0          0        956   m_ws.l
      2910        130          0          8          0       1696   mc_w.l
      2238          0          0          0          0       2240   mf_w.l

    ----------------------------------------------------------------------
      7060        296        240          8          0       4892   Library Totals

    ----------------------------------------------------------------------

==============================================================================


      Code (inc. data)   RO Data    RW Data    ZI Data      Debug   

     36652        662       5852         80       2000     317760   Grand Totals
     36652        662       5852         80       2000     317760   ELF Image Totals
     36652        662       5852         80          0          0   ROM Totals

==============================================================================

    Total RO  Size (Code + RO Data)                42504 (  41.51kB)
    Total RW  Size (RW Data + ZI Data)              2080 (   2.03kB)
    Total ROM Size (Code + RO Data + RW Data)      42584 (  41.59kB)

==============================================================================

