Component: Arm Compiler for Embedded 6.19 Tool: armlink [5e73cb00]

==============================================================================

Section Cross References

    startup_stm32f103xb.o(RESET) refers to startup_stm32f103xb.o(STACK) for __initial_sp
    startup_stm32f103xb.o(RESET) refers to startup_stm32f103xb.o(.text) for Reset_Handler
    startup_stm32f103xb.o(RESET) refers to stm32f1xx_it.o(.text.NMI_Handler) for NMI_Handler
    startup_stm32f103xb.o(RESET) refers to stm32f1xx_it.o(.text.HardFault_Handler) for HardFault_Handler
    startup_stm32f103xb.o(RESET) refers to stm32f1xx_it.o(.text.MemManage_Handler) for MemManage_Handler
    startup_stm32f103xb.o(RESET) refers to stm32f1xx_it.o(.text.BusFault_Handler) for BusFault_Handler
    startup_stm32f103xb.o(RESET) refers to stm32f1xx_it.o(.text.UsageFault_Handler) for UsageFault_Handler
    startup_stm32f103xb.o(RESET) refers to stm32f1xx_it.o(.text.SVC_Handler) for SVC_Handler
    startup_stm32f103xb.o(RESET) refers to stm32f1xx_it.o(.text.DebugMon_Handler) for DebugMon_Handler
    startup_stm32f103xb.o(RESET) refers to stm32f1xx_it.o(.text.PendSV_Handler) for PendSV_Handler
    startup_stm32f103xb.o(RESET) refers to stm32f1xx_it.o(.text.SysTick_Handler) for SysTick_Handler
    startup_stm32f103xb.o(RESET) refers to stm32f1xx_it.o(.text.DMA1_Channel4_IRQHandler) for DMA1_Channel4_IRQHandler
    startup_stm32f103xb.o(RESET) refers to stm32f1xx_it.o(.text.DMA1_Channel5_IRQHandler) for DMA1_Channel5_IRQHandler
    startup_stm32f103xb.o(RESET) refers to stm32f1xx_it.o(.text.TIM2_IRQHandler) for TIM2_IRQHandler
    startup_stm32f103xb.o(RESET) refers to stm32f1xx_it.o(.text.TIM4_IRQHandler) for TIM4_IRQHandler
    startup_stm32f103xb.o(RESET) refers to stm32f1xx_it.o(.text.USART1_IRQHandler) for USART1_IRQHandler
    startup_stm32f103xb.o(RESET) refers to stm32f1xx_it.o(.text.USART2_IRQHandler) for USART2_IRQHandler
    startup_stm32f103xb.o(.text) refers to system_stm32f1xx.o(.text.SystemInit) for SystemInit
    startup_stm32f103xb.o(.text) refers to entry.o(.ARM.Collect$$$$00000000) for __main
    main.o(.text.main) refers to stm32f1xx_hal.o(.text.HAL_Init) for HAL_Init
    main.o(.text.main) refers to stm32f1xx_hal_rcc.o(.text.HAL_RCC_OscConfig) for HAL_RCC_OscConfig
    main.o(.text.main) refers to stm32f1xx_hal_rcc.o(.text.HAL_RCC_ClockConfig) for HAL_RCC_ClockConfig
    main.o(.text.main) refers to stm32f1xx_hal_rcc_ex.o(.text.HAL_RCCEx_PeriphCLKConfig) for HAL_RCCEx_PeriphCLKConfig
    main.o(.text.main) refers to gpio.o(.text.MX_GPIO_Init) for MX_GPIO_Init
    main.o(.text.main) refers to dma.o(.text.MX_DMA_Init) for MX_DMA_Init
    main.o(.text.main) refers to adc.o(.text.MX_ADC1_Init) for MX_ADC1_Init
    main.o(.text.main) refers to i2c.o(.text.MX_I2C1_Init) for MX_I2C1_Init
    main.o(.text.main) refers to tim.o(.text.MX_TIM1_Init) for MX_TIM1_Init
    main.o(.text.main) refers to tim.o(.text.MX_TIM2_Init) for MX_TIM2_Init
    main.o(.text.main) refers to tim.o(.text.MX_TIM3_Init) for MX_TIM3_Init
    main.o(.text.main) refers to tim.o(.text.MX_TIM4_Init) for MX_TIM4_Init
    main.o(.text.main) refers to usart.o(.text.MX_USART1_UART_Init) for MX_USART1_UART_Init
    main.o(.text.main) refers to usart.o(.text.MX_USART2_UART_Init) for MX_USART2_UART_Init
    main.o(.text.main) refers to bsp_oled.o(.text.OLED_Init) for OLED_Init
    main.o(.text.main) refers to bsp_oled.o(.text.OLED_DisplayTurn) for OLED_DisplayTurn
    main.o(.text.main) refers to motor.o(.text.Motor_Init) for Motor_Init
    main.o(.text.main) refers to encoder.o(.text.Encoder_Init) for Encoder_Init
    main.o(.text.main) refers to pid.o(.text.PID_Init) for PID_Init
    main.o(.text.main) refers to track.o(.text.Track_Init) for Track_Init
    main.o(.text.main) refers to control.o(.text.Param_Init) for Param_Init
    main.o(.text.main) refers to pid.o(.text.Straight_Trail_Dis_Init) for Straight_Trail_Dis_Init
    main.o(.text.main) refers to usart.o(.bss.huart2) for huart2
    main.o(.text.main) refers to car.o(.bss..L_MergedGlobals) for rec
    main.o(.text.main) refers to stm32f1xx_hal_uart.o(.text.HAL_UART_Receive_IT) for HAL_UART_Receive_IT
    main.o(.text.main) refers to main.o(.bss.TraceDate) for TraceDate
    main.o(.text.main) refers to control.o(.text.OLED_Proc) for OLED_Proc
    main.o(.text.main) refers to control.o(.text.Vofa_Proc) for Vofa_Proc
    main.o(.text.main) refers to car.o(.text.Key_Proc) for Key_Proc
    main.o(.text.main) refers to track.o(.text.GetTraceDate) for GetTraceDate
    main.o(.text.main) refers to control.o(.text.Car_State_Machine) for Car_State_Machine
    main.o(.ARM.exidx.text.main) refers to main.o(.text.main) for [Anonymous Symbol]
    main.o(.text.SystemClock_Config) refers to stm32f1xx_hal_rcc.o(.text.HAL_RCC_OscConfig) for HAL_RCC_OscConfig
    main.o(.text.SystemClock_Config) refers to stm32f1xx_hal_rcc.o(.text.HAL_RCC_ClockConfig) for HAL_RCC_ClockConfig
[...]
    [Anonymous Symbol]                       0x08000a44   Section        0  stm32f1xx_hal_adc.o(.text.ADC_Enable)
    [Anonymous Symbol]                       0x08000afc   Section        0  stm32f1xx_it.o(.text.BusFault_Handler)
    [Anonymous Symbol]                       0x08000b00   Section        0  control.o(.text.Car_State_Machine)
    [Anonymous Symbol]                       0x08001168   Section        0  car.o(.text.Car_Turn)
    [Anonymous Symbol]                       0x0800135c   Section        0  stm32f1xx_it.o(.text.DMA1_Channel4_IRQHandler)
    [Anonymous Symbol]                       0x08001368   Section        0  stm32f1xx_it.o(.text.DMA1_Channel5_IRQHandler)
    [Anonymous Symbol]                       0x08001374   Section        0  stm32f1xx_it.o(.text.DebugMon_Handler)
    [Anonymous Symbol]                       0x08001378   Section        0  encoder.o(.text.Encoder_Init)
    [Anonymous Symbol]                       0x080013b0   Section        0  main.o(.text.Error_Handler)
    [Anonymous Symbol]                       0x080013bc   Section        0  encoder.o(.text.GetMotorPulse)
    [Anonymous Symbol]                       0x080013ec   Section        0  track.o(.text.GetTraceDate)
    [Anonymous Symbol]                       0x0800152c   Section        0  myadc.o(.text.Get_Adc)
    [Anonymous Symbol]                       0x08001574   Section        0  stm32f1xx_hal_adc.o(.text.HAL_ADC_ConfigChannel)
    [Anonymous Symbol]                       0x08001700   Section        0  stm32f1xx_hal_adc.o(.text.HAL_ADC_GetValue)
    [Anonymous Symbol]                       0x08001708   Section        0  stm32f1xx_hal_adc.o(.text.HAL_ADC_Init)
    [Anonymous Symbol]                       0x08001864   Section        0  adc.o(.text.HAL_ADC_MspInit)
    [Anonymous Symbol]                       0x080018ec   Section        0  stm32f1xx_hal_adc.o(.text.HAL_ADC_PollForConversion)
    [Anonymous Symbol]                       0x08001b54   Section        0  stm32f1xx_hal_adc.o(.text.HAL_ADC_Start)
    [Anonymous Symbol]                       0x08001c20   Section        0  stm32f1xx_hal_dma.o(.text.HAL_DMA_Abort)
    [Anonymous Symbol]                       0x08001c68   Section        0  stm32f1xx_hal_dma.o(.text.HAL_DMA_Abort_IT)
    [Anonymous Symbol]                       0x08001d1c   Section        0  stm32f1xx_hal_dma.o(.text.HAL_DMA_IRQHandler)
    [Anonymous Symbol]                       0x08001ebc   Section        0  stm32f1xx_hal_dma.o(.text.HAL_DMA_Init)
    [Anonymous Symbol]                       0x08001f44   Section        0  stm32f1xx_hal_dma.o(.text.HAL_DMA_Start_IT)
    [Anonymous Symbol]                       0x08001fe0   Section        0  stm32f1xx_hal.o(.text.HAL_Delay)
    [Anonymous Symbol]                       0x08002008   Section        0  stm32f1xx_hal_gpio.o(.text.HAL_GPIO_Init)
    [Anonymous Symbol]                       0x08002224   Section        0  stm32f1xx_hal_gpio.o(.text.HAL_GPIO_ReadPin)
    [Anonymous Symbol]                       0x08002230   Section        0  stm32f1xx_hal_gpio.o(.text.HAL_GPIO_WritePin)
    [Anonymous Symbol]                       0x0800223c   Section        0  stm32f1xx_hal.o(.text.HAL_GetTick)
    [Anonymous Symbol]                       0x08002248   Section        0  stm32f1xx_hal_i2c.o(.text.HAL_I2C_Init)
    [Anonymous Symbol]                       0x080023c0   Section        0  stm32f1xx_hal_i2c.o(.text.HAL_I2C_Mem_Write)
    [Anonymous Symbol]                       0x08002518   Section        0  i2c.o(.text.HAL_I2C_MspInit)
    [Anonymous Symbol]                       0x08002594   Section        0  stm32f1xx_hal.o(.text.HAL_IncTick)
    [Anonymous Symbol]                       0x080025b0   Section        0  stm32f1xx_hal.o(.text.HAL_Init)
    [Anonymous Symbol]                       0x080025d8   Section        0  stm32f1xx_hal.o(.text.HAL_InitTick)
    [Anonymous Symbol]                       0x08002620   Section        0  stm32f1xx_hal_msp.o(.text.HAL_MspInit)
    [Anonymous Symbol]                       0x08002664   Section        0  stm32f1xx_hal_cortex.o(.text.HAL_NVIC_EnableIRQ)
    [Anonymous Symbol]                       0x0800268c   Section        0  stm32f1xx_hal_cortex.o(.text.HAL_NVIC_SetPriority)
    [Anonymous Symbol]                       0x080026e4   Section        0  stm32f1xx_hal_cortex.o(.text.HAL_NVIC_SetPriorityGrouping)
    [Anonymous Symbol]                       0x08002704   Section        0  stm32f1xx_hal_rcc_ex.o(.text.HAL_RCCEx_GetPeriphCLKFreq)
    HAL_RCCEx_GetPeriphCLKFreq.aPLLMULFactorTable 0x080027e0   Number         0  stm32f1xx_hal_rcc_ex.o(.text.HAL_RCCEx_GetPeriphCLKFreq)
    HAL_RCCEx_GetPeriphCLKFreq.aPredivFactorTable 0x080027f0   Number         0  stm32f1xx_hal_rcc_ex.o(.text.HAL_RCCEx_GetPeriphCLKFreq)
    [Anonymous Symbol]                       0x080027f4   Section        0  stm32f1xx_hal_rcc_ex.o(.text.HAL_RCCEx_PeriphCLKConfig)
    [Anonymous Symbol]                       0x08002900   Section        0  stm32f1xx_hal_rcc.o(.text.HAL_RCC_ClockConfig)
    [Anonymous Symbol]                       0x08002ac0   Section        0  stm32f1xx_hal_rcc.o(.text.HAL_RCC_GetPCLK1Freq)
    [Anonymous Symbol]                       0x08002ae8   Section        0  stm32f1xx_hal_rcc.o(.text.HAL_RCC_GetPCLK2Freq)
    [Anonymous Symbol]                       0x08002b10   Section        0  stm32f1xx_hal_rcc.o(.text.HAL_RCC_OscConfig)
    [Anonymous Symbol]                       0x08002ec4   Section        0  stm32f1xx_hal_cortex.o(.text.HAL_SYSTICK_Config)
    [Anonymous Symbol]                       0x08002ef0   Section        0  stm32f1xx_hal_tim_ex.o(.text.HAL_TIMEx_BreakCallback)
    [Anonymous Symbol]                       0x08002ef4   Section        0  stm32f1xx_hal_tim_ex.o(.text.HAL_TIMEx_CommutCallback)
    [Anonymous Symbol]                       0x08002ef8   Section        0  stm32f1xx_hal_tim_ex.o(.text.HAL_TIMEx_MasterConfigSynchronization)
    [Anonymous Symbol]                       0x08002f74   Section        0  stm32f1xx_hal_tim.o(.text.HAL_TIM_Base_Init)
    [Anonymous Symbol]                       0x08003060   Section        0  tim.o(.text.HAL_TIM_Base_MspInit)
    [Anonymous Symbol]                       0x080030d0   Section        0  stm32f1xx_hal_tim.o(.text.HAL_TIM_Base_Start_IT)
    [Anonymous Symbol]                       0x08003140   Section        0  stm32f1xx_hal_tim.o(.text.HAL_TIM_ConfigClockSource)
    [Anonymous Symbol]                       0x080032dc   Section        0  stm32f1xx_hal_tim.o(.text.HAL_TIM_Encoder_Init)
    [Anonymous Symbol]                       0x08003428   Section        0  tim.o(.text.HAL_TIM_Encoder_MspInit)
    [Anonymous Symbol]                       0x080034cc   Section        0  stm32f1xx_hal_tim.o(.text.HAL_TIM_Encoder_Start)
    [Anonymous Symbol]                       0x08003588   Section        0  stm32f1xx_hal_tim.o(.text.HAL_TIM_IC_CaptureCallback)
    [Anonymous Symbol]                       0x0800358c   Section        0  stm32f1xx_hal_tim.o(.text.HAL_TIM_IRQHandler)
    [Anonymous Symbol]                       0x080036fc   Section        0  stm32f1xx_hal_tim.o(.text.HAL_TIM_OC_DelayElapsedCallback)
    [Anonymous Symbol]                       0x08003700   Section        0  stm32f1xx_hal_tim.o(.text.HAL_TIM_PWM_ConfigChannel)
    [Anonymous Symbol]                       0x0800390c   Section        0  stm32f1xx_hal_tim.o(.text.HAL_TIM_PWM_Init)
    [Anonymous Symbol]                       0x080039f8   Section        0  stm32f1xx_hal_tim.o(.text.HAL_TIM_PWM_MspInit)
    [Anonymous Symbol]                       0x080039fc   Section        0  stm32f1xx_hal_tim.o(.text.HAL_TIM_PWM_PulseFinishedCallback)
    [Anonymous Symbol]                       0x08003a00   Section        0  stm32f1xx_hal_tim.o(.text.HAL_TIM_PWM_Start)
    [Anonymous Symbol]                       0x08003ae0   Section        0  control.o(.text.HAL_TIM_PeriodElapsedCallback)
    [Anonymous Symbol]                       0x08003cd4   Section        0  stm32f1xx_hal_tim.o(.text.HAL_TIM_TriggerCallback)
    [Anonymous Symbol]                       0x08003cd8   Section        0  stm32f1xx_hal_uart.o(.text.HAL_UARTEx_RxEventCallback)
    [Anonymous Symbol]                       0x08003cdc   Section        0  stm32f1xx_hal_uart.o(.text.HAL_UART_ErrorCallback)
    [Anonymous Symbol]                       0x08003ce0   Section        0  stm32f1xx_hal_uart.o(.text.HAL_UART_IRQHandler)
    [Anonymous Symbol]                       0x08004240   Section        0  stm32f1xx_hal_uart.o(.text.HAL_UART_Init)
    [Anonymous Symbol]                       0x08004324   Section        0  usart.o(.text.HAL_UART_MspInit)
    [Anonymous Symbol]                       0x080044a8   Section        0  stm32f1xx_hal_uart.o(.text.HAL_UART_Receive_IT)
    [Anonymous Symbol]                       0x080044fc   Section        0  car.o(.text.HAL_UART_RxCpltCallback)
    [Anonymous Symbol]                       0x08004628   Section        0  stm32f1xx_hal_uart.o(.text.HAL_UART_Transmit_DMA)
    [Anonymous Symbol]                       0x080046e4   Section        0  stm32f1xx_hal_uart.o(.text.HAL_UART_TxCpltCallback)
    [Anonymous Symbol]                       0x080046e8   Section        0  stm32f1xx_hal_uart.o(.text.HAL_UART_TxHalfCpltCallback)
    [Anonymous Symbol]                       0x080046ec   Section        0  stm32f1xx_it.o(.text.HardFault_Handler)
    I2C_RequestMemoryWrite                   0x080046f1   Thumb Code   200  stm32f1xx_hal_i2c.o(.text.I2C_RequestMemoryWrite)
    [Anonymous Symbol]                       0x080046f0   Section        0  stm32f1xx_hal_i2c.o(.text.I2C_RequestMemoryWrite)
    I2C_WaitOnBTFFlagUntilTimeout            0x080047b9   Thumb Code   190  stm32f1xx_hal_i2c.o(.text.I2C_WaitOnBTFFlagUntilTimeout)
    [Anonymous Symbol]                       0x080047b8   Section        0  stm32f1xx_hal_i2c.o(.text.I2C_WaitOnBTFFlagUntilTimeout)
    I2C_WaitOnFlagUntilTimeout               0x08004879   Thumb Code   466  stm32f1xx_hal_i2c.o(.text.I2C_WaitOnFlagUntilTimeout)
    [Anonymous Symbol]                       0x08004878   Section        0  stm32f1xx_hal_i2c.o(.text.I2C_WaitOnFlagUntilTimeout)
    I2C_WaitOnMasterAddressFlagUntilTimeout  0x08004a4d   Thumb Code   224  stm32f1xx_hal_i2c.o(.text.I2C_WaitOnMasterAddressFlagUntilTimeout)
    [Anonymous Symbol]                       0x08004a4c   Section        0  stm32f1xx_hal_i2c.o(.text.I2C_WaitOnMasterAddressFlagUntilTimeout)
    I2C_WaitOnTXEFlagUntilTimeout            0x08004b2d   Thumb Code   190  stm32f1xx_hal_i2c.o(.text.I2C_WaitOnTXEFlagUntilTimeout)
    [Anonymous Symbol]                       0x08004b2c   Section        0  stm32f1xx_hal_i2c.o(.text.I2C_WaitOnTXEFlagUntilTimeout)
    [Anonymous Symbol]                       0x08004bec   Section        0  car.o(.text.Key_Proc)
    [Anonymous Symbol]                       0x08004c74   Section        0  pid.o(.text.Location_PID_Realize)
    [Anonymous Symbol]                       0x08004d0c   Section        0  adc.o(.text.MX_ADC1_Init)
    [Anonymous Symbol]                       0x08004d64   Section        0  dma.o(.text.MX_DMA_Init)
    [Anonymous Symbol]                       0x08004da8   Section        0  gpio.o(.text.MX_GPIO_Init)
    [Anonymous Symbol]                       0x08004ec8   Section        0  i2c.o(.text.MX_I2C1_Init)
    [Anonymous Symbol]                       0x08004f0c   Section        0  tim.o(.text.MX_TIM1_Init)
    [Anonymous Symbol]                       0x08004f7c   Section        0  tim.o(.text.MX_TIM2_Init)
    [Anonymous Symbol]                       0x080050b0   Section        0  tim.o(.text.MX_TIM3_Init)
    [Anonymous Symbol]                       0x0800511c   Section        0  tim.o(.text.MX_TIM4_Init)
    [Anonymous Symbol]                       0x08005194   Section        0  usart.o(.text.MX_USART1_UART_Init)
    [Anonymous Symbol]                       0x080051d0   Section        0  usart.o(.text.MX_USART2_UART_Init)
    [Anonymous Symbol]                       0x0800520c   Section        0  stm32f1xx_it.o(.text.MemManage_Handler)
    [Anonymous Symbol]                       0x08005210   Section        0  motor.o(.text.Motor_Init)
    [Anonymous Symbol]                       0x0800523c   Section        0  motor.o(.text.Motor_Stop)
    [Anonymous Symbol]                       0x0800528c   Section        0  stm32f1xx_it.o(.text.NMI_Handler)
    [Anonymous Symbol]                       0x08005290   Section        0  encoder.o(.text.Nlaps_Encoder_Cnt)
    [Anonymous Symbol]                       0x080052a4   Section        0  bsp_oled.o(.text.OLED_DisplayTurn)
    [Anonymous Symbol]                       0x08005340   Section        0  bsp_oled.o(.text.OLED_Fill)
    [Anonymous Symbol]                       0x080053e8   Section        0  bsp_oled.o(.text.OLED_Init)
    [Anonymous Symbol]                       0x080056b0   Section        0  control.o(.text.OLED_Proc)
    [Anonymous Symbol]                       0x08005bb4   Section        0  bsp_oled.o(.text.OLED_ShowStr)
    [Anonymous Symbol]                       0x0800602c   Section        0  pid.o(.text.PID_Init)
    [Anonymous Symbol]                       0x08006064   Section        0  control.o(.text.Param_Init)
    [Anonymous Symbol]                       0x0800608c   Section        0  stm32f1xx_it.o(.text.PendSV_Handler)
    [Anonymous Symbol]                       0x08006090   Section        0  pid.o(.text.Position_PID_Realize1)
    [Anonymous Symbol]                       0x08006130   Section        0  stm32f1xx_it.o(.text.SVC_Handler)
    [Anonymous Symbol]                       0x08006134   Section        0  motor.o(.text.Set_PWM)
    [Anonymous Symbol]                       0x080061c4   Section        0  pid.o(.text.Straight_Trail_Dis_Init)
    [Anonymous Symbol]                       0x080061f4   Section        0  stm32f1xx_it.o(.text.SysTick_Handler)
    [Anonymous Symbol]                       0x080061f8   Section        0  system_stm32f1xx.o(.text.SystemInit)
    [Anonymous Symbol]                       0x080061fc   Section        0  stm32f1xx_it.o(.text.TIM2_IRQHandler)
    [Anonymous Symbol]                       0x08006208   Section        0  stm32f1xx_it.o(.text.TIM4_IRQHandler)
    [Anonymous Symbol]                       0x08006214   Section        0  control.o(.text.TraceMoveWithDis)
    [Anonymous Symbol]                       0x08006364   Section        0  track.o(.text.Track_Init)
    [Anonymous Symbol]                       0x0800639c   Section        0  pid.o(.text.Turn_PID_Realize)
    UART_DMAAbortOnError                     0x080063e1   Thumb Code    12  stm32f1xx_hal_uart.o(.text.UART_DMAAbortOnError)
    [Anonymous Symbol]                       0x080063e0   Section        0  stm32f1xx_hal_uart.o(.text.UART_DMAAbortOnError)
    UART_DMAError                            0x080063ed   Thumb Code   380  stm32f1xx_hal_uart.o(.text.UART_DMAError)
    [Anonymous Symbol]                       0x080063ec   Section        0  stm32f1xx_hal_uart.o(.text.UART_DMAError)
    UART_DMATransmitCplt                     0x08006569   Thumb Code   176  stm32f1xx_hal_uart.o(.text.UART_DMATransmitCplt)
    [Anonymous Symbol]                       0x08006568   Section        0  stm32f1xx_hal_uart.o(.text.UART_DMATransmitCplt)
    UART_DMATxHalfCplt                       0x08006619   Thumb Code     6  stm32f1xx_hal_uart.o(.text.UART_DMATxHalfCplt)
    [Anonymous Symbol]                       0x08006618   Section        0  stm32f1xx_hal_uart.o(.text.UART_DMATxHalfCplt)
    UART_Receive_IT                          0x08006621   Thumb Code   254  stm32f1xx_hal_uart.o(.text.UART_Receive_IT)
    [Anonymous Symbol]                       0x08006620   Section        0  stm32f1xx_hal_uart.o(.text.UART_Receive_IT)
    [Anonymous Symbol]                       0x08006720   Section        0  stm32f1xx_it.o(.text.USART1_IRQHandler)
    [Anonymous Symbol]                       0x0800672c   Section        0  stm32f1xx_it.o(.text.USART2_IRQHandler)
    [Anonymous Symbol]                       0x08006738   Section        0  stm32f1xx_it.o(.text.UsageFault_Handler)
    [Anonymous Symbol]                       0x0800673c   Section        0  pid.o(.text.Velocity_PID_Realize)
    [Anonymous Symbol]                       0x080067d4   Section        0  pid.o(.text.Velocity_PID_Realize1)
    [Anonymous Symbol]                       0x0800686c   Section        0  control.o(.text.Vofa_Proc)
    [Anonymous Symbol]                       0x080068cc   Section        0  motor.o(.text.gfp_abs)
    [Anonymous Symbol]                       0x080068d4   Section        0  main.o(.text.main)
    [Anonymous Symbol]                       0x080069d8   Section        0  control.o(.text.print)
    i.__0sprintf                             0x08006a20   Section        0  printfa.o(i.__0sprintf)
    i.__0vsprintf                            0x08006a48   Section        0  printfa.o(i.__0vsprintf)
    i.__scatterload_copy                     0x08006a6c   Section       14  handlers.o(i.__scatterload_copy)
    i.__scatterload_null                     0x08006a7a   Section        2  handlers.o(i.__scatterload_null)
    i.__scatterload_zeroinit                 0x08006a7c   Section       14  handlers.o(i.__scatterload_zeroinit)
    _fp_digits                               0x08006a8d   Thumb Code   366  printfa.o(i._fp_digits)
    i._fp_digits                             0x08006a8c   Section        0  printfa.o(i._fp_digits)
    _printf_core                             0x08006c11   Thumb Code  1744  printfa.o(i._printf_core)
    i._printf_core                           0x08006c10   Section        0  printfa.o(i._printf_core)
    _printf_post_padding                     0x080072ed   Thumb Code    36  printfa.o(i._printf_post_padding)
    i._printf_post_padding                   0x080072ec   Section        0  printfa.o(i._printf_post_padding)
    _printf_pre_padding                      0x08007311   Thumb Code    46  printfa.o(i._printf_pre_padding)
    i._printf_pre_padding                    0x08007310   Section        0  printfa.o(i._printf_pre_padding)
    _sputc                                   0x0800733f   Thumb Code    10  printfa.o(i._sputc)
    i._sputc                                 0x0800733e   Section        0  printfa.o(i._sputc)
    HAL_RCC_GetSysClockFreq.aPredivFactorTable 0x08007b78   Data           2  stm32f1xx_hal_rcc.o(.rodata.HAL_RCC_GetSysClockFreq.aPredivFactorTable)
    [Anonymous Symbol]                       0x08007b78   Section        0  stm32f1xx_hal_rcc.o(.rodata.HAL_RCC_GetSysClockFreq.aPredivFactorTable)
    HAL_RCC_GetSysClockFreq.aPLLMULFactorTable 0x08007b7a   Data          16  stm32f1xx_hal_rcc.o(.rodata.cst16)
    [Anonymous Symbol]                       0x08007b7a   Section        0  stm32f1xx_hal_rcc.o(.rodata.cst16)
    .L.str.6                                 0x08007b8a   Data          21  control.o(.rodata.str1.1)
    [Anonymous Symbol]                       0x08007b8a   Section        0  control.o(.rodata.str1.1)
    .L.str.5                                 0x08007b9f   Data          21  control.o(.rodata.str1.1)
    .L.str.8                                 0x08007bb4   Data          16  control.o(.rodata.str1.1)
    .L.str.14                                0x08007bc4   Data           9  control.o(.rodata.str1.1)
    .L.str.19                                0x08007bcd   Data          20  control.o(.rodata.str1.1)
    .L.str.1                                 0x08007be1   Data           8  control.o(.rodata.str1.1)
    .L.str.2                                 0x08007be9   Data           8  control.o(.rodata.str1.1)
    .L.str.7                                 0x08007bf1   Data           8  control.o(.rodata.str1.1)
    .L.str.17                                0x08007bf9   Data          22  control.o(.rodata.str1.1)
    .L.str.12                                0x08007c0f   Data          13  control.o(.rodata.str1.1)
    .L.str.9                                 0x08007c1c   Data          19  control.o(.rodata.str1.1)
    .L.str.10                                0x08007c2f   Data          15  control.o(.rodata.str1.1)
    .L.str.13                                0x08007c3e   Data          13  control.o(.rodata.str1.1)
    .L.str.11                                0x08007c4b   Data          18  control.o(.rodata.str1.1)
    .L.str.22                                0x08007c5d   Data          12  control.o(.rodata.str1.1)
    .L.str.3                                 0x08007c69   Data          16  control.o(.rodata.str1.1)
    .L.str.4                                 0x08007c79   Data          16  control.o(.rodata.str1.1)
    .L_MergedGlobals                         0x20000000   Data           8  stm32f1xx_hal.o(.data..L_MergedGlobals)
    [Anonymous Symbol]                       0x20000000   Section        0  stm32f1xx_hal.o(.data..L_MergedGlobals)
    .L_MergedGlobals                         0x20000008   Data          32  track.o(.data..L_MergedGlobals)
    [Anonymous Symbol]                       0x20000008   Section        0  track.o(.data..L_MergedGlobals)
    .L_MergedGlobals                         0x20000030   Data         116  pid.o(.bss..L_MergedGlobals)
    Location_PID_Realize.Location_ErrorLast  0x20000030   Data           4  pid.o(.bss..L_MergedGlobals)
    [Anonymous Symbol]                       0x20000030   Section        0  pid.o(.bss..L_MergedGlobals)
    Location_PID_Realize.Location_Integral   0x20000034   Data           4  pid.o(.bss..L_MergedGlobals)
    Velocity_PID_Realize.Velocity_ErrorLast  0x20000038   Data           4  pid.o(.bss..L_MergedGlobals)
    Velocity_PID_Realize.Velocity_Integral   0x2000003c   Data           4  pid.o(.bss..L_MergedGlobals)
    Velocity_PID_Realize1.Velocity_ErrorLast 0x20000040   Data           4  pid.o(.bss..L_MergedGlobals)
    Velocity_PID_Realize1.Velocity_Integral  0x20000044   Data           4  pid.o(.bss..L_MergedGlobals)
    Position_PID_Realize.Last_Bias           0x20000048   Data           4  pid.o(.bss..L_MergedGlobals)
    Position_PID_Realize.Integral_bias       0x2000004c   Data           4  pid.o(.bss..L_MergedGlobals)
    Position_PID_Realize1.Last_Bias          0x20000050   Data           4  pid.o(.bss..L_MergedGlobals)
    Position_PID_Realize1.Integral_bias      0x20000054   Data           4  pid.o(.bss..L_MergedGlobals)
    Incremental_PID_Realize.Pwm              0x20000058   Data           4  pid.o(.bss..L_MergedGlobals)
    Incremental_PID_Realize.Last_bias        0x2000005c   Data           4  pid.o(.bss..L_MergedGlobals)
    Incremental_PID_Realize.Prev_bias        0x20000060   Data           4  pid.o(.bss..L_MergedGlobals)
    Turn_PID_Realize.Last_Bias               0x20000064   Data           4  pid.o(.bss..L_MergedGlobals)
    .L_MergedGlobals                         0x200000a4   Data          51  control.o(.bss..L_MergedGlobals)
    OLED_Proc.uwTick_OLED_Speed              0x200000a4   Data           4  control.o(.bss..L_MergedGlobals)
    [Anonymous Symbol]                       0x200000a4   Section        0  control.o(.bss..L_MergedGlobals)
    .L_MergedGlobals                         0x200000d8   Data          32  car.o(.bss..L_MergedGlobals)
    Key_Proc.key_old                         0x200000d8   Data           1  car.o(.bss..L_MergedGlobals)
    [Anonymous Symbol]                       0x200000d8   Section        0  car.o(.bss..L_MergedGlobals)
    Key_Proc.uwTick_KEY_Speed                0x200000dc   Data           4  car.o(.bss..L_MergedGlobals)
    HAL_UART_RxCpltCallback.rec_cnt          0x200000e0   Data           4  car.o(.bss..L_MergedGlobals)
    .L_MergedGlobals.1                       0x200000f8   Data          60  pid.o(.bss..L_MergedGlobals.1)
    [Anonymous Symbol]                       0x200000f8   Section        0  pid.o(.bss..L_MergedGlobals.1)
    .L_MergedGlobals.8                       0x20000134   Data          40  track.o(.bss..L_MergedGlobals.8)
    [Anonymous Symbol]                       0x20000134   Section        0  track.o(.bss..L_MergedGlobals.8)
    PosFlagValue                             0x2000013c   Data           4  track.o(.bss..L_MergedGlobals.8)
    GetParament.LeftMax                      0x20000140   Data           4  track.o(.bss..L_MergedGlobals.8)
    GetParament.RightMax                     0x20000144   Data           4  track.o(.bss..L_MergedGlobals.8)
    GetParament.MidMax                       0x20000148   Data           4  track.o(.bss..L_MergedGlobals.8)
    GetParament.Left_Thersh                  0x2000014c   Data           4  track.o(.bss..L_MergedGlobals.8)
    GetParament.Right_Thersh                 0x20000150   Data           4  track.o(.bss..L_MergedGlobals.8)
    GetParament.Left_Span                    0x20000154   Data           4  track.o(.bss..L_MergedGlobals.8)
    GetParament.Right_Span                   0x20000158   Data           4  track.o(.bss..L_MergedGlobals.8)
    Vofa_Proc.uwTick_VOFA_Speed              0x200001a0   Data           4  control.o(.bss.Vofa_Proc.uwTick_VOFA_Speed)
    [Anonymous Symbol]                       0x200001a0   Section        0  control.o(.bss.Vofa_Proc.uwTick_VOFA_Speed)
    STACK                                    0x20000468   Section     1024  startup_stm32f103xb.o(STACK)

    Global Symbols

    Symbol Name                              Value     Ov Type        Size  Object(Section)

    BuildAttributes$$THM_ISAv4$P$D$K$B$S$PE$A:L22UL41UL21$X:L11$S22US41US21$IEEE1$IW$~IW$USESV6$~STKCKD$USESV7$~SHL$OTIME$ROPI$IEEEX$EBA8$MICROLIB$REQ8$PRES8$EABIv2 0x00000000   Number         0  anon$$obj.o ABSOLUTE
    _printf_a                                0x00000000   Number         0  printfstubs.o ABSOLUTE
    _printf_c                                0x00000000   Number         0  printfstubs.o ABSOLUTE
    _printf_charcount                        0x00000000   Number         0  printfstubs.o ABSOLUTE
    _printf_d                                0x00000000   Number         0  printfstubs.o ABSOLUTE
    _printf_e                                0x00000000   Number         0  printfstubs.o ABSOLUTE
    _printf_f                                0x00000000   Number         0  printfstubs.o ABSOLUTE
    _printf_flags                            0x00000000   Number         0  printfstubs.o ABSOLUTE
    _printf_fp_dec                           0x00000000   Number         0  printfstubs.o ABSOLUTE
    _printf_fp_hex                           0x00000000   Number         0  printfstubs.o ABSOLUTE
    _printf_g                                0x00000000   Number         0  printfstubs.o ABSOLUTE
    _printf_i                                0x00000000   Number         0  printfstubs.o ABSOLUTE
    _printf_int_dec                          0x00000000   Number         0  printfstubs.o ABSOLUTE
    _printf_l                                0x00000000   Number         0  printfstubs.o ABSOLUTE
    _printf_lc                               0x00000000   Number         0  printfstubs.o ABSOLUTE
    _printf_ll                               0x00000000   Number         0  printfstubs.o ABSOLUTE
    _printf_lld                              0x00000000   Number         0  printfstubs.o ABSOLUTE
    _printf_lli                              0x00000000   Number         0  printfstubs.o ABSOLUTE
    _printf_llo                              0x00000000   Number         0  printfstubs.o ABSOLUTE
    _printf_llu                              0x00000000   Number         0  printfstubs.o ABSOLUTE
    _printf_llx                              0x00000000   Number         0  printfstubs.o ABSOLUTE
    _printf_longlong_dec                     0x00000000   Number         0  printfstubs.o ABSOLUTE
    _printf_longlong_hex                     0x00000000   Number         0  printfstubs.o ABSOLUTE
    _printf_longlong_oct                     0x00000000   Number         0  printfstubs.o ABSOLUTE
    _printf_ls                               0x00000000   Number         0  printfstubs.o ABSOLUTE
    _printf_mbtowc                           0x00000000   Number         0  printfstubs.o ABSOLUTE
    _printf_n                                0x00000000   Number         0  printfstubs.o ABSOLUTE
    _printf_o                                0x00000000   Number         0  printfstubs.o ABSOLUTE
    _printf_p                                0x00000000   Number         0  printfstubs.o ABSOLUTE
    _printf_percent                          0x00000000   Number         0  printfstubs.o ABSOLUTE
    _printf_pre_padding                      0x00000000   Number         0  printfstubs.o ABSOLUTE
    _printf_return_value                     0x00000000   Number         0  printfstubs.o ABSOLUTE
    _printf_s                                0x00000000   Number         0  printfstubs.o ABSOLUTE
    _printf_sizespec                         0x00000000   Number         0  printfstubs.o ABSOLUTE
    _printf_str                              0x00000000   Number         0  printfstubs.o ABSOLUTE
    _printf_truncate_signed                  0x00000000   Number         0  printfstubs.o ABSOLUTE
    _printf_truncate_unsigned                0x00000000   Number         0  printfstubs.o ABSOLUTE
    _printf_u                                0x00000000   Number         0  printfstubs.o ABSOLUTE
    _printf_wc                               0x00000000   Number         0  printfstubs.o ABSOLUTE
    _printf_wctomb                           0x00000000   Number         0  printfstubs.o ABSOLUTE
    _printf_widthprec                        0x00000000   Number         0  printfstubs.o ABSOLUTE
    _printf_x                                0x00000000   Number         0  printfstubs.o ABSOLUTE
    __cpp_initialize__aeabi_                  - Undefined Weak Reference
    __cxa_finalize                            - Undefined Weak Reference
    __decompress                              - Undefined Weak Reference
    _clock_init                               - Undefined Weak Reference
    _microlib_exit                            - Undefined Weak Reference
    __Vectors_Size                           0x000000ec   Number         0  startup_stm32f103xb.o ABSOLUTE
    __Vectors                                0x08000000   Data           4  startup_stm32f103xb.o(RESET)
    __Vectors_End                            0x080000ec   Data           0  startup_stm32f103xb.o(RESET)
    __main                                   0x080000ed   Thumb Code     0  entry.o(.ARM.Collect$$$$00000000)
    _main_stk                                0x080000ed   Thumb Code     0  entry2.o(.ARM.Collect$$$$00000001)
    _main_scatterload                        0x080000f1   Thumb Code     0  entry5.o(.ARM.Collect$$$$00000004)
    __main_after_scatterload                 0x080000f5   Thumb Code     0  entry5.o(.ARM.Collect$$$$00000004)
    _main_clock                              0x080000f5   Thumb Code     0  entry7b.o(.ARM.Collect$$$$00000008)
    _main_cpp_init                           0x080000f5   Thumb Code     0  entry8b.o(.ARM.Collect$$$$0000000A)
    _main_init                               0x080000f5   Thumb Code     0  entry9a.o(.ARM.Collect$$$$0000000B)
    __rt_final_cpp                           0x080000fd   Thumb Code     0  entry10a.o(.ARM.Collect$$$$0000000D)
    __rt_final_exit                          0x080000fd   Thumb Code     0  entry11a.o(.ARM.Collect$$$$0000000F)
    Reset_Handler                            0x08000101   Thumb Code     8  startup_stm32f103xb.o(.text)
    ADC1_2_IRQHandler                        0x0800011b   Thumb Code     0  startup_stm32f103xb.o(.text)
    CAN1_RX1_IRQHandler                      0x0800011b   Thumb Code     0  startup_stm32f103xb.o(.text)
    CAN1_SCE_IRQHandler                      0x0800011b   Thumb Code     0  startup_stm32f103xb.o(.text)
    DMA1_Channel1_IRQHandler                 0x0800011b   Thumb Code     0  startup_stm32f103xb.o(.text)
    DMA1_Channel2_IRQHandler                 0x0800011b   Thumb Code     0  startup_stm32f103xb.o(.text)
    DMA1_Channel3_IRQHandler                 0x0800011b   Thumb Code     0  startup_stm32f103xb.o(.text)
    DMA1_Channel6_IRQHandler                 0x0800011b   Thumb Code     0  startup_stm32f103xb.o(.text)
    DMA1_Channel7_IRQHandler                 0x0800011b   Thumb Code     0  startup_stm32f103xb.o(.text)
    EXTI0_IRQHandler                         0x0800011b   Thumb Code     0  startup_stm32f103xb.o(.text)
    EXTI15_10_IRQHandler                     0x0800011b   Thumb Code     0  startup_stm32f103xb.o(.text)
    EXTI1_IRQHandler                         0x0800011b   Thumb Code     0  startup_stm32f103xb.o(.text)
    EXTI2_IRQHandler                         0x0800011b   Thumb Code     0  startup_stm32f103xb.o(.text)
    EXTI3_IRQHandler                         0x0800011b   Thumb Code     0  startup_stm32f103xb.o(.text)
    EXTI4_IRQHandler                         0x0800011b   Thumb Code     0  startup_stm32f103xb.o(.text)
    EXTI9_5_IRQHandler                       0x0800011b   Thumb Code     0  startup_stm32f103xb.o(.text)
    FLASH_IRQHandler                         0x0800011b   Thumb Code     0  startup_stm32f103xb.o(.text)
    I2C1_ER_IRQHandler                       0x0800011b   Thumb Code     0  startup_stm32f103xb.o(.text)
    I2C1_EV_IRQHandler                       0x0800011b   Thumb Code     0  startup_stm32f103xb.o(.text)
    I2C2_ER_IRQHandler                       0x0800011b   Thumb Code     0  startup_stm32f103xb.o(.text)
    I2C2_EV_IRQHandler                       0x0800011b   Thumb Code     0  startup_stm32f103xb.o(.text)
    PVD_IRQHandler                           0x0800011b   Thumb Code     0  startup_stm32f103xb.o(.text)
    RCC_IRQHandler                           0x0800011b   Thumb Code     0  startup_stm32f103xb.o(.text)
    RTC_Alarm_IRQHandler                     0x0800011b   Thumb Code     0  startup_stm32f103xb.o(.text)
    RTC_IRQHandler                           0x0800011b   Thumb Code     0  startup_stm32f103xb.o(.text)
    SPI1_IRQHandler                          0x0800011b   Thumb Code     0  startup_stm32f103xb.o(.text)
    SPI2_IRQHandler                          0x0800011b   Thumb Code     0  startup_stm32f103xb.o(.text)
    TAMPER_IRQHandler                        0x0800011b   Thumb Code     0  startup_stm32f103xb.o(.text)
    TIM1_BRK_IRQHandler                      0x0800011b   Thumb Code     0  startup_stm32f103xb.o(.text)
    TIM1_CC_IRQHandler                       0x0800011b   Thumb Code     0  startup_stm32f103xb.o(.text)
    TIM1_TRG_COM_IRQHandler                  0x0800011b   Thumb Code     0  startup_stm32f103xb.o(.text)
    TIM1_UP_IRQHandler                       0x0800011b   Thumb Code     0  startup_stm32f103xb.o(.text)
    TIM3_IRQHandler                          0x0800011b   Thumb Code     0  startup_stm32f103xb.o(.text)
    USART3_IRQHandler                        0x0800011b   Thumb Code     0  startup_stm32f103xb.o(.text)
    USBWakeUp_IRQHandler                     0x0800011b   Thumb Code     0  startup_stm32f103xb.o(.text)
    USB_HP_CAN1_TX_IRQHandler                0x0800011b   Thumb Code     0  startup_stm32f103xb.o(.text)
    USB_LP_CAN1_RX0_IRQHandler               0x0800011b   Thumb Code     0  startup_stm32f103xb.o(.text)
    WWDG_IRQHandler                          0x0800011b   Thumb Code     0  startup_stm32f103xb.o(.text)
    __aeabi_memset                           0x08000125   Thumb Code    14  memseta.o(.text)
    __aeabi_memset4                          0x08000125   Thumb Code     0  memseta.o(.text)
    __aeabi_memset8                          0x08000125   Thumb Code     0  memseta.o(.text)
    __aeabi_memclr                           0x08000133   Thumb Code     4  memseta.o(.text)
    __aeabi_memclr4                          0x08000133   Thumb Code     0  memseta.o(.text)
    __aeabi_memclr8                          0x08000133   Thumb Code     0  memseta.o(.text)
    _memset$wrapper                          0x08000137   Thumb Code    18  memseta.o(.text)
    strstr                                   0x08000149   Thumb Code    36  strstr.o(.text)
    strlen                                   0x0800016d   Thumb Code    14  strlen.o(.text)
    __aeabi_fadd                             0x0800017b   Thumb Code   164  fadd.o(.text)
    __aeabi_fsub                             0x0800021f   Thumb Code     6  fadd.o(.text)
    __aeabi_frsub                            0x08000225   Thumb Code     6  fadd.o(.text)
    __aeabi_fmul                             0x0800022b   Thumb Code   100  fmul.o(.text)
    __aeabi_fdiv                             0x0800028f   Thumb Code   124  fdiv.o(.text)
    __aeabi_dadd                             0x0800030b   Thumb Code   322  dadd.o(.text)
    __aeabi_dsub                             0x0800044d   Thumb Code     6  dadd.o(.text)
    __aeabi_drsub                            0x08000453   Thumb Code     6  dadd.o(.text)
    __aeabi_dmul                             0x08000459   Thumb Code   228  dmul.o(.text)
    __aeabi_ddiv                             0x0800053d   Thumb Code   222  ddiv.o(.text)
    __aeabi_fcmplt                           0x0800061b   Thumb Code    28  fcmplt.o(.text)
    __aeabi_fcmpge                           0x08000637   Thumb Code    28  fcmpge.o(.text)
    __aeabi_fcmpgt                           0x08000653   Thumb Code    28  fcmpgt.o(.text)
    __aeabi_dcmpge                           0x0800066f   Thumb Code    54  dcmpge.o(.text)
    __aeabi_i2f                              0x080006a5   Thumb Code    18  fflti.o(.text)
    __aeabi_i2d                              0x080006b7   Thumb Code    34  dflti.o(.text)
    __aeabi_f2iz                             0x080006d9   Thumb Code    50  ffixi.o(.text)
    __aeabi_d2iz                             0x0800070b   Thumb Code    62  dfixi.o(.text)
    __aeabi_f2d                              0x08000749   Thumb Code    38  f2d.o(.text)
    __aeabi_d2f                              0x0800076f   Thumb Code    56  d2f.o(.text)
    __aeabi_uidiv                            0x080007a7   Thumb Code     0  uidiv.o(.text)
    __aeabi_uidivmod                         0x080007a7   Thumb Code    44  uidiv.o(.text)
    __aeabi_uldivmod                         0x080007d3   Thumb Code    98  uldiv.o(.text)
    __aeabi_llsl                             0x08000835   Thumb Code    30  llshl.o(.text)
    _ll_shift_l                              0x08000835   Thumb Code     0  llshl.o(.text)
    __aeabi_llsr                             0x08000853   Thumb Code    32  llushr.o(.text)
    _ll_ushift_r                             0x08000853   Thumb Code     0  llushr.o(.text)
    __aeabi_lasr                             0x08000873   Thumb Code    36  llsshr.o(.text)
    _ll_sshift_r                             0x08000873   Thumb Code     0  llsshr.o(.text)
    __I$use$fp                               0x08000897   Thumb Code     0  iusefp.o(.text)
    _float_round                             0x08000897   Thumb Code    18  fepilogue.o(.text)
    _float_epilogue                          0x080008a9   Thumb Code    92  fepilogue.o(.text)
    _double_round                            0x08000905   Thumb Code    30  depilogue.o(.text)
    _double_epilogue                         0x08000923   Thumb Code   156  depilogue.o(.text)
    __aeabi_d2ulz                            0x080009bf   Thumb Code    48  dfixul.o(.text)
    __aeabi_cdrcmple                         0x080009f1   Thumb Code    48  cdrcmple.o(.text)
    __scatterload                            0x08000a21   Thumb Code    28  init.o(.text)
    __scatterload_rt2                        0x08000a21   Thumb Code     0  init.o(.text)
    ADC_Enable                               0x08000a45   Thumb Code   182  stm32f1xx_hal_adc.o(.text.ADC_Enable)
    BusFault_Handler                         0x08000afd   Thumb Code     2  stm32f1xx_it.o(.text.BusFault_Handler)
    Car_State_Machine                        0x08000b01   Thumb Code  1640  control.o(.text.Car_State_Machine)
    Car_Turn                                 0x08001169   Thumb Code   498  car.o(.text.Car_Turn)
    DMA1_Channel4_IRQHandler                 0x0800135d   Thumb Code    12  stm32f1xx_it.o(.text.DMA1_Channel4_IRQHandler)
    DMA1_Channel5_IRQHandler                 0x08001369   Thumb Code    12  stm32f1xx_it.o(.text.DMA1_Channel5_IRQHandler)
    DebugMon_Handler                         0x08001375   Thumb Code     2  stm32f1xx_it.o(.text.DebugMon_Handler)
    Encoder_Init                             0x08001379   Thumb Code    54  encoder.o(.text.Encoder_Init)
    Error_Handler                            0x080013b1   Thumb Code    10  main.o(.text.Error_Handler)
    GetMotorPulse                            0x080013bd   Thumb Code    46  encoder.o(.text.GetMotorPulse)
    GetTraceDate                             0x080013ed   Thumb Code   318  track.o(.text.GetTraceDate)
    Get_Adc                                  0x0800152d   Thumb Code    72  myadc.o(.text.Get_Adc)
    HAL_ADC_ConfigChannel                    0x08001575   Thumb Code   396  stm32f1xx_hal_adc.o(.text.HAL_ADC_ConfigChannel)
    HAL_ADC_GetValue                         0x08001701   Thumb Code     6  stm32f1xx_hal_adc.o(.text.HAL_ADC_GetValue)
    HAL_ADC_Init                             0x08001709   Thumb Code   348  stm32f1xx_hal_adc.o(.text.HAL_ADC_Init)
    HAL_ADC_MspInit                          0x08001865   Thumb Code   136  adc.o(.text.HAL_ADC_MspInit)
    HAL_ADC_PollForConversion                0x080018ed   Thumb Code   616  stm32f1xx_hal_adc.o(.text.HAL_ADC_PollForConversion)
    HAL_ADC_Start                            0x08001b55   Thumb Code   204  stm32f1xx_hal_adc.o(.text.HAL_ADC_Start)
    HAL_DMA_Abort                            0x08001c21   Thumb Code    70  stm32f1xx_hal_dma.o(.text.HAL_DMA_Abort)
    HAL_DMA_Abort_IT                         0x08001c69   Thumb Code   178  stm32f1xx_hal_dma.o(.text.HAL_DMA_Abort_IT)
    HAL_DMA_IRQHandler                       0x08001d1d   Thumb Code   416  stm32f1xx_hal_dma.o(.text.HAL_DMA_IRQHandler)
    HAL_DMA_Init                             0x08001ebd   Thumb Code   136  stm32f1xx_hal_dma.o(.text.HAL_DMA_Init)
    HAL_DMA_Start_IT                         0x08001f45   Thumb Code   156  stm32f1xx_hal_dma.o(.text.HAL_DMA_Start_IT)
    HAL_Delay                                0x08001fe1   Thumb Code    40  stm32f1xx_hal.o(.text.HAL_Delay)
    HAL_GPIO_Init                            0x08002009   Thumb Code   538  stm32f1xx_hal_gpio.o(.text.HAL_GPIO_Init)
    HAL_GPIO_ReadPin                         0x08002225   Thumb Code    10  stm32f1xx_hal_gpio.o(.text.HAL_GPIO_ReadPin)
    HAL_GPIO_WritePin                        0x08002231   Thumb Code    10  stm32f1xx_hal_gpio.o(.text.HAL_GPIO_WritePin)
    HAL_GetTick                              0x0800223d   Thumb Code    12  stm32f1xx_hal.o(.text.HAL_GetTick)
    HAL_I2C_Init                             0x08002249   Thumb Code   374  stm32f1xx_hal_i2c.o(.text.HAL_I2C_Init)
    HAL_I2C_Mem_Write                        0x080023c1   Thumb Code   344  stm32f1xx_hal_i2c.o(.text.HAL_I2C_Mem_Write)
    HAL_I2C_MspInit                          0x08002519   Thumb Code   122  i2c.o(.text.HAL_I2C_MspInit)
    HAL_IncTick                              0x08002595   Thumb Code    26  stm32f1xx_hal.o(.text.HAL_IncTick)
    HAL_Init                                 0x080025b1   Thumb Code    38  stm32f1xx_hal.o(.text.HAL_Init)
    HAL_InitTick                             0x080025d9   Thumb Code    72  stm32f1xx_hal.o(.text.HAL_InitTick)
    HAL_MspInit                              0x08002621   Thumb Code    66  stm32f1xx_hal_msp.o(.text.HAL_MspInit)
    HAL_NVIC_EnableIRQ                       0x08002665   Thumb Code    38  stm32f1xx_hal_cortex.o(.text.HAL_NVIC_EnableIRQ)
    HAL_NVIC_SetPriority                     0x0800268d   Thumb Code    86  stm32f1xx_hal_cortex.o(.text.HAL_NVIC_SetPriority)
    HAL_NVIC_SetPriorityGrouping             0x080026e5   Thumb Code    32  stm32f1xx_hal_cortex.o(.text.HAL_NVIC_SetPriorityGrouping)
    HAL_RCCEx_GetPeriphCLKFreq               0x08002705   Thumb Code   220  stm32f1xx_hal_rcc_ex.o(.text.HAL_RCCEx_GetPeriphCLKFreq)
    HAL_RCCEx_PeriphCLKConfig                0x080027f5   Thumb Code   266  stm32f1xx_hal_rcc_ex.o(.text.HAL_RCCEx_PeriphCLKConfig)
    HAL_RCC_ClockConfig                      0x08002901   Thumb Code   446  stm32f1xx_hal_rcc.o(.text.HAL_RCC_ClockConfig)
    HAL_RCC_GetPCLK1Freq                     0x08002ac1   Thumb Code    38  stm32f1xx_hal_rcc.o(.text.HAL_RCC_GetPCLK1Freq)
    HAL_RCC_GetPCLK2Freq                     0x08002ae9   Thumb Code    38  stm32f1xx_hal_rcc.o(.text.HAL_RCC_GetPCLK2Freq)
    HAL_RCC_OscConfig                        0x08002b11   Thumb Code   948  stm32f1xx_hal_rcc.o(.text.HAL_RCC_OscConfig)
    HAL_SYSTICK_Config                       0x08002ec5   Thumb Code    44  stm32f1xx_hal_cortex.o(.text.HAL_SYSTICK_Config)
    HAL_TIMEx_BreakCallback                  0x08002ef1   Thumb Code     2  stm32f1xx_hal_tim_ex.o(.text.HAL_TIMEx_BreakCallback)
    HAL_TIMEx_CommutCallback                 0x08002ef5   Thumb Code     2  stm32f1xx_hal_tim_ex.o(.text.HAL_TIMEx_CommutCallback)
    HAL_TIMEx_MasterConfigSynchronization    0x08002ef9   Thumb Code   122  stm32f1xx_hal_tim_ex.o(.text.HAL_TIMEx_MasterConfigSynchronization)
    HAL_TIM_Base_Init                        0x08002f75   Thumb Code   236  stm32f1xx_hal_tim.o(.text.HAL_TIM_Base_Init)
    HAL_TIM_Base_MspInit                     0x08003061   Thumb Code   112  tim.o(.text.HAL_TIM_Base_MspInit)
    HAL_TIM_Base_Start_IT                    0x080030d1   Thumb Code   110  stm32f1xx_hal_tim.o(.text.HAL_TIM_Base_Start_IT)
    HAL_TIM_ConfigClockSource                0x08003141   Thumb Code   412  stm32f1xx_hal_tim.o(.text.HAL_TIM_ConfigClockSource)
    HAL_TIM_Encoder_Init                     0x080032dd   Thumb Code   332  stm32f1xx_hal_tim.o(.text.HAL_TIM_Encoder_Init)
    HAL_TIM_Encoder_MspInit                  0x08003429   Thumb Code   164  tim.o(.text.HAL_TIM_Encoder_MspInit)
    HAL_TIM_Encoder_Start                    0x080034cd   Thumb Code   188  stm32f1xx_hal_tim.o(.text.HAL_TIM_Encoder_Start)
    HAL_TIM_IC_CaptureCallback               0x08003589   Thumb Code     2  stm32f1xx_hal_tim.o(.text.HAL_TIM_IC_CaptureCallback)
    HAL_TIM_IRQHandler                       0x0800358d   Thumb Code   368  stm32f1xx_hal_tim.o(.text.HAL_TIM_IRQHandler)
    HAL_TIM_OC_DelayElapsedCallback          0x080036fd   Thumb Code     2  stm32f1xx_hal_tim.o(.text.HAL_TIM_OC_DelayElapsedCallback)
    HAL_TIM_PWM_ConfigChannel                0x08003701   Thumb Code   524  stm32f1xx_hal_tim.o(.text.HAL_TIM_PWM_ConfigChannel)
    HAL_TIM_PWM_Init                         0x0800390d   Thumb Code   236  stm32f1xx_hal_tim.o(.text.HAL_TIM_PWM_Init)
    HAL_TIM_PWM_MspInit                      0x080039f9   Thumb Code     2  stm32f1xx_hal_tim.o(.text.HAL_TIM_PWM_MspInit)
    HAL_TIM_PWM_PulseFinishedCallback        0x080039fd   Thumb Code     2  stm32f1xx_hal_tim.o(.text.HAL_TIM_PWM_PulseFinishedCallback)
    HAL_TIM_PWM_Start                        0x08003a01   Thumb Code   222  stm32f1xx_hal_tim.o(.text.HAL_TIM_PWM_Start)
    HAL_TIM_PeriodElapsedCallback            0x08003ae1   Thumb Code   500  control.o(.text.HAL_TIM_PeriodElapsedCallback)
    HAL_TIM_TriggerCallback                  0x08003cd5   Thumb Code     2  stm32f1xx_hal_tim.o(.text.HAL_TIM_TriggerCallback)
    HAL_UARTEx_RxEventCallback               0x08003cd9   Thumb Code     2  stm32f1xx_hal_uart.o(.text.HAL_UARTEx_RxEventCallback)
    HAL_UART_ErrorCallback                   0x08003cdd   Thumb Code     2  stm32f1xx_hal_uart.o(.text.HAL_UART_ErrorCallback)
    HAL_UART_IRQHandler                      0x08003ce1   Thumb Code  1376  stm32f1xx_hal_uart.o(.text.HAL_UART_IRQHandler)
    HAL_UART_Init                            0x08004241   Thumb Code   226  stm32f1xx_hal_uart.o(.text.HAL_UART_Init)
    HAL_UART_MspInit                         0x08004325   Thumb Code   386  usart.o(.text.HAL_UART_MspInit)
    HAL_UART_Receive_IT                      0x080044a9   Thumb Code    82  stm32f1xx_hal_uart.o(.text.HAL_UART_Receive_IT)
    HAL_UART_RxCpltCallback                  0x080044fd   Thumb Code   248  car.o(.text.HAL_UART_RxCpltCallback)
    HAL_UART_Transmit_DMA                    0x08004629   Thumb Code   188  stm32f1xx_hal_uart.o(.text.HAL_UART_Transmit_DMA)
    HAL_UART_TxCpltCallback                  0x080046e5   Thumb Code     2  stm32f1xx_hal_uart.o(.text.HAL_UART_TxCpltCallback)
    HAL_UART_TxHalfCpltCallback              0x080046e9   Thumb Code     2  stm32f1xx_hal_uart.o(.text.HAL_UART_TxHalfCpltCallback)
    HardFault_Handler                        0x080046ed   Thumb Code     2  stm32f1xx_it.o(.text.HardFault_Handler)
    Key_Proc                                 0x08004bed   Thumb Code   136  car.o(.text.Key_Proc)
    Location_PID_Realize                     0x08004c75   Thumb Code   150  pid.o(.text.Location_PID_Realize)
    MX_ADC1_Init                             0x08004d0d   Thumb Code    88  adc.o(.text.MX_ADC1_Init)
    MX_DMA_Init                              0x08004d65   Thumb Code    68  dma.o(.text.MX_DMA_Init)
    MX_GPIO_Init                             0x08004da9   Thumb Code   288  gpio.o(.text.MX_GPIO_Init)
    MX_I2C1_Init                             0x08004ec9   Thumb Code    66  i2c.o(.text.MX_I2C1_Init)
    MX_TIM1_Init                             0x08004f0d   Thumb Code   112  tim.o(.text.MX_TIM1_Init)
    MX_TIM2_Init                             0x08004f7d   Thumb Code   308  tim.o(.text.MX_TIM2_Init)
    MX_TIM3_Init                             0x080050b1   Thumb Code   106  tim.o(.text.MX_TIM3_Init)
    MX_TIM4_Init                             0x0800511d   Thumb Code   120  tim.o(.text.MX_TIM4_Init)
    MX_USART1_UART_Init                      0x08005195   Thumb Code    60  usart.o(.text.MX_USART1_UART_Init)
    MX_USART2_UART_Init                      0x080051d1   Thumb Code    60  usart.o(.text.MX_USART2_UART_Init)
    MemManage_Handler                        0x0800520d   Thumb Code     2  stm32f1xx_it.o(.text.MemManage_Handler)
    Motor_Init                               0x08005211   Thumb Code    42  motor.o(.text.Motor_Init)
    Motor_Stop                               0x0800523d   Thumb Code    80  motor.o(.text.Motor_Stop)
    NMI_Handler                              0x0800528d   Thumb Code     2  stm32f1xx_it.o(.text.NMI_Handler)
    Nlaps_Encoder_Cnt                        0x08005291   Thumb Code    18  encoder.o(.text.Nlaps_Encoder_Cnt)
    OLED_DisplayTurn                         0x080052a5   Thumb Code   156  bsp_oled.o(.text.OLED_DisplayTurn)
    OLED_Fill                                0x08005341   Thumb Code   168  bsp_oled.o(.text.OLED_Fill)
    OLED_Init                                0x080053e9   Thumb Code   712  bsp_oled.o(.text.OLED_Init)
    OLED_Proc                                0x080056b1   Thumb Code  1128  control.o(.text.OLED_Proc)
    OLED_ShowStr                             0x08005bb5   Thumb Code  1142  bsp_oled.o(.text.OLED_ShowStr)
    PID_Init                                 0x0800602d   Thumb Code    54  pid.o(.text.PID_Init)
    Param_Init                               0x08006065   Thumb Code    38  control.o(.text.Param_Init)
    PendSV_Handler                           0x0800608d   Thumb Code     2  stm32f1xx_it.o(.text.PendSV_Handler)
    Position_PID_Realize1                    0x08006091   Thumb Code   160  pid.o(.text.Position_PID_Realize1)
    SVC_Handler                              0x08006131   Thumb Code     2  stm32f1xx_it.o(.text.SVC_Handler)
    Set_PWM                                  0x08006135   Thumb Code   142  motor.o(.text.Set_PWM)
    Straight_Trail_Dis_Init                  0x080061c5   Thumb Code    48  pid.o(.text.Straight_Trail_Dis_Init)
    SysTick_Handler                          0x080061f5   Thumb Code     4  stm32f1xx_it.o(.text.SysTick_Handler)
    SystemInit                               0x080061f9   Thumb Code     2  system_stm32f1xx.o(.text.SystemInit)
    TIM2_IRQHandler                          0x080061fd   Thumb Code    12  stm32f1xx_it.o(.text.TIM2_IRQHandler)
    TIM4_IRQHandler                          0x08006209   Thumb Code    12  stm32f1xx_it.o(.text.TIM4_IRQHandler)
    TraceMoveWithDis                         0x08006215   Thumb Code   336  control.o(.text.TraceMoveWithDis)
    Track_Init                               0x08006365   Thumb Code    54  track.o(.text.Track_Init)
    Turn_PID_Realize                         0x0800639d   Thumb Code    66  pid.o(.text.Turn_PID_Realize)
    USART1_IRQHandler                        0x08006721   Thumb Code    12  stm32f1xx_it.o(.text.USART1_IRQHandler)
    USART2_IRQHandler                        0x0800672d   Thumb Code    12  stm32f1xx_it.o(.text.USART2_IRQHandler)
    UsageFault_Handler                       0x08006739   Thumb Code     2  stm32f1xx_it.o(.text.UsageFault_Handler)
    Velocity_PID_Realize                     0x0800673d   Thumb Code   150  pid.o(.text.Velocity_PID_Realize)
    Velocity_PID_Realize1                    0x080067d5   Thumb Code   150  pid.o(.text.Velocity_PID_Realize1)
    Vofa_Proc                                0x0800686d   Thumb Code    84  control.o(.text.Vofa_Proc)
    gfp_abs                                  0x080068cd   Thumb Code     8  motor.o(.text.gfp_abs)
    main                                     0x080068d5   Thumb Code   260  main.o(.text.main)
    print                                    0x080069d9   Thumb Code    70  control.o(.text.print)
    __0sprintf                               0x08006a21   Thumb Code    34  printfa.o(i.__0sprintf)
    __1sprintf                               0x08006a21   Thumb Code     0  printfa.o(i.__0sprintf)
    __2sprintf                               0x08006a21   Thumb Code     0  printfa.o(i.__0sprintf)
    __c89sprintf                             0x08006a21   Thumb Code     0  printfa.o(i.__0sprintf)
    sprintf                                  0x08006a21   Thumb Code     0  printfa.o(i.__0sprintf)
    __0vsprintf                              0x08006a49   Thumb Code    30  printfa.o(i.__0vsprintf)
    __1vsprintf                              0x08006a49   Thumb Code     0  printfa.o(i.__0vsprintf)
    __2vsprintf                              0x08006a49   Thumb Code     0  printfa.o(i.__0vsprintf)
    __c89vsprintf                            0x08006a49   Thumb Code     0  printfa.o(i.__0vsprintf)
    vsprintf                                 0x08006a49   Thumb Code     0  printfa.o(i.__0vsprintf)
    __scatterload_copy                       0x08006a6d   Thumb Code    14  handlers.o(i.__scatterload_copy)
    __scatterload_null                       0x08006a7b   Thumb Code     2  handlers.o(i.__scatterload_null)
    __scatterload_zeroinit                   0x08006a7d   Thumb Code    14  handlers.o(i.__scatterload_zeroinit)
    AHBPrescTable                            0x08007348   Data          16  system_stm32f1xx.o(.rodata.AHBPrescTable)
    APBPrescTable                            0x08007358   Data           8  system_stm32f1xx.o(.rodata.APBPrescTable)
    F6x8                                     0x08007360   Data         552  bsp_oled.o(.rodata.F6x8)
    F8X16                                    0x08007588   Data        1520  bsp_oled.o(.rodata.F8X16)
    Region$$Table$$Base                      0x08007c8c   Number         0  anon$$obj.o(Region$$Table)
    Region$$Table$$Limit                     0x08007cac   Number         0  anon$$obj.o(Region$$Table)
    uwTickFreq                               0x20000000   Data           1  stm32f1xx_hal.o(.data..L_MergedGlobals)
    uwTickPrio                               0x20000004   Data           4  stm32f1xx_hal.o(.data..L_MergedGlobals)
    D_AD_VALUE                               0x20000008   Data           4  track.o(.data..L_MergedGlobals)
    LEFT_MAX                                 0x2000000c   Data           4  track.o(.data..L_MergedGlobals)
    RIGHT_MAX                                0x20000010   Data           4  track.o(.data..L_MergedGlobals)
    MID_MAX                                  0x20000014   Data           4  track.o(.data..L_MergedGlobals)
    LEFT_THERSH                              0x20000018   Data           4  track.o(.data..L_MergedGlobals)
    RIGHT_THERSH                             0x2000001c   Data           4  track.o(.data..L_MergedGlobals)
    LEFT_SPAN                                0x20000020   Data           4  track.o(.data..L_MergedGlobals)
    RIGHT_SPAN                               0x20000024   Data           4  track.o(.data..L_MergedGlobals)
    SystemCoreClock                          0x20000028   Data           4  system_stm32f1xx.o(.data.SystemCoreClock)
    WheelOneCircleDis                        0x2000002c   Data           4  control.o(.data.WheelOneCircleDis)
    Location                                 0x20000068   Data          20  pid.o(.bss..L_MergedGlobals)
    Velocity                                 0x2000007c   Data          20  pid.o(.bss..L_MergedGlobals)
    Position                                 0x20000090   Data          20  pid.o(.bss..L_MergedGlobals)
    Rpm_Encoder_Pulse_MAX                    0x200000a8   Data           4  control.o(.bss..L_MergedGlobals)
    CAR                                      0x200000ac   Data          16  control.o(.bss..L_MergedGlobals)
    Flag                                     0x200000bc   Data          27  control.o(.bss..L_MergedGlobals)
    rec                                      0x200000d9   Data           1  car.o(.bss..L_MergedGlobals)
    target                                   0x200000da   Data           2  car.o(.bss..L_MergedGlobals)
    rec_buf                                  0x200000e4   Data          20  car.o(.bss..L_MergedGlobals)
    Turn_PID                                 0x200000f8   Data          20  pid.o(.bss..L_MergedGlobals.1)
    PositiDis                                0x2000010c   Data          20  pid.o(.bss..L_MergedGlobals.1)
    Incremental                              0x20000120   Data          20  pid.o(.bss..L_MergedGlobals.1)
    PosFlag                                  0x20000134   Data           1  track.o(.bss..L_MergedGlobals.8)
    SensorCalFlag                            0x20000138   Data           4  track.o(.bss..L_MergedGlobals.8)
    Motor1                                   0x2000015c   Data          32  motor.o(.bss.Motor1)
    Motor2                                   0x2000017c   Data          32  motor.o(.bss.Motor2)
    TraceDate                                0x2000019c   Data           4  main.o(.bss.TraceDate)
    hadc1                                    0x200001a4   Data          48  adc.o(.bss.hadc1)
    hdma_usart1_rx                           0x200001d4   Data          68  usart.o(.bss.hdma_usart1_rx)
    hdma_usart1_tx                           0x20000218   Data          68  usart.o(.bss.hdma_usart1_tx)
    hi2c1                                    0x2000025c   Data          84  i2c.o(.bss.hi2c1)
    htim1                                    0x200002b0   Data          72  tim.o(.bss.htim1)
    htim2                                    0x200002f8   Data          72  tim.o(.bss.htim2)
    htim3                                    0x20000340   Data          72  tim.o(.bss.htim3)
    htim4                                    0x20000388   Data          72  tim.o(.bss.htim4)
    huart1                                   0x200003d0   Data          72  usart.o(.bss.huart1)
    huart2                                   0x20000418   Data          72  usart.o(.bss.huart2)
    uwTick                                   0x20000460   Data           4  stm32f1xx_hal.o(.bss.uwTick)
    __initial_sp                             0x20000868   Data           0  startup_stm32f103xb.o(STACK)



==============================================================================

Memory Map of the image

  Image Entry point : 0x080000ed

  Load Region LR_IROM1 (Base: 0x08000000, Size: 0x00007ce0, Max: 0x00010000, ABSOLUTE)

    Execution Region ER_IROM1 (Exec base: 0x08000000, Load base: 0x08000000, Size: 0x00007cac, Max: 0x00010000, ABSOLUTE)

    Exec Addr    Load Addr    Size         Type   Attr      Idx    E Section Name        Object

    0x08000000   0x08000000   0x000000ec   Data   RO            3    RESET               startup_stm32f103xb.o
    0x080000ec   0x080000ec   0x00000000   Code   RO         1658  * .ARM.Collect$$$$00000000  mc_w.l(entry.o)
    0x080000ec   0x080000ec   0x00000004   Code   RO         2002    .ARM.Collect$$$$00000001  mc_w.l(entry2.o)
    0x080000f0   0x080000f0   0x00000004   Code   RO         2005    .ARM.Collect$$$$00000004  mc_w.l(entry5.o)
    0x080000f4   0x080000f4   0x00000000   Code   RO         2007    .ARM.Collect$$$$00000008  mc_w.l(entry7b.o)
    0x080000f4   0x080000f4   0x00000000   Code   RO         2009    .ARM.Collect$$$$0000000A  mc_w.l(entry8b.o)
    0x080000f4   0x080000f4   0x00000008   Code   RO         2010    .ARM.Collect$$$$0000000B  mc_w.l(entry9a.o)
    0x080000fc   0x080000fc   0x00000000   Code   RO         2012    .ARM.Collect$$$$0000000D  mc_w.l(entry10a.o)
    0x080000fc   0x080000fc   0x00000000   Code   RO         2014    .ARM.Collect$$$$0000000F  mc_w.l(entry11a.o)
    0x080000fc   0x080000fc   0x00000004   Code   RO         2003    .ARM.Collect$$$$00002712  mc_w.l(entry2.o)
    0x08000100   0x08000100   0x00000024   Code   RO            4    .text               startup_stm32f103xb.o
    0x08000124   0x08000124   0x00000024   Code   RO         1667    .text               mc_w.l(memseta.o)
    0x08000148   0x08000148   0x00000024   Code   RO         1669    .text               mc_w.l(strstr.o)
    0x0800016c   0x0800016c   0x0000000e   Code   RO         1671    .text               mc_w.l(strlen.o)
    0x0800017a   0x0800017a   0x000000b0   Code   RO         1936    .text               mf_w.l(fadd.o)
    0x0800022a   0x0800022a   0x00000064   Code   RO         1938    .text               mf_w.l(fmul.o)
    0x0800028e   0x0800028e   0x0000007c   Code   RO         1940    .text               mf_w.l(fdiv.o)
    0x0800030a   0x0800030a   0x0000014e   Code   RO         1942    .text               mf_w.l(dadd.o)
    0x08000458   0x08000458   0x000000e4   Code   RO         1944    .text               mf_w.l(dmul.o)
    0x0800053c   0x0800053c   0x000000de   Code   RO         1946    .text               mf_w.l(ddiv.o)
    0x0800061a   0x0800061a   0x0000001c   Code   RO         1950    .text               mf_w.l(fcmplt.o)
    0x08000636   0x08000636   0x0000001c   Code   RO         1952    .text               mf_w.l(fcmpge.o)
    0x08000652   0x08000652   0x0000001c   Code   RO         1954    .text               mf_w.l(fcmpgt.o)
    0x0800066e   0x0800066e   0x00000036   Code   RO         1958    .text               mf_w.l(dcmpge.o)
    0x080006a4   0x080006a4   0x00000012   Code   RO         1960    .text               mf_w.l(fflti.o)
    0x080006b6   0x080006b6   0x00000022   Code   RO         1964    .text               mf_w.l(dflti.o)
    0x080006d8   0x080006d8   0x00000032   Code   RO         1966    .text               mf_w.l(ffixi.o)
    0x0800070a   0x0800070a   0x0000003e   Code   RO         1968    .text               mf_w.l(dfixi.o)
    0x08000748   0x08000748   0x00000026   Code   RO         1970    .text               mf_w.l(f2d.o)
    0x0800076e   0x0800076e   0x00000038   Code   RO         1972    .text               mf_w.l(d2f.o)
    0x080007a6   0x080007a6   0x0000002c   Code   RO         2030    .text               mc_w.l(uidiv.o)
    0x080007d2   0x080007d2   0x00000062   Code   RO         2032    .text               mc_w.l(uldiv.o)
    0x08000834   0x08000834   0x0000001e   Code   RO         2034    .text               mc_w.l(llshl.o)
    0x08000852   0x08000852   0x00000020   Code   RO         2036    .text               mc_w.l(llushr.o)
    0x08000872   0x08000872   0x00000024   Code   RO         2038    .text               mc_w.l(llsshr.o)
    0x08000896   0x08000896   0x00000000   Code   RO         2047    .text               mc_w.l(iusefp.o)
    0x08000896   0x08000896   0x0000006e   Code   RO         2048    .text               mf_w.l(fepilogue.o)
    0x08000904   0x08000904   0x000000ba   Code   RO         2050    .text               mf_w.l(depilogue.o)
    0x080009be   0x080009be   0x00000030   Code   RO         2054    .text               mf_w.l(dfixul.o)
    0x080009ee   0x080009ee   0x00000002   PAD
    0x080009f0   0x080009f0   0x00000030   Code   RO         2058    .text               mf_w.l(cdrcmple.o)
    0x08000a20   0x08000a20   0x00000024   Code   RO         2060    .text               mc_w.l(init.o)
    0x08000a44   0x08000a44   0x000000b6   Code   RO          196    .text.ADC_Enable    stm32f1xx_hal_adc.o
    0x08000afa   0x08000afa   0x00000002   PAD
    0x08000afc   0x08000afc   0x00000002   Code   RO          130    .text.BusFault_Handler  stm32f1xx_it.o
    0x08000afe   0x08000afe   0x00000002   PAD
    0x08000b00   0x08000b00   0x00000668   Code   RO         1340    .text.Car_State_Machine  control.o
    0x08001168   0x08001168   0x000001f2   Code   RO         1633    .text.Car_Turn      car.o
    0x0800135a   0x0800135a   0x00000002   PAD
    0x0800135c   0x0800135c   0x0000000c   Code   RO          142    .text.DMA1_Channel4_IRQHandler  stm32f1xx_it.o
    0x08001368   0x08001368   0x0000000c   Code   RO          144    .text.DMA1_Channel5_IRQHandler  stm32f1xx_it.o
    0x08001374   0x08001374   0x00000002   Code   RO          136    .text.DebugMon_Handler  stm32f1xx_it.o
    0x08001376   0x08001376   0x00000002   PAD
    0x08001378   0x08001378   0x00000036   Code   RO         1298    .text.Encoder_Init  encoder.o
    0x080013ae   0x080013ae   0x00000002   PAD
    0x080013b0   0x080013b0   0x0000000a   Code   RO           15    .text.Error_Handler  main.o
    0x080013ba   0x080013ba   0x00000002   PAD
    0x080013bc   0x080013bc   0x0000002e   Code   RO         1300    .text.GetMotorPulse  encoder.o
    0x080013ea   0x080013ea   0x00000002   PAD
    0x080013ec   0x080013ec   0x0000013e   Code   RO         1619    .text.GetTraceDate  track.o
    0x0800152a   0x0800152a   0x00000002   PAD
    0x0800152c   0x0800152c   0x00000048   Code   RO         1354    .text.Get_Adc       myadc.o
    0x08001574   0x08001574   0x0000018c   Code   RO          230    .text.HAL_ADC_ConfigChannel  stm32f1xx_hal_adc.o
    0x08001700   0x08001700   0x00000006   Code   RO          218    .text.HAL_ADC_GetValue  stm32f1xx_hal_adc.o
    0x08001706   0x08001706   0x00000002   PAD
    0x08001708   0x08001708   0x0000015c   Code   RO          184    .text.HAL_ADC_Init  stm32f1xx_hal_adc.o
    0x08001864   0x08001864   0x00000088   Code   RO           37    .text.HAL_ADC_MspInit  adc.o
    0x080018ec   0x080018ec   0x00000268   Code   RO          200    .text.HAL_ADC_PollForConversion  stm32f1xx_hal_adc.o
    0x08001b54   0x08001b54   0x000000cc   Code   RO          194    .text.HAL_ADC_Start  stm32f1xx_hal_adc.o
    0x08001c20   0x08001c20   0x00000046   Code   RO          424    .text.HAL_DMA_Abort  stm32f1xx_hal_dma.o
    0x08001c66   0x08001c66   0x00000002   PAD
    0x08001c68   0x08001c68   0x000000b2   Code   RO          426    .text.HAL_DMA_Abort_IT  stm32f1xx_hal_dma.o
    0x08001d1a   0x08001d1a   0x00000002   PAD
    0x08001d1c   0x08001d1c   0x000001a0   Code   RO          430    .text.HAL_DMA_IRQHandler  stm32f1xx_hal_dma.o
    0x08001ebc   0x08001ebc   0x00000088   Code   RO          416    .text.HAL_DMA_Init  stm32f1xx_hal_dma.o
    0x08001f44   0x08001f44   0x0000009c   Code   RO          422    .text.HAL_DMA_Start_IT  stm32f1xx_hal_dma.o
    0x08001fe0   0x08001fe0   0x00000028   Code   RO          300    .text.HAL_Delay     stm32f1xx_hal.o
    0x08002008   0x08002008   0x0000021a   Code   RO          392    .text.HAL_GPIO_Init  stm32f1xx_hal_gpio.o
    0x08002222   0x08002222   0x00000002   PAD
    0x08002224   0x08002224   0x0000000a   Code   RO          396    .text.HAL_GPIO_ReadPin  stm32f1xx_hal_gpio.o
    0x0800222e   0x0800222e   0x00000002   PAD
    0x08002230   0x08002230   0x0000000a   Code   RO          398    .text.HAL_GPIO_WritePin  stm32f1xx_hal_gpio.o
    0x0800223a   0x0800223a   0x00000002   PAD
    0x0800223c   0x0800223c   0x0000000c   Code   RO          292    .text.HAL_GetTick   stm32f1xx_hal.o
    0x08002248   0x08002248   0x00000176   Code   RO          613    .text.HAL_I2C_Init  stm32f1xx_hal_i2c.o
    0x080023be   0x080023be   0x00000002   PAD
    0x080023c0   0x080023c0   0x00000158   Code   RO          657    .text.HAL_I2C_Mem_Write  stm32f1xx_hal_i2c.o
    0x08002518   0x08002518   0x0000007a   Code   RO           61    .text.HAL_I2C_MspInit  i2c.o
    0x08002592   0x08002592   0x00000002   PAD
    0x08002594   0x08002594   0x0000001a   Code   RO          290    .text.HAL_IncTick   stm32f1xx_hal.o
    0x080025ae   0x080025ae   0x00000002   PAD
    0x080025b0   0x080025b0   0x00000026   Code   RO          280    .text.HAL_Init      stm32f1xx_hal.o
    0x080025d6   0x080025d6   0x00000002   PAD
    0x080025d8   0x080025d8   0x00000048   Code   RO          282    .text.HAL_InitTick  stm32f1xx_hal.o
    0x08002620   0x08002620   0x00000042   Code   RO          161    .text.HAL_MspInit   stm32f1xx_hal_msp.o
    0x08002662   0x08002662   0x00000002   PAD
    0x08002664   0x08002664   0x00000026   Code   RO          452    .text.HAL_NVIC_EnableIRQ  stm32f1xx_hal_cortex.o
    0x0800268a   0x0800268a   0x00000002   PAD
    0x0800268c   0x0800268c   0x00000056   Code   RO          450    .text.HAL_NVIC_SetPriority  stm32f1xx_hal_cortex.o
    0x080026e2   0x080026e2   0x00000002   PAD
    0x080026e4   0x080026e4   0x00000020   Code   RO          448    .text.HAL_NVIC_SetPriorityGrouping  stm32f1xx_hal_cortex.o
    0x08002704   0x08002704   0x000000f0   Code   RO          382    .text.HAL_RCCEx_GetPeriphCLKFreq  stm32f1xx_hal_rcc_ex.o
    0x080027f4   0x080027f4   0x0000010a   Code   RO          378    .text.HAL_RCCEx_PeriphCLKConfig  stm32f1xx_hal_rcc_ex.o
    0x080028fe   0x080028fe   0x00000002   PAD
    0x08002900   0x08002900   0x000001be   Code   RO          344    .text.HAL_RCC_ClockConfig  stm32f1xx_hal_rcc.o
    0x08002abe   0x08002abe   0x00000002   PAD
    0x08002ac0   0x08002ac0   0x00000026   Code   RO          356    .text.HAL_RCC_GetPCLK1Freq  stm32f1xx_hal_rcc.o
    0x08002ae6   0x08002ae6   0x00000002   PAD
    0x08002ae8   0x08002ae8   0x00000026   Code   RO          358    .text.HAL_RCC_GetPCLK2Freq  stm32f1xx_hal_rcc.o
    0x08002b0e   0x08002b0e   0x00000002   PAD
    0x08002b10   0x08002b10   0x000003b4   Code   RO          342    .text.HAL_RCC_OscConfig  stm32f1xx_hal_rcc.o
    0x08002ec4   0x08002ec4   0x0000002c   Code   RO          460    .text.HAL_SYSTICK_Config  stm32f1xx_hal_cortex.o
    0x08002ef0   0x08002ef0   0x00000002   Code   RO         1056    .text.HAL_TIMEx_BreakCallback  stm32f1xx_hal_tim_ex.o
    0x08002ef2   0x08002ef2   0x00000002   PAD
    0x08002ef4   0x08002ef4   0x00000002   Code   RO         1052    .text.HAL_TIMEx_CommutCallback  stm32f1xx_hal_tim_ex.o
    0x08002ef6   0x08002ef6   0x00000002   PAD
    0x08002ef8   0x08002ef8   0x0000007a   Code   RO         1046    .text.HAL_TIMEx_MasterConfigSynchronization  stm32f1xx_hal_tim_ex.o
    0x08002f72   0x08002f72   0x00000002   PAD
    0x08002f74   0x08002f74   0x000000ec   Code   RO          751    .text.HAL_TIM_Base_Init  stm32f1xx_hal_tim.o
    0x08003060   0x08003060   0x00000070   Code   RO           86    .text.HAL_TIM_Base_MspInit  tim.o
    0x080030d0   0x080030d0   0x0000006e   Code   RO          765    .text.HAL_TIM_Base_Start_IT  stm32f1xx_hal_tim.o
    0x0800313e   0x0800313e   0x00000002   PAD
    0x08003140   0x08003140   0x0000019c   Code   RO          931    .text.HAL_TIM_ConfigClockSource  stm32f1xx_hal_tim.o
    0x080032dc   0x080032dc   0x0000014c   Code   RO          865    .text.HAL_TIM_Encoder_Init  stm32f1xx_hal_tim.o
    0x08003428   0x08003428   0x000000a4   Code   RO           84    .text.HAL_TIM_Encoder_MspInit  tim.o
    0x080034cc   0x080034cc   0x000000bc   Code   RO          873    .text.HAL_TIM_Encoder_Start  stm32f1xx_hal_tim.o
    0x08003588   0x08003588   0x00000002   Code   RO          887    .text.HAL_TIM_IC_CaptureCallback  stm32f1xx_hal_tim.o
    0x0800358a   0x0800358a   0x00000002   PAD
    0x0800358c   0x0800358c   0x00000170   Code   RO          885    .text.HAL_TIM_IRQHandler  stm32f1xx_hal_tim.o
    0x080036fc   0x080036fc   0x00000002   Code   RO          889    .text.HAL_TIM_OC_DelayElapsedCallback  stm32f1xx_hal_tim.o
    0x080036fe   0x080036fe   0x00000002   PAD
    0x08003700   0x08003700   0x0000020c   Code   RO          905    .text.HAL_TIM_PWM_ConfigChannel  stm32f1xx_hal_tim.o
    0x0800390c   0x0800390c   0x000000ec   Code   RO          805    .text.HAL_TIM_PWM_Init  stm32f1xx_hal_tim.o
    0x080039f8   0x080039f8   0x00000002   Code   RO          807    .text.HAL_TIM_PWM_MspInit  stm32f1xx_hal_tim.o
    0x080039fa   0x080039fa   0x00000002   PAD
    0x080039fc   0x080039fc   0x00000002   Code   RO          891    .text.HAL_TIM_PWM_PulseFinishedCallback  stm32f1xx_hal_tim.o
    0x080039fe   0x080039fe   0x00000002   PAD
    0x08003a00   0x08003a00   0x000000de   Code   RO          813    .text.HAL_TIM_PWM_Start  stm32f1xx_hal_tim.o
    0x08003ade   0x08003ade   0x00000002   PAD
    0x08003ae0   0x08003ae0   0x000001f4   Code   RO         1314    .text.HAL_TIM_PeriodElapsedCallback  control.o
    0x08003cd4   0x08003cd4   0x00000002   Code   RO          895    .text.HAL_TIM_TriggerCallback  stm32f1xx_hal_tim.o
    0x08003cd6   0x08003cd6   0x00000002   PAD
    0x08003cd8   0x08003cd8   0x00000002   Code   RO         1154    .text.HAL_UARTEx_RxEventCallback  stm32f1xx_hal_uart.o
    0x08003cda   0x08003cda   0x00000002   PAD
    0x08003cdc   0x08003cdc   0x00000002   Code   RO         1152    .text.HAL_UART_ErrorCallback  stm32f1xx_hal_uart.o
    0x08003cde   0x08003cde   0x00000002   PAD
    0x08003ce0   0x08003ce0   0x00000560   Code   RO         1146    .text.HAL_UART_IRQHandler  stm32f1xx_hal_uart.o
    0x08004240   0x08004240   0x000000e2   Code   RO         1070    .text.HAL_UART_Init  stm32f1xx_hal_uart.o
    0x08004322   0x08004322   0x00000002   PAD
    0x08004324   0x08004324   0x00000182   Code   RO          108    .text.HAL_UART_MspInit  usart.o
    0x080044a6   0x080044a6   0x00000002   PAD
    0x080044a8   0x080044a8   0x00000052   Code   RO         1090    .text.HAL_UART_Receive_IT  stm32f1xx_hal_uart.o
    0x080044fa   0x080044fa   0x00000002   PAD
    0x080044fc   0x080044fc   0x0000012c   Code   RO         1639    .text.HAL_UART_RxCpltCallback  car.o
    0x08004628   0x08004628   0x000000bc   Code   RO         1094    .text.HAL_UART_Transmit_DMA  stm32f1xx_hal_uart.o
    0x080046e4   0x080046e4   0x00000002   Code   RO         1156    .text.HAL_UART_TxCpltCallback  stm32f1xx_hal_uart.o
    0x080046e6   0x080046e6   0x00000002   PAD
    0x080046e8   0x080046e8   0x00000002   Code   RO         1158    .text.HAL_UART_TxHalfCpltCallback  stm32f1xx_hal_uart.o
    0x080046ea   0x080046ea   0x00000002   PAD
    0x080046ec   0x080046ec   0x00000002   Code   RO          126    .text.HardFault_Handler  stm32f1xx_it.o
    0x080046ee   0x080046ee   0x00000002   PAD
    0x080046f0   0x080046f0   0x000000c8   Code   RO          659    .text.I2C_RequestMemoryWrite  stm32f1xx_hal_i2c.o
    0x080047b8   0x080047b8   0x000000be   Code   RO          627    .text.I2C_WaitOnBTFFlagUntilTimeout  stm32f1xx_hal_i2c.o
    0x08004876   0x08004876   0x00000002   PAD
    0x08004878   0x08004878   0x000001d2   Code   RO          623    .text.I2C_WaitOnFlagUntilTimeout  stm32f1xx_hal_i2c.o
    0x08004a4a   0x08004a4a   0x00000002   PAD
    0x08004a4c   0x08004a4c   0x000000e0   Code   RO          741    .text.I2C_WaitOnMasterAddressFlagUntilTimeout  stm32f1xx_hal_i2c.o
    0x08004b2c   0x08004b2c   0x000000be   Code   RO          625    .text.I2C_WaitOnTXEFlagUntilTimeout  stm32f1xx_hal_i2c.o
    0x08004bea   0x08004bea   0x00000002   PAD
    0x08004bec   0x08004bec   0x00000088   Code   RO         1637    .text.Key_Proc      car.o
    0x08004c74   0x08004c74   0x00000096   Code   RO         1256    .text.Location_PID_Realize  pid.o
    0x08004d0a   0x08004d0a   0x00000002   PAD
    0x08004d0c   0x08004d0c   0x00000058   Code   RO           35    .text.MX_ADC1_Init  adc.o
    0x08004d64   0x08004d64   0x00000044   Code   RO           50    .text.MX_DMA_Init   dma.o
    0x08004da8   0x08004da8   0x00000120   Code   RO           26    .text.MX_GPIO_Init  gpio.o
    0x08004ec8   0x08004ec8   0x00000042   Code   RO           59    .text.MX_I2C1_Init  i2c.o
    0x08004f0a   0x08004f0a   0x00000002   PAD
    0x08004f0c   0x08004f0c   0x00000070   Code   RO           74    .text.MX_TIM1_Init  tim.o
    0x08004f7c   0x08004f7c   0x00000134   Code   RO           76    .text.MX_TIM2_Init  tim.o
    0x080050b0   0x080050b0   0x0000006a   Code   RO           80    .text.MX_TIM3_Init  tim.o
    0x0800511a   0x0800511a   0x00000002   PAD
    0x0800511c   0x0800511c   0x00000078   Code   RO           82    .text.MX_TIM4_Init  tim.o
    0x08005194   0x08005194   0x0000003c   Code   RO          104    .text.MX_USART1_UART_Init  usart.o
    0x080051d0   0x080051d0   0x0000003c   Code   RO          106    .text.MX_USART2_UART_Init  usart.o
    0x0800520c   0x0800520c   0x00000002   Code   RO          128    .text.MemManage_Handler  stm32f1xx_it.o
    0x0800520e   0x0800520e   0x00000002   PAD
    0x08005210   0x08005210   0x0000002a   Code   RO         1280    .text.Motor_Init    motor.o
    0x0800523a   0x0800523a   0x00000002   PAD
    0x0800523c   0x0800523c   0x00000050   Code   RO         1286    .text.Motor_Stop    motor.o
    0x0800528c   0x0800528c   0x00000002   Code   RO          124    .text.NMI_Handler   stm32f1xx_it.o
    0x0800528e   0x0800528e   0x00000002   PAD
    0x08005290   0x08005290   0x00000012   Code   RO         1302    .text.Nlaps_Encoder_Cnt  encoder.o
    0x080052a2   0x080052a2   0x00000002   PAD
    0x080052a4   0x080052a4   0x0000009c   Code   RO         1215    .text.OLED_DisplayTurn  bsp_oled.o
    0x08005340   0x08005340   0x000000a8   Code   RO         1219    .text.OLED_Fill     bsp_oled.o
    0x080053e8   0x080053e8   0x000002c8   Code   RO         1209    .text.OLED_Init     bsp_oled.o
    0x080056b0   0x080056b0   0x00000504   Code   RO         1336    .text.OLED_Proc     control.o
    0x08005bb4   0x08005bb4   0x00000476   Code   RO         1225    .text.OLED_ShowStr  bsp_oled.o
    0x0800602a   0x0800602a   0x00000002   PAD
    0x0800602c   0x0800602c   0x00000036   Code   RO         1250    .text.PID_Init      pid.o
    0x08006062   0x08006062   0x00000002   PAD
    0x08006064   0x08006064   0x00000026   Code   RO         1338    .text.Param_Init    control.o
    0x0800608a   0x0800608a   0x00000002   PAD
    0x0800608c   0x0800608c   0x00000002   Code   RO          138    .text.PendSV_Handler  stm32f1xx_it.o
    0x0800608e   0x0800608e   0x00000002   PAD
    0x08006090   0x08006090   0x000000a0   Code   RO         1264    .text.Position_PID_Realize1  pid.o
    0x08006130   0x08006130   0x00000002   Code   RO          134    .text.SVC_Handler   stm32f1xx_it.o
    0x08006132   0x08006132   0x00000002   PAD
    0x08006134   0x08006134   0x0000008e   Code   RO         1284    .text.Set_PWM       motor.o
    0x080061c2   0x080061c2   0x00000002   PAD
    0x080061c4   0x080061c4   0x00000030   Code   RO         1254    .text.Straight_Trail_Dis_Init  pid.o
    0x080061f4   0x080061f4   0x00000004   Code   RO          140    .text.SysTick_Handler  stm32f1xx_it.o
    0x080061f8   0x080061f8   0x00000002   Code   RO         1190    .text.SystemInit    system_stm32f1xx.o
    0x080061fa   0x080061fa   0x00000002   PAD
    0x080061fc   0x080061fc   0x0000000c   Code   RO          146    .text.TIM2_IRQHandler  stm32f1xx_it.o
    0x08006208   0x08006208   0x0000000c   Code   RO          148    .text.TIM4_IRQHandler  stm32f1xx_it.o
    0x08006214   0x08006214   0x00000150   Code   RO         1332    .text.TraceMoveWithDis  control.o
    0x08006364   0x08006364   0x00000036   Code   RO         1617    .text.Track_Init    track.o
    0x0800639a   0x0800639a   0x00000002   PAD
    0x0800639c   0x0800639c   0x00000042   Code   RO         1268    .text.Turn_PID_Realize  pid.o
    0x080063de   0x080063de   0x00000002   PAD
    0x080063e0   0x080063e0   0x0000000c   Code   RO         1150    .text.UART_DMAAbortOnError  stm32f1xx_hal_uart.o
    0x080063ec   0x080063ec   0x0000017c   Code   RO         1100    .text.UART_DMAError  stm32f1xx_hal_uart.o
    0x08006568   0x08006568   0x000000b0   Code   RO         1096    .text.UART_DMATransmitCplt  stm32f1xx_hal_uart.o
    0x08006618   0x08006618   0x00000006   Code   RO         1098    .text.UART_DMATxHalfCplt  stm32f1xx_hal_uart.o
    0x0800661e   0x0800661e   0x00000002   PAD
    0x08006620   0x08006620   0x000000fe   Code   RO         1148    .text.UART_Receive_IT  stm32f1xx_hal_uart.o
    0x0800671e   0x0800671e   0x00000002   PAD
    0x08006720   0x08006720   0x0000000c   Code   RO          150    .text.USART1_IRQHandler  stm32f1xx_it.o
    0x0800672c   0x0800672c   0x0000000c   Code   RO          152    .text.USART2_IRQHandler  stm32f1xx_it.o
    0x08006738   0x08006738   0x00000002   Code   RO          132    .text.UsageFault_Handler  stm32f1xx_it.o
    0x0800673a   0x0800673a   0x00000002   PAD
    0x0800673c   0x0800673c   0x00000096   Code   RO         1258    .text.Velocity_PID_Realize  pid.o
    0x080067d2   0x080067d2   0x00000002   PAD
    0x080067d4   0x080067d4   0x00000096   Code   RO         1260    .text.Velocity_PID_Realize1  pid.o
    0x0800686a   0x0800686a   0x00000002   PAD
    0x0800686c   0x0800686c   0x00000060   Code   RO         1318    .text.Vofa_Proc     control.o
    0x080068cc   0x080068cc   0x00000008   Code   RO         1282    .text.gfp_abs       motor.o
    0x080068d4   0x080068d4   0x00000104   Code   RO           11    .text.main          main.o
    0x080069d8   0x080069d8   0x00000046   Code   RO         1316    .text.print         control.o
    0x08006a1e   0x08006a1e   0x00000002   PAD
    0x08006a20   0x08006a20   0x00000028   Code   RO         1910    i.__0sprintf        mc_w.l(printfa.o)
    0x08006a48   0x08006a48   0x00000024   Code   RO         1914    i.__0vsprintf       mc_w.l(printfa.o)
    0x08006a6c   0x08006a6c   0x0000000e   Code   RO         2068    i.__scatterload_copy  mc_w.l(handlers.o)
    0x08006a7a   0x08006a7a   0x00000002   Code   RO         2069    i.__scatterload_null  mc_w.l(handlers.o)
    0x08006a7c   0x08006a7c   0x0000000e   Code   RO         2070    i.__scatterload_zeroinit  mc_w.l(handlers.o)
    0x08006a8a   0x08006a8a   0x00000002   PAD
    0x08006a8c   0x08006a8c   0x00000184   Code   RO         1915    i._fp_digits        mc_w.l(printfa.o)
    0x08006c10   0x08006c10   0x000006dc   Code   RO         1916    i._printf_core      mc_w.l(printfa.o)
    0x080072ec   0x080072ec   0x00000024   Code   RO         1917    i._printf_post_padding  mc_w.l(printfa.o)
    0x08007310   0x08007310   0x0000002e   Code   RO         1918    i._printf_pre_padding  mc_w.l(printfa.o)
    0x0800733e   0x0800733e   0x0000000a   Code   RO         1920    i._sputc            mc_w.l(printfa.o)
    0x08007348   0x08007348   0x00000010   Data   RO         1195    .rodata.AHBPrescTable  system_stm32f1xx.o
    0x08007358   0x08007358   0x00000008   Data   RO         1196    .rodata.APBPrescTable  system_stm32f1xx.o
    0x08007360   0x08007360   0x00000228   Data   RO         1240    .rodata.F6x8        bsp_oled.o
    0x08007588   0x08007588   0x000005f0   Data   RO         1241    .rodata.F8X16       bsp_oled.o
    0x08007b78   0x08007b78   0x00000002   Data   RO          369    .rodata.HAL_RCC_GetSysClockFreq.aPredivFactorTable  stm32f1xx_hal_rcc.o
    0x08007b7a   0x08007b7a   0x00000010   Data   RO          368    .rodata.cst16       stm32f1xx_hal_rcc.o
    0x08007b8a   0x08007b8a   0x000000ff   Data   RO         1344    .rodata.str1.1      control.o
    0x08007c89   0x08007c89   0x00000003   PAD
    0x08007c8c   0x08007c8c   0x00000020   Data   RO         2067    Region$$Table       anon$$obj.o


    Execution Region RW_IRAM1 (Exec base: 0x20000000, Load base: 0x08007cb0, Size: 0x00000868, Max: 0x00005000, ABSOLUTE)

    Exec Addr    Load Addr    Size         Type   Attr      Idx    E Section Name        Object

    0x20000000   0x08007cb0   0x00000008   Data   RW          331    .data..L_MergedGlobals  stm32f1xx_hal.o
    0x20000008   0x08007cb8   0x00000020   Data   RW         1623    .data..L_MergedGlobals  track.o
    0x20000028   0x08007cd8   0x00000004   Data   RW         1194    .data.SystemCoreClock  system_stm32f1xx.o
    0x2000002c   0x08007cdc   0x00000004   Data   RW         1342    .data.WheelOneCircleDis  control.o
    0x20000030        -       0x00000074   Zero   RW         1270    .bss..L_MergedGlobals  pid.o
    0x200000a4        -       0x00000033   Zero   RW         1345    .bss..L_MergedGlobals  control.o
    0x200000d7   0x08007ce0   0x00000001   PAD
    0x200000d8        -       0x00000020   Zero   RW         1641    .bss..L_MergedGlobals  car.o
    0x200000f8        -       0x0000003c   Zero   RW         1271    .bss..L_MergedGlobals.1  pid.o
    0x20000134        -       0x00000028   Zero   RW         1624    .bss..L_MergedGlobals.8  track.o
    0x2000015c        -       0x00000020   Zero   RW         1288    .bss.Motor1         motor.o
    0x2000017c        -       0x00000020   Zero   RW         1289    .bss.Motor2         motor.o
    0x2000019c        -       0x00000004   Zero   RW           17    .bss.TraceDate      main.o
    0x200001a0        -       0x00000004   Zero   RW         1343    .bss.Vofa_Proc.uwTick_VOFA_Speed  control.o
    0x200001a4        -       0x00000030   Zero   RW           41    .bss.hadc1          adc.o
    0x200001d4        -       0x00000044   Zero   RW          114    .bss.hdma_usart1_rx  usart.o
    0x20000218        -       0x00000044   Zero   RW          115    .bss.hdma_usart1_tx  usart.o
    0x2000025c        -       0x00000054   Zero   RW           65    .bss.hi2c1          i2c.o
    0x200002b0        -       0x00000048   Zero   RW           92    .bss.htim1          tim.o
    0x200002f8        -       0x00000048   Zero   RW           93    .bss.htim2          tim.o
    0x20000340        -       0x00000048   Zero   RW           94    .bss.htim3          tim.o
    0x20000388        -       0x00000048   Zero   RW           95    .bss.htim4          tim.o
    0x200003d0        -       0x00000048   Zero   RW          112    .bss.huart1         usart.o
    0x20000418        -       0x00000048   Zero   RW          113    .bss.huart2         usart.o
    0x20000460        -       0x00000004   Zero   RW          330    .bss.uwTick         stm32f1xx_hal.o
    0x20000464   0x08007ce0   0x00000004   PAD
    0x20000468        -       0x00000400   Zero   RW            1    STACK               startup_stm32f103xb.o


==============================================================================

Image component sizes


      Code (inc. data)   RO Data    RW Data    ZI Data      Debug   Object Name

       224          0          0          0         48       4152   adc.o
      2178          0       2072          0          0      17116   bsp_oled.o
       934        296          0          0         32       5600   car.o
      3964        206        255          4         55      16220   control.o
        68          0          0          0          0       2197   dma.o
       118          0          0          0          0       4563   encoder.o
       288          0          0          0          0       1668   gpio.o
       188          0          0          0         84       4750   i2c.o
       270          0          0          0          4       2761   main.o
       272          0          0          0         64       5055   motor.o
        72          0          0          0          0       1926   myadc.o
       778          0          0          0        176       3770   pid.o
        36          8        236          0       1024        808   startup_stm32f103xb.o
       188          0          0          8          4       5769   stm32f1xx_hal.o
      1752          0          0          0          0      13244   stm32f1xx_hal_adc.o
       200          0          0          0          0       8527   stm32f1xx_hal_cortex.o
       956          0          0          0          0       8466   stm32f1xx_hal_dma.o
       558         22          0          0          0       4597   stm32f1xx_hal_gpio.o
      1988          0          0          0          0      42579   stm32f1xx_hal_i2c.o
        66          0          0          0          0       1223   stm32f1xx_hal_msp.o
      1470          0         18          0          0       7699   stm32f1xx_hal_rcc.o
       506         20          0          0          0       3600   stm32f1xx_hal_rcc_ex.o
      2638          6          0          0          0      55186   stm32f1xx_hal_tim.o
       126          0          0          0          0      20753   stm32f1xx_hal_tim_ex.o
      2708          0          0          0          0      32358   stm32f1xx_hal_uart.o
        92          0          0          0          0       6024   stm32f1xx_it.o
         2          0         24          4          0       1649   system_stm32f1xx.o
       922          0          0          0        288       8800   tim.o
       372          0          0         32         40       2556   track.o
       506          0          0          0        280       6279   usart.o

    ----------------------------------------------------------------------
     24576        558       2640         48       2104     299895   Object Totals
         0          0         32          0          0          0   (incl. Generated)
       136          0          3          0          5          0   (incl. Padding)

    ----------------------------------------------------------------------

      Code (inc. data)   RO Data    RW Data    ZI Data      Debug   Library Member Name

         0          0          0          0          0          0   entry.o
         0          0          0          0          0          0   entry10a.o
         0          0          0          0          0          0   entry11a.o
         8          4          0          0          0          0   entry2.o
         4          0          0          0          0          0   entry5.o
         0          0          0          0          0          0   entry7b.o
         0          0          0          0          0          0   entry8b.o
         8          4          0          0          0          0   entry9a.o
        30          0          0          0          0          0   handlers.o
        36          8          0          0          0         68   init.o
         0          0          0          0          0          0   iusefp.o
        30          0          0          0          0         68   llshl.o
        36          0          0          0          0         68   llsshr.o
        32          0          0          0          0         68   llushr.o
        36          0          0          0          0        108   memseta.o
      2312         92          0          0          0        600   printfa.o
        14          0          0          0          0         68   strlen.o
        36          0          0          0          0         80   strstr.o
        44          0          0          0          0         80   uidiv.o
        98          0          0          0          0         92   uldiv.o
        48          0          0          0          0         68   cdrcmple.o
        56          0          0          0          0         88   d2f.o
       334          0          0          0          0        148   dadd.o
        54          0          0          0          0         80   dcmpge.o
       222          0          0          0          0        100   ddiv.o
       186          0          0          0          0        176   depilogue.o
        62          0          0          0          0         80   dfixi.o
        48          0          0          0          0         68   dfixul.o
        34          0          0          0          0         76   dflti.o
       228          0          0          0          0         96   dmul.o
        38          0          0          0          0         68   f2d.o
       176          0          0          0          0        140   fadd.o
        28          0          0          0          0         68   fcmpge.o
        28          0          0          0          0         68   fcmpgt.o
        28          0          0          0          0         68   fcmplt.o
       124          0          0          0          0         88   fdiv.o
       110          0          0          0          0        168   fepilogue.o
        50          0          0          0          0         68   ffixi.o
        18          0          0          0          0         68   fflti.o
       100          0          0          0          0         76   fmul.o

    ----------------------------------------------------------------------
      4700        108          0          0          0       3160   Library Totals
         4          0          0          0          0          0   (incl. Padding)

    ----------------------------------------------------------------------

      Code (inc. data)   RO Data    RW Data    ZI Data      Debug   Library Name

      2724        108          0          0          0       1300   mc_w.l
      1972          0          0          0          0       1860   mf_w.l

    ----------------------------------------------------------------------
      4700        108          0          0          0       3160   Library Totals

    ----------------------------------------------------------------------

==============================================================================


      Code (inc. data)   RO Data    RW Data    ZI Data      Debug   

     29276        666       2640         48       2104     300931   Grand Totals
     29276        666       2640         48       2104     300931   ELF Image Totals
     29276        666       2640         48          0          0   ROM Totals

==============================================================================

    Total RO  Size (Code + RO Data)                31916 (  31.17kB)
    Total RW  Size (RW Data + ZI Data)              2152 (   2.10kB)
    Total ROM Size (Code + RO Data + RW Data)      31964 (  31.21kB)

==============================================================================

