<html>
<body>
<pre>
<h1>µVision Build Log</h1>
<h2>Tool Versions:</h2>
IDE-Version: ¦ÌVision V5.38.0.0
Copyright (C) 2022 ARM Ltd and ARM Germany GmbH. All rights reserved.
License Information: 11 KaiXin
1
User-based license: Keil MDK Community
Valid until: Jun 1 2033. Cached until: Aug 28 2023
 
Tool Versions:
Toolchain:       Keil MDK Community  Version: 5.38.0.0
Toolchain Path:  D:\keil\Keil_v5\ARM\ARMCLANG\Bin
C Compiler:      ArmClang.exe V6.19
Assembler:       Armasm.exe V6.19
Linker/Locator:  ArmLink.exe V6.19
Library Manager: ArmAr.exe V6.19
Hex Converter:   FromElf.exe V6.19
CPU DLL:         SARMCM3.DLL V5.38.0.0
Dialog DLL:      DCM.DLL V1.17.5.0
Target DLL:      CMSIS_AGDI.dll V1.33.15.0
Dialog DLL:      TCM.DLL V1.56.4.0
 
<h2>Project:</h2>
D:\Program Files\learn_stm32\Labyrinth_trolley\keil\E_race3\MDK-ARM\E_race.uvprojx
Project File Date:  08/20/2023

<h2>Output:</h2>
*** Using Compiler 'V6.19', folder: 'D:\keil\Keil_v5\ARM\ARMCLANG\Bin'
Build target 'E_race'
compiling key.c...
compiling contorl.c...
linking...
Program Size: Code=37614 RO-data=3190 RW-data=84 ZI-data=2668  
FromELF: creating hex file...
"E_race\E_race.axf" - 0 Error(s), 0 Warning(s).

<h2>Software Packages used:</h2>

Package Vendor: ARM
                http://www.keil.com/pack/ARM.CMSIS.5.9.0.pack
                ARM.CMSIS.5.9.0
                CMSIS (Common Microcontroller Software Interface Standard)
   * Component: CORE Version: 5.6.0

Package Vendor: Keil
                http://www.keil.com/pack/Keil.STM32F1xx_DFP.2.4.0.pack
                Keil.STM32F1xx_DFP.2.4.0
                STMicroelectronics STM32F1 Series Device Support, Drivers and Examples

<h2>Collection of Component include folders:</h2>
  ./RTE/_E_race
  D:/keil/Loca/Arm/Packs/ARM/CMSIS/5.9.0/CMSIS/Core/Include
  D:/keil/Loca/Arm/Packs/Keil/STM32F1xx_DFP/2.4.0/Device/Include

<h2>Collection of Component Files used:</h2>

   * Component: ARM::CMSIS:CORE:5.6.0
      Include file:  CMSIS/Core/Include/tz_context.h
Build Time Elapsed:  00:00:03
</pre>
</body>
</html>
