<html>
<body>
<pre>
<h1>礦ision Build Log</h1>
<h2>Tool Versions:</h2>
IDE-Version: μVision V5.41.0.0
Copyright (C) 2024 ARM Ltd and ARM Germany GmbH. All rights reserved.
License Information: KAIXIN KAIXIN, KAIXIN, LIC=RC93N-YE0BQ-2ZEW4-F3TF2-KMD3H-E198E
 
Tool Versions:
Toolchain:       MDK-ARM Plus  Version: 5.41.0.0
Toolchain Path:  D:\My_UseSoftware\Keil_MDKArm\Keil_v5\ARM\ARMCLANG\Bin
C Compiler:      ArmClang.exe V6.22
Assembler:       Armasm.exe V6.22
Linker/Locator:  ArmLink.exe V6.22
Library Manager: ArmAr.exe V6.22
Hex Converter:   FromElf.exe V6.22
CPU DLL:         SARMCM3.DLL V5.41.0.0
Dialog DLL:      DCM.DLL V1.17.5.0
Target DLL:      CMSIS_AGDI.dll V1.33.21.0
Dialog DLL:      TCM.DLL V1.56.4.0
 
<h2>Project:</h2>
D:\Embedded_Platform\github\open_source_embedded\Open-Source-Embedded\运动目标控制与自动追踪系统\MDK-ARM\E_race.uvprojx
Project File Date:  08/17/2026

<h2>Output:</h2>
*** Using Compiler 'V6.22', folder: 'D:\My_UseSoftware\Keil_MDKArm\Keil_v5\ARM\ARMCLANG\Bin'
Rebuild target 'E_race'
assembling startup_stm32f103xb.s...
compiling gpio.c...
compiling dma.c...
compiling stm32f1xx_hal.c...
compiling main.c...
compiling stm32f1xx_hal_gpio_ex.c...
compiling i2c.c...
compiling stm32f1xx_hal_msp.c...
compiling usart.c...
compiling tim.c...
compiling stm32f1xx_hal_rcc_ex.c...
compiling stm32f1xx_it.c...
compiling stm32f1xx_hal_gpio.c...
compiling stm32f1xx_hal_rcc.c...
compiling stm32f1xx_hal_dma.c...
compiling stm32f1xx_hal_cortex.c...
compiling stm32f1xx_hal_pwr.c...
compiling stm32f1xx_hal_flash.c...
compiling stm32f1xx_hal_flash_ex.c...
compiling stm32f1xx_hal_exti.c...
compiling system_stm32f1xx.c...
compiling pid.c...
compiling uart.c...
compiling stm32f1xx_hal_tim_ex.c...
compiling servo.c...
compiling key.c...
compiling contorl.c...
compiling bsp_oled.c...
compiling stm32f1xx_hal_uart.c...
compiling stm32f1xx_hal_i2c.c...
compiling stm32f1xx_hal_tim.c...
linking...
Program Size: Code=37538 RO-data=3190 RW-data=84 ZI-data=2668  
FromELF: creating hex file...
"E_race\E_race.axf" - 0 Error(s), 0 Warning(s).

<h2>Software Packages used:</h2>

Package Vendor: ARM
                https://www.keil.com/pack/ARM.CMSIS.6.1.0.pack
                ARM::CMSIS@6.1.0
                CMSIS (Common Microcontroller Software Interface Standard)
   * Component: CORE Version: 6.1.0

Package Vendor: Keil
                https://www.keil.com/pack/Keil.STM32F1xx_DFP.2.4.1.pack
                Keil::STM32F1xx_DFP@2.4.1
                STMicroelectronics STM32F1 Series Device Support, Drivers and Examples

<h2>Collection of Component include folders:</h2>
  ./RTE/_E_race
  D:/My_UseSoftware/Keil_MDKArm/Keil_Arm/Packs/ARM/CMSIS/6.1.0/CMSIS/Core/Include
  D:/My_UseSoftware/Keil_MDKArm/Keil_Arm/Packs/Keil/STM32F1xx_DFP/2.4.1/Device/Include

<h2>Collection of Component Files used:</h2>

   * Component: ARM::CMSIS:CORE@6.1.0
      Include file:  CMSIS/Core/Include/tz_context.h
Build Time Elapsed:  00:00:02
</pre>
</body>
</html>
